Archive member included to satisfy reference by file (symbol)

MiddleWare/FreeRTOS/libfreertos.a(port.c.obj)
                              Application/CMakeFiles/app.dir/Src/app.cpp.obj (vPortEnterCritical)
MiddleWare/FreeRTOS/libfreertos.a(tasks.c.obj)
                              MiddleWare/FreeRTOS/libfreertos.a(port.c.obj) (pxCurrentTCB)
MiddleWare/FreeRTOS/libfreertos.a(heap_4.c.obj)
                              MiddleWare/FreeRTOS/libfreertos.a(tasks.c.obj) (pvPortMalloc)
MiddleWare/FreeRTOS/libfreertos.a(list.c.obj)
                              MiddleWare/FreeRTOS/libfreertos.a(tasks.c.obj) (vListInitialise)
D:/arm32-none-none-gnueabi-toolchain/arm-gnu-toolchain-15.2.rel1-mingw-w64-x86_64-arm-none-eabi/bin/../lib/gcc/arm-none-eabi/15.2.1/../../../../arm-none-eabi/lib/thumb/v7-m/nofp\libstdc++_nano.a(atexit_arm.o)
                              Application/CMakeFiles/app.dir/Src/app.cpp.obj (__aeabi_atexit)
D:/arm32-none-none-gnueabi-toolchain/arm-gnu-toolchain-15.2.rel1-mingw-w64-x86_64-arm-none-eabi/bin/../lib/gcc/arm-none-eabi/15.2.1/../../../../arm-none-eabi/lib/thumb/v7-m/nofp\libstdc++_nano.a(del_ops.o)
                              Devices/CMakeFiles/devices.dir/Src/mpu6050.cpp.obj (operator delete(void*, unsigned int))
D:/arm32-none-none-gnueabi-toolchain/arm-gnu-toolchain-15.2.rel1-mingw-w64-x86_64-arm-none-eabi/bin/../lib/gcc/arm-none-eabi/15.2.1/../../../../arm-none-eabi/lib/thumb/v7-m/nofp\libstdc++_nano.a(new_op.o)
                              Soft_Drivers/CMakeFiles/soft_drivers.dir/Src/my_i2c.cpp.obj (operator new(unsigned int))
D:/arm32-none-none-gnueabi-toolchain/arm-gnu-toolchain-15.2.rel1-mingw-w64-x86_64-arm-none-eabi/bin/../lib/gcc/arm-none-eabi/15.2.1/../../../../arm-none-eabi/lib/thumb/v7-m/nofp\libstdc++_nano.a(functexcept.o)
                              Soft_Drivers/CMakeFiles/soft_drivers.dir/Src/my_i2c.cpp.obj (std::__throw_bad_alloc())
D:/arm32-none-none-gnueabi-toolchain/arm-gnu-toolchain-15.2.rel1-mingw-w64-x86_64-arm-none-eabi/bin/../lib/gcc/arm-none-eabi/15.2.1/../../../../arm-none-eabi/lib/thumb/v7-m/nofp\libstdc++_nano.a(del_op.o)
                              D:/arm32-none-none-gnueabi-toolchain/arm-gnu-toolchain-15.2.rel1-mingw-w64-x86_64-arm-none-eabi/bin/../lib/gcc/arm-none-eabi/15.2.1/../../../../arm-none-eabi/lib/thumb/v7-m/nofp\libstdc++_nano.a(del_ops.o) (operator delete(void*))
D:/arm32-none-none-gnueabi-toolchain/arm-gnu-toolchain-15.2.rel1-mingw-w64-x86_64-arm-none-eabi/bin/../lib/gcc/arm-none-eabi/15.2.1/../../../../arm-none-eabi/lib/thumb/v7-m/nofp\libstdc++_nano.a(new_handler.o)
                              D:/arm32-none-none-gnueabi-toolchain/arm-gnu-toolchain-15.2.rel1-mingw-w64-x86_64-arm-none-eabi/bin/../lib/gcc/arm-none-eabi/15.2.1/../../../../arm-none-eabi/lib/thumb/v7-m/nofp\libstdc++_nano.a(new_op.o) (std::get_new_handler())
D:/arm32-none-none-gnueabi-toolchain/arm-gnu-toolchain-15.2.rel1-mingw-w64-x86_64-arm-none-eabi/bin/../lib/gcc/arm-none-eabi/15.2.1/../../../../arm-none-eabi/lib/thumb/v7-m/nofp\libg_nano.a(libc_a-abort.o)
                              D:/arm32-none-none-gnueabi-toolchain/arm-gnu-toolchain-15.2.rel1-mingw-w64-x86_64-arm-none-eabi/bin/../lib/gcc/arm-none-eabi/15.2.1/../../../../arm-none-eabi/lib/thumb/v7-m/nofp\libstdc++_nano.a(new_op.o) (abort)
D:/arm32-none-none-gnueabi-toolchain/arm-gnu-toolchain-15.2.rel1-mingw-w64-x86_64-arm-none-eabi/bin/../lib/gcc/arm-none-eabi/15.2.1/../../../../arm-none-eabi/lib/thumb/v7-m/nofp\libg_nano.a(libc_a-exit.o)
                              D:/arm32-none-none-gnueabi-toolchain/arm-gnu-toolchain-15.2.rel1-mingw-w64-x86_64-arm-none-eabi/bin/../lib/gcc/arm-none-eabi/15.2.1/../../../../arm-none-eabi/lib/thumb/v7-m/nofp/crt0.o (exit)
D:/arm32-none-none-gnueabi-toolchain/arm-gnu-toolchain-15.2.rel1-mingw-w64-x86_64-arm-none-eabi/bin/../lib/gcc/arm-none-eabi/15.2.1/../../../../arm-none-eabi/lib/thumb/v7-m/nofp\libg_nano.a(libc_a-malloc.o)
                              D:/arm32-none-none-gnueabi-toolchain/arm-gnu-toolchain-15.2.rel1-mingw-w64-x86_64-arm-none-eabi/bin/../lib/gcc/arm-none-eabi/15.2.1/../../../../arm-none-eabi/lib/thumb/v7-m/nofp\libstdc++_nano.a(new_op.o) (malloc)
D:/arm32-none-none-gnueabi-toolchain/arm-gnu-toolchain-15.2.rel1-mingw-w64-x86_64-arm-none-eabi/bin/../lib/gcc/arm-none-eabi/15.2.1/../../../../arm-none-eabi/lib/thumb/v7-m/nofp\libg_nano.a(libc_a-mallocr.o)
                              D:/arm32-none-none-gnueabi-toolchain/arm-gnu-toolchain-15.2.rel1-mingw-w64-x86_64-arm-none-eabi/bin/../lib/gcc/arm-none-eabi/15.2.1/../../../../arm-none-eabi/lib/thumb/v7-m/nofp\libg_nano.a(libc_a-malloc.o) (_malloc_r)
D:/arm32-none-none-gnueabi-toolchain/arm-gnu-toolchain-15.2.rel1-mingw-w64-x86_64-arm-none-eabi/bin/../lib/gcc/arm-none-eabi/15.2.1/../../../../arm-none-eabi/lib/thumb/v7-m/nofp\libg_nano.a(libc_a-mlock.o)
[...]
Memory Configuration

Name             Origin             Length             Attributes
RAM              0x20000000         0x00010000         xrw
FLASH            0x08000000         0x00080000         xr
*default*        0x00000000         0xffffffff

Linker script and memory map

LOAD D:/arm32-none-none-gnueabi-toolchain/arm-gnu-toolchain-15.2.rel1-mingw-w64-x86_64-arm-none-eabi/bin/../lib/gcc/arm-none-eabi/15.2.1/thumb/v7-m/nofp/crti.o
LOAD D:/arm32-none-none-gnueabi-toolchain/arm-gnu-toolchain-15.2.rel1-mingw-w64-x86_64-arm-none-eabi/bin/../lib/gcc/arm-none-eabi/15.2.1/thumb/v7-m/nofp/crtbegin.o
LOAD D:/arm32-none-none-gnueabi-toolchain/arm-gnu-toolchain-15.2.rel1-mingw-w64-x86_64-arm-none-eabi/bin/../lib/gcc/arm-none-eabi/15.2.1/../../../../arm-none-eabi/lib/thumb/v7-m/nofp/crt0.o
LOAD cmake/stm32cubemx/CMakeFiles/STM32_Drivers.dir/__/__/Core/Src/system_stm32f1xx.c.obj
LOAD cmake/stm32cubemx/CMakeFiles/STM32_Drivers.dir/__/__/Drivers/STM32F1xx_HAL_Driver/Src/stm32f1xx_hal_gpio_ex.c.obj
LOAD cmake/stm32cubemx/CMakeFiles/STM32_Drivers.dir/__/__/Drivers/STM32F1xx_HAL_Driver/Src/stm32f1xx_hal_tim.c.obj
LOAD cmake/stm32cubemx/CMakeFiles/STM32_Drivers.dir/__/__/Drivers/STM32F1xx_HAL_Driver/Src/stm32f1xx_hal_tim_ex.c.obj
LOAD cmake/stm32cubemx/CMakeFiles/STM32_Drivers.dir/__/__/Drivers/STM32F1xx_HAL_Driver/Src/stm32f1xx_hal.c.obj
LOAD cmake/stm32cubemx/CMakeFiles/STM32_Drivers.dir/__/__/Drivers/STM32F1xx_HAL_Driver/Src/stm32f1xx_hal_rcc.c.obj
LOAD cmake/stm32cubemx/CMakeFiles/STM32_Drivers.dir/__/__/Drivers/STM32F1xx_HAL_Driver/Src/stm32f1xx_hal_rcc_ex.c.obj
LOAD cmake/stm32cubemx/CMakeFiles/STM32_Drivers.dir/__/__/Drivers/STM32F1xx_HAL_Driver/Src/stm32f1xx_hal_gpio.c.obj
LOAD cmake/stm32cubemx/CMakeFiles/STM32_Drivers.dir/__/__/Drivers/STM32F1xx_HAL_Driver/Src/stm32f1xx_hal_dma.c.obj
LOAD cmake/stm32cubemx/CMakeFiles/STM32_Drivers.dir/__/__/Drivers/STM32F1xx_HAL_Driver/Src/stm32f1xx_hal_cortex.c.obj
LOAD cmake/stm32cubemx/CMakeFiles/STM32_Drivers.dir/__/__/Drivers/STM32F1xx_HAL_Driver/Src/stm32f1xx_hal_pwr.c.obj
LOAD cmake/stm32cubemx/CMakeFiles/STM32_Drivers.dir/__/__/Drivers/STM32F1xx_HAL_Driver/Src/stm32f1xx_hal_flash.c.obj
LOAD cmake/stm32cubemx/CMakeFiles/STM32_Drivers.dir/__/__/Drivers/STM32F1xx_HAL_Driver/Src/stm32f1xx_hal_flash_ex.c.obj
LOAD cmake/stm32cubemx/CMakeFiles/STM32_Drivers.dir/__/__/Drivers/STM32F1xx_HAL_Driver/Src/stm32f1xx_hal_exti.c.obj
LOAD cmake/stm32cubemx/CMakeFiles/STM32_Drivers.dir/__/__/Drivers/STM32F1xx_HAL_Driver/Src/stm32f1xx_hal_uart.c.obj
LOAD Soft_Drivers/CMakeFiles/soft_drivers.dir/Src/my_i2c.cpp.obj
LOAD Devices/CMakeFiles/devices.dir/Src/mpu6050.cpp.obj
LOAD Application/CMakeFiles/app.dir/Src/app.cpp.obj
LOAD CMakeFiles/project1_stm32.dir/Core/Src/main.c.obj
LOAD CMakeFiles/project1_stm32.dir/Core/Src/gpio.c.obj
LOAD CMakeFiles/project1_stm32.dir/Core/Src/tim.c.obj
LOAD CMakeFiles/project1_stm32.dir/Core/Src/usart.c.obj
LOAD CMakeFiles/project1_stm32.dir/Core/Src/stm32f1xx_it.c.obj
LOAD CMakeFiles/project1_stm32.dir/Core/Src/stm32f1xx_hal_msp.c.obj
LOAD CMakeFiles/project1_stm32.dir/Core/Src/stm32f1xx_hal_timebase_tim.c.obj
LOAD CMakeFiles/project1_stm32.dir/Core/Src/sysmem.c.obj
LOAD CMakeFiles/project1_stm32.dir/Core/Src/syscalls.c.obj
LOAD CMakeFiles/project1_stm32.dir/startup_stm32f103xe.s.obj
LOAD MiddleWare/FreeRTOS/libfreertos.a
LOAD MiddleWare/FreeRTOS/libfreertos.a
LOAD D:/arm32-none-none-gnueabi-toolchain/arm-gnu-toolchain-15.2.rel1-mingw-w64-x86_64-arm-none-eabi/bin/../lib/gcc/arm-none-eabi/15.2.1/../../../../arm-none-eabi/lib/thumb/v7-m/nofp\libstdc++_nano.a
LOAD D:/arm32-none-none-gnueabi-toolchain/arm-gnu-toolchain-15.2.rel1-mingw-w64-x86_64-arm-none-eabi/bin/../lib/gcc/arm-none-eabi/15.2.1/../../../../arm-none-eabi/lib/thumb/v7-m/nofp\libm.a
START GROUP
LOAD D:/arm32-none-none-gnueabi-toolchain/arm-gnu-toolchain-15.2.rel1-mingw-w64-x86_64-arm-none-eabi/bin/../lib/gcc/arm-none-eabi/15.2.1/thumb/v7-m/nofp\libgcc.a
LOAD D:/arm32-none-none-gnueabi-toolchain/arm-gnu-toolchain-15.2.rel1-mingw-w64-x86_64-arm-none-eabi/bin/../lib/gcc/arm-none-eabi/15.2.1/../../../../arm-none-eabi/lib/thumb/v7-m/nofp\libg_nano.a
LOAD D:/arm32-none-none-gnueabi-toolchain/arm-gnu-toolchain-15.2.rel1-mingw-w64-x86_64-arm-none-eabi/bin/../lib/gcc/arm-none-eabi/15.2.1/../../../../arm-none-eabi/lib/thumb/v7-m/nofp\libc_nano.a
END GROUP
START GROUP
LOAD D:/arm32-none-none-gnueabi-toolchain/arm-gnu-toolchain-15.2.rel1-mingw-w64-x86_64-arm-none-eabi/bin/../lib/gcc/arm-none-eabi/15.2.1/thumb/v7-m/nofp\libgcc.a
LOAD D:/arm32-none-none-gnueabi-toolchain/arm-gnu-toolchain-15.2.rel1-mingw-w64-x86_64-arm-none-eabi/bin/../lib/gcc/arm-none-eabi/15.2.1/../../../../arm-none-eabi/lib/thumb/v7-m/nofp\libc_nano.a
END GROUP
LOAD D:/arm32-none-none-gnueabi-toolchain/arm-gnu-toolchain-15.2.rel1-mingw-w64-x86_64-arm-none-eabi/bin/../lib/gcc/arm-none-eabi/15.2.1/thumb/v7-m/nofp/crtend.o
LOAD D:/arm32-none-none-gnueabi-toolchain/arm-gnu-toolchain-15.2.rel1-mingw-w64-x86_64-arm-none-eabi/bin/../lib/gcc/arm-none-eabi/15.2.1/thumb/v7-m/nofp/crtn.o
                0x20010000                        _estack = (ORIGIN (RAM) + LENGTH (RAM))
                0x2000fc00                        _sstack = (_estack - _Min_Stack_Size)
                0x00000200                        _Min_Heap_Size = 0x200
                0x00000400                        _Min_Stack_Size = 0x400

.isr_vector     0x08000000      0x1e4
                0x08000000                        . = ALIGN (0x4)
 *(.isr_vector)
 .isr_vector    0x08000000      0x1e4 CMakeFiles/project1_stm32.dir/startup_stm32f103xe.s.obj
                0x08000000                g_pfnVectors
                0x080001e4                        . = ALIGN (0x4)

.text           0x080001f0     0x5ddc
                0x080001f0                        . = ALIGN (0x4)
 *(.text)
 .text          0x080001f0       0x10 D:/arm32-none-none-gnueabi-toolchain/arm-gnu-toolchain-15.2.rel1-mingw-w64-x86_64-arm-none-eabi/bin/../lib/gcc/arm-none-eabi/15.2.1/../../../../arm-none-eabi/lib/thumb/v7-m/nofp\libg_nano.a(libc_a-strlen.o)
                0x080001f0                strlen
 *(.text*)
 .text.deregister_tm_clones
                0x08000200       0x1c D:/arm32-none-none-gnueabi-toolchain/arm-gnu-toolchain-15.2.rel1-mingw-w64-x86_64-arm-none-eabi/bin/../lib/gcc/arm-none-eabi/15.2.1/thumb/v7-m/nofp/crtbegin.o
 .text.register_tm_clones
                0x0800021c       0x24 D:/arm32-none-none-gnueabi-toolchain/arm-gnu-toolchain-15.2.rel1-mingw-w64-x86_64-arm-none-eabi/bin/../lib/gcc/arm-none-eabi/15.2.1/thumb/v7-m/nofp/crtbegin.o
 .text.__do_global_dtors_aux
                0x08000240       0x28 D:/arm32-none-none-gnueabi-toolchain/arm-gnu-toolchain-15.2.rel1-mingw-w64-x86_64-arm-none-eabi/bin/../lib/gcc/arm-none-eabi/15.2.1/thumb/v7-m/nofp/crtbegin.o
 .text.frame_dummy
                0x08000268       0x24 D:/arm32-none-none-gnueabi-toolchain/arm-gnu-toolchain-15.2.rel1-mingw-w64-x86_64-arm-none-eabi/bin/../lib/gcc/arm-none-eabi/15.2.1/thumb/v7-m/nofp/crtbegin.o
 .text.SystemInit
                0x0800028c        0xc cmake/stm32cubemx/CMakeFiles/STM32_Drivers.dir/__/__/Core/Src/system_stm32f1xx.c.obj
                0x0800028c                SystemInit
 .text.HAL_TIM_Base_Init
                0x08000298       0x9e cmake/stm32cubemx/CMakeFiles/STM32_Drivers.dir/__/__/Drivers/STM32F1xx_HAL_Driver/Src/stm32f1xx_hal_tim.c.obj
                0x08000298                HAL_TIM_Base_Init
 *fill*         0x08000336        0x2 
 .text.HAL_TIM_Base_Start_IT
                0x08000338       0xc0 cmake/stm32cubemx/CMakeFiles/STM32_Drivers.dir/__/__/Drivers/STM32F1xx_HAL_Driver/Src/stm32f1xx_hal_tim.c.obj
                0x08000338                HAL_TIM_Base_Start_IT
 .text.HAL_TIM_IRQHandler
                0x080003f8      0x1e0 cmake/stm32cubemx/CMakeFiles/STM32_Drivers.dir/__/__/Drivers/STM32F1xx_HAL_Driver/Src/stm32f1xx_hal_tim.c.obj
                0x080003f8                HAL_TIM_IRQHandler
 .text.HAL_TIM_ConfigClockSource
                0x080005d8      0x18e cmake/stm32cubemx/CMakeFiles/STM32_Drivers.dir/__/__/Drivers/STM32F1xx_HAL_Driver/Src/stm32f1xx_hal_tim.c.obj
                0x080005d8                HAL_TIM_ConfigClockSource
 .text.HAL_TIM_OC_DelayElapsedCallback
                0x08000766       0x12 cmake/stm32cubemx/CMakeFiles/STM32_Drivers.dir/__/__/Drivers/STM32F1xx_HAL_Driver/Src/stm32f1xx_hal_tim.c.obj
                0x08000766                HAL_TIM_OC_DelayElapsedCallback
 .text.HAL_TIM_IC_CaptureCallback
                0x08000778       0x12 cmake/stm32cubemx/CMakeFiles/STM32_Drivers.dir/__/__/Drivers/STM32F1xx_HAL_Driver/Src/stm32f1xx_hal_tim.c.obj
                0x08000778                HAL_TIM_IC_CaptureCallback
 .text.HAL_TIM_PWM_PulseFinishedCallback
                0x0800078a       0x12 cmake/stm32cubemx/CMakeFiles/STM32_Drivers.dir/__/__/Drivers/STM32F1xx_HAL_Driver/Src/stm32f1xx_hal_tim.c.obj
                0x0800078a                HAL_TIM_PWM_PulseFinishedCallback
 .text.HAL_TIM_TriggerCallback
                0x0800079c       0x12 cmake/stm32cubemx/CMakeFiles/STM32_Drivers.dir/__/__/Drivers/STM32F1xx_HAL_Driver/Src/stm32f1xx_hal_tim.c.obj
                0x0800079c                HAL_TIM_TriggerCallback
 *fill*         0x080007ae        0x2 
 .text.TIM_Base_SetConfig
                0x080007b0      0x10c cmake/stm32cubemx/CMakeFiles/STM32_Drivers.dir/__/__/Drivers/STM32F1xx_HAL_Driver/Src/stm32f1xx_hal_tim.c.obj
                0x080007b0                TIM_Base_SetConfig
 .text.TIM_TI1_ConfigInputStage
                0x080008bc       0x5c cmake/stm32cubemx/CMakeFiles/STM32_Drivers.dir/__/__/Drivers/STM32F1xx_HAL_Driver/Src/stm32f1xx_hal_tim.c.obj
 .text.TIM_TI2_ConfigInputStage
                0x08000918       0x5e cmake/stm32cubemx/CMakeFiles/STM32_Drivers.dir/__/__/Drivers/STM32F1xx_HAL_Driver/Src/stm32f1xx_hal_tim.c.obj
 .text.TIM_ITRx_SetConfig
                0x08000976       0x34 cmake/stm32cubemx/CMakeFiles/STM32_Drivers.dir/__/__/Drivers/STM32F1xx_HAL_Driver/Src/stm32f1xx_hal_tim.c.obj
 .text.TIM_ETR_SetConfig
                0x080009aa       0x3e cmake/stm32cubemx/CMakeFiles/STM32_Drivers.dir/__/__/Drivers/STM32F1xx_HAL_Driver/Src/stm32f1xx_hal_tim.c.obj
                0x080009aa                TIM_ETR_SetConfig
 .text.HAL_TIMEx_MasterConfigSynchronization
                0x080009e8       0xd8 cmake/stm32cubemx/CMakeFiles/STM32_Drivers.dir/__/__/Drivers/STM32F1xx_HAL_Driver/Src/stm32f1xx_hal_tim_ex.c.obj
                0x080009e8                HAL_TIMEx_MasterConfigSynchronization
 .text.HAL_TIMEx_CommutCallback
                0x08000ac0       0x12 cmake/stm32cubemx/CMakeFiles/STM32_Drivers.dir/__/__/Drivers/STM32F1xx_HAL_Driver/Src/stm32f1xx_hal_tim_ex.c.obj
                0x08000ac0                HAL_TIMEx_CommutCallback
 .text.HAL_TIMEx_BreakCallback
                0x08000ad2       0x12 cmake/stm32cubemx/CMakeFiles/STM32_Drivers.dir/__/__/Drivers/STM32F1xx_HAL_Driver/Src/stm32f1xx_hal_tim_ex.c.obj
                0x08000ad2                HAL_TIMEx_BreakCallback
 .text.HAL_Init
                0x08000ae4       0x2c cmake/stm32cubemx/CMakeFiles/STM32_Drivers.dir/__/__/Drivers/STM32F1xx_HAL_Driver/Src/stm32f1xx_hal.c.obj
                0x08000ae4                HAL_Init
 .text.HAL_IncTick
                0x08000b10       0x24 cmake/stm32cubemx/CMakeFiles/STM32_Drivers.dir/__/__/Drivers/STM32F1xx_HAL_Driver/Src/stm32f1xx_hal.c.obj
                0x08000b10                HAL_IncTick
 .text.HAL_GetTick
                0x08000b34       0x14 cmake/stm32cubemx/CMakeFiles/STM32_Drivers.dir/__/__/Drivers/STM32F1xx_HAL_Driver/Src/stm32f1xx_hal.c.obj
                0x08000b34                HAL_GetTick
 .text.HAL_Delay
                0x08000b48       0x48 cmake/stm32cubemx/CMakeFiles/STM32_Drivers.dir/__/__/Drivers/STM32F1xx_HAL_Driver/Src/stm32f1xx_hal.c.obj
                0x08000b48                HAL_Delay
 .text.HAL_RCC_OscConfig
                0x08000b90      0x504 cmake/stm32cubemx/CMakeFiles/STM32_Drivers.dir/__/__/Drivers/STM32F1xx_HAL_Driver/Src/stm32f1xx_hal_rcc.c.obj
                0x08000b90                HAL_RCC_OscConfig
 .text.HAL_RCC_ClockConfig
                0x08001094      0x1d4 cmake/stm32cubemx/CMakeFiles/STM32_Drivers.dir/__/__/Drivers/STM32F1xx_HAL_Driver/Src/stm32f1xx_hal_rcc.c.obj
                0x08001094                HAL_RCC_ClockConfig
 .text.HAL_RCC_GetSysClockFreq
                0x08001268       0xa8 cmake/stm32cubemx/CMakeFiles/STM32_Drivers.dir/__/__/Drivers/STM32F1xx_HAL_Driver/Src/stm32f1xx_hal_rcc.c.obj
                0x08001268                HAL_RCC_GetSysClockFreq
 .text.HAL_RCC_GetHCLKFreq
                0x08001310       0x14 cmake/stm32cubemx/CMakeFiles/STM32_Drivers.dir/__/__/Drivers/STM32F1xx_HAL_Driver/Src/stm32f1xx_hal_rcc.c.obj
                0x08001310                HAL_RCC_GetHCLKFreq
 .text.HAL_RCC_GetPCLK1Freq
                0x08001324       0x28 cmake/stm32cubemx/CMakeFiles/STM32_Drivers.dir/__/__/Drivers/STM32F1xx_HAL_Driver/Src/stm32f1xx_hal_rcc.c.obj
                0x08001324                HAL_RCC_GetPCLK1Freq
 .text.HAL_RCC_GetPCLK2Freq
                0x0800134c       0x28 cmake/stm32cubemx/CMakeFiles/STM32_Drivers.dir/__/__/Drivers/STM32F1xx_HAL_Driver/Src/stm32f1xx_hal_rcc.c.obj
                0x0800134c                HAL_RCC_GetPCLK2Freq
 .text.HAL_RCC_GetClockConfig
                0x08001374       0x60 cmake/stm32cubemx/CMakeFiles/STM32_Drivers.dir/__/__/Drivers/STM32F1xx_HAL_Driver/Src/stm32f1xx_hal_rcc.c.obj
                0x08001374                HAL_RCC_GetClockConfig
 .text.RCC_Delay
                0x080013d4       0x3c cmake/stm32cubemx/CMakeFiles/STM32_Drivers.dir/__/__/Drivers/STM32F1xx_HAL_Driver/Src/stm32f1xx_hal_rcc.c.obj
 .text.HAL_GPIO_Init
                0x08001410      0x2fc cmake/stm32cubemx/CMakeFiles/STM32_Drivers.dir/__/__/Drivers/STM32F1xx_HAL_Driver/Src/stm32f1xx_hal_gpio.c.obj
                0x08001410                HAL_GPIO_Init
 .text.HAL_GPIO_ReadPin
                0x0800170c       0x2e cmake/stm32cubemx/CMakeFiles/STM32_Drivers.dir/__/__/Drivers/STM32F1xx_HAL_Driver/Src/stm32f1xx_hal_gpio.c.obj
                0x0800170c                HAL_GPIO_ReadPin
 .text.HAL_GPIO_WritePin
                0x0800173a       0x30 cmake/stm32cubemx/CMakeFiles/STM32_Drivers.dir/__/__/Drivers/STM32F1xx_HAL_Driver/Src/stm32f1xx_hal_gpio.c.obj
                0x0800173a                HAL_GPIO_WritePin
 .text.HAL_DMA_Abort
                0x0800176a       0x76 cmake/stm32cubemx/CMakeFiles/STM32_Drivers.dir/__/__/Drivers/STM32F1xx_HAL_Driver/Src/stm32f1xx_hal_dma.c.obj
                0x0800176a                HAL_DMA_Abort
 .text.HAL_DMA_Abort_IT
                0x080017e0      0x210 cmake/stm32cubemx/CMakeFiles/STM32_Drivers.dir/__/__/Drivers/STM32F1xx_HAL_Driver/Src/stm32f1xx_hal_dma.c.obj
                0x080017e0                HAL_DMA_Abort_IT
 .text.__NVIC_SetPriorityGrouping
                0x080019f0       0x48 cmake/stm32cubemx/CMakeFiles/STM32_Drivers.dir/__/__/Drivers/STM32F1xx_HAL_Driver/Src/stm32f1xx_hal_cortex.c.obj
 .text.__NVIC_GetPriorityGrouping
                0x08001a38       0x1c cmake/stm32cubemx/CMakeFiles/STM32_Drivers.dir/__/__/Drivers/STM32F1xx_HAL_Driver/Src/stm32f1xx_hal_cortex.c.obj
 .text.__NVIC_EnableIRQ
                0x08001a54       0x38 cmake/stm32cubemx/CMakeFiles/STM32_Drivers.dir/__/__/Drivers/STM32F1xx_HAL_Driver/Src/stm32f1xx_hal_cortex.c.obj
 .text.__NVIC_SetPriority
                0x08001a8c       0x54 cmake/stm32cubemx/CMakeFiles/STM32_Drivers.dir/__/__/Drivers/STM32F1xx_HAL_Driver/Src/stm32f1xx_hal_cortex.c.obj
 .text.NVIC_EncodePriority
                0x08001ae0       0x6e cmake/stm32cubemx/CMakeFiles/STM32_Drivers.dir/__/__/Drivers/STM32F1xx_HAL_Driver/Src/stm32f1xx_hal_cortex.c.obj
 .text.HAL_NVIC_SetPriorityGrouping
                0x08001b4e       0x16 cmake/stm32cubemx/CMakeFiles/STM32_Drivers.dir/__/__/Drivers/STM32F1xx_HAL_Driver/Src/stm32f1xx_hal_cortex.c.obj
                0x08001b4e                HAL_NVIC_SetPriorityGrouping
 .text.HAL_NVIC_SetPriority
                0x08001b64       0x38 cmake/stm32cubemx/CMakeFiles/STM32_Drivers.dir/__/__/Drivers/STM32F1xx_HAL_Driver/Src/stm32f1xx_hal_cortex.c.obj
                0x08001b64                HAL_NVIC_SetPriority
 .text.HAL_NVIC_EnableIRQ
                0x08001b9c       0x1c cmake/stm32cubemx/CMakeFiles/STM32_Drivers.dir/__/__/Drivers/STM32F1xx_HAL_Driver/Src/stm32f1xx_hal_cortex.c.obj
                0x08001b9c                HAL_NVIC_EnableIRQ
 .text.HAL_UART_Init
                0x08001bb8       0xa0 cmake/stm32cubemx/CMakeFiles/STM32_Drivers.dir/__/__/Drivers/STM32F1xx_HAL_Driver/Src/stm32f1xx_hal_uart.c.obj
                0x08001bb8                HAL_UART_Init
 .text.HAL_UART_Transmit
                0x08001c58      0x116 cmake/stm32cubemx/CMakeFiles/STM32_Drivers.dir/__/__/Drivers/STM32F1xx_HAL_Driver/Src/stm32f1xx_hal_uart.c.obj
                0x08001c58                HAL_UART_Transmit
 *fill*         0x08001d6e        0x2 
 .text.HAL_UART_IRQHandler
                0x08001d70      0x520 cmake/stm32cubemx/CMakeFiles/STM32_Drivers.dir/__/__/Drivers/STM32F1xx_HAL_Driver/Src/stm32f1xx_hal_uart.c.obj
                0x08001d70                HAL_UART_IRQHandler
 .text.HAL_UART_TxCpltCallback
                0x08002290       0x12 cmake/stm32cubemx/CMakeFiles/STM32_Drivers.dir/__/__/Drivers/STM32F1xx_HAL_Driver/Src/stm32f1xx_hal_uart.c.obj
                0x08002290                HAL_UART_TxCpltCallback
 .text.HAL_UART_RxCpltCallback
                0x080022a2       0x12 cmake/stm32cubemx/CMakeFiles/STM32_Drivers.dir/__/__/Drivers/STM32F1xx_HAL_Driver/Src/stm32f1xx_hal_uart.c.obj
                0x080022a2                HAL_UART_RxCpltCallback
 .text.HAL_UART_ErrorCallback
                0x080022b4       0x12 cmake/stm32cubemx/CMakeFiles/STM32_Drivers.dir/__/__/Drivers/STM32F1xx_HAL_Driver/Src/stm32f1xx_hal_uart.c.obj
                0x080022b4                HAL_UART_ErrorCallback
 .text.HAL_UARTEx_RxEventCallback
                0x080022c6       0x16 cmake/stm32cubemx/CMakeFiles/STM32_Drivers.dir/__/__/Drivers/STM32F1xx_HAL_Driver/Src/stm32f1xx_hal_uart.c.obj
                0x080022c6                HAL_UARTEx_RxEventCallback
 .text.UART_WaitOnFlagUntilTimeout
                0x080022dc       0xb2 cmake/stm32cubemx/CMakeFiles/STM32_Drivers.dir/__/__/Drivers/STM32F1xx_HAL_Driver/Src/stm32f1xx_hal_uart.c.obj
 .text.UART_EndRxTransfer
                0x0800238e       0xc4 cmake/stm32cubemx/CMakeFiles/STM32_Drivers.dir/__/__/Drivers/STM32F1xx_HAL_Driver/Src/stm32f1xx_hal_uart.c.obj
 .text.UART_DMAAbortOnError
                0x08002452       0x28 cmake/stm32cubemx/CMakeFiles/STM32_Drivers.dir/__/__/Drivers/STM32F1xx_HAL_Driver/Src/stm32f1xx_hal_uart.c.obj
 .text.UART_Transmit_IT
                0x0800247a       0x9e cmake/stm32cubemx/CMakeFiles/STM32_Drivers.dir/__/__/Drivers/STM32F1xx_HAL_Driver/Src/stm32f1xx_hal_uart.c.obj
 .text.UART_EndTransmit_IT
                0x08002518       0x30 cmake/stm32cubemx/CMakeFiles/STM32_Drivers.dir/__/__/Drivers/STM32F1xx_HAL_Driver/Src/stm32f1xx_hal_uart.c.obj
 .text.UART_Receive_IT
                0x08002548      0x17c cmake/stm32cubemx/CMakeFiles/STM32_Drivers.dir/__/__/Drivers/STM32F1xx_HAL_Driver/Src/stm32f1xx_hal_uart.c.obj
 .text.UART_SetConfig
                0x080026c4      0x11c cmake/stm32cubemx/CMakeFiles/STM32_Drivers.dir/__/__/Drivers/STM32F1xx_HAL_Driver/Src/stm32f1xx_hal_uart.c.obj
 .text._ZNSt11char_traitsIcE6assignERcRKc
                0x080027e0       0x1c Soft_Drivers/CMakeFiles/soft_drivers.dir/Src/my_i2c.cpp.obj
                0x080027e0                std::char_traits<char>::assign(char&, char const&)
 .text._ZNSt11char_traitsIcE4copyEPcPKcj
                0x080027fc       0x32 Soft_Drivers/CMakeFiles/soft_drivers.dir/Src/my_i2c.cpp.obj
                0x080027fc                std::char_traits<char>::copy(char*, char const*, unsigned int)
 .text._ZN6my_i2cC2ENSt7__cxx1112basic_stringIcSt11char_traitsIcESaIcEEEP12GPIO_TypeDeftt
                0x0800282e       0x5a Soft_Drivers/CMakeFiles/soft_drivers.dir/Src/my_i2c.cpp.obj
                0x0800282e                my_i2c::my_i2c(std::__cxx11::basic_string<char, std::char_traits<char>, std::allocator<char> >, GPIO_TypeDef*, unsigned short, unsigned short)
                0x0800282e                my_i2c::my_i2c(std::__cxx11::basic_string<char, std::char_traits<char>, std::allocator<char> >, GPIO_TypeDef*, unsigned short, unsigned short)
 .text._ZN6my_i2c9send_dataEhhPhi
                0x08002888       0xb4 Soft_Drivers/CMakeFiles/soft_drivers.dir/Src/my_i2c.cpp.obj
                0x08002888                my_i2c::send_data(unsigned char, unsigned char, unsigned char*, int)
 .text._ZN6my_i2c12receive_dataEhhPhi
                0x0800293c       0xe6 Soft_Drivers/CMakeFiles/soft_drivers.dir/Src/my_i2c.cpp.obj
                0x0800293c                my_i2c::receive_data(unsigned char, unsigned char, unsigned char*, int)
 .text._ZN6my_i2c5startEv
                0x08002a22       0x52 Soft_Drivers/CMakeFiles/soft_drivers.dir/Src/my_i2c.cpp.obj
                0x08002a22                my_i2c::start()
 .text._ZN6my_i2c4stopEv
                0x08002a74       0x52 Soft_Drivers/CMakeFiles/soft_drivers.dir/Src/my_i2c.cpp.obj
                0x08002a74                my_i2c::stop()
 .text._ZN6my_i2c9send_byteEh
                0x08002ac6       0xc0 Soft_Drivers/CMakeFiles/soft_drivers.dir/Src/my_i2c.cpp.obj
                0x08002ac6                my_i2c::send_byte(unsigned char)
 .text._ZN6my_i2c12receive_byteEv
                0x08002b86       0x8c Soft_Drivers/CMakeFiles/soft_drivers.dir/Src/my_i2c.cpp.obj
                0x08002b86                my_i2c::receive_byte()
 .text._ZN6my_i2c8send_ackEh
                0x08002c12       0x6e Soft_Drivers/CMakeFiles/soft_drivers.dir/Src/my_i2c.cpp.obj
                0x08002c12                my_i2c::send_ack(unsigned char)
 .text._ZN6my_i2c11receive_ackEv
                0x08002c80       0x82 Soft_Drivers/CMakeFiles/soft_drivers.dir/Src/my_i2c.cpp.obj
                0x08002c80                my_i2c::receive_ack()
 .text._ZNSt7__cxx1112basic_stringIcSt11char_traitsIcESaIcEEC2ERKS4_
                0x08002d02       0x74 Soft_Drivers/CMakeFiles/soft_drivers.dir/Src/my_i2c.cpp.obj
                0x08002d02                std::__cxx11::basic_string<char, std::char_traits<char>, std::allocator<char> >::basic_string(std::__cxx11::basic_string<char, std::char_traits<char>, std::allocator<char> > const&)
                0x08002d02                std::__cxx11::basic_string<char, std::char_traits<char>, std::allocator<char> >::basic_string(std::__cxx11::basic_string<char, std::char_traits<char>, std::allocator<char> > const&)
 .text._ZNKSt7__cxx1112basic_stringIcSt11char_traitsIcESaIcEE7_M_dataEv
                0x08002d76       0x16 Soft_Drivers/CMakeFiles/soft_drivers.dir/Src/my_i2c.cpp.obj
                0x08002d76                std::__cxx11::basic_string<char, std::char_traits<char>, std::allocator<char> >::_M_data() const
 .text._ZNSt7__cxx1112basic_stringIcSt11char_traitsIcESaIcEE13_M_local_dataEv
                0x08002d8c       0x1c Soft_Drivers/CMakeFiles/soft_drivers.dir/Src/my_i2c.cpp.obj
                0x08002d8c                std::__cxx11::basic_string<char, std::char_traits<char>, std::allocator<char> >::_M_local_data()
 .text._ZNSt7__cxx1112basic_stringIcSt11char_traitsIcESaIcEE12_Alloc_hiderC2EPcOS3_
                0x08002da8       0x32 Soft_Drivers/CMakeFiles/soft_drivers.dir/Src/my_i2c.cpp.obj
                0x08002da8                std::__cxx11::basic_string<char, std::char_traits<char>, std::allocator<char> >::_Alloc_hider::_Alloc_hider(char*, std::allocator<char>&&)
                0x08002da8                std::__cxx11::basic_string<char, std::char_traits<char>, std::allocator<char> >::_Alloc_hider::_Alloc_hider(char*, std::allocator<char>&&)
 .text._ZNSt7__cxx1112basic_stringIcSt11char_traitsIcESaIcEE16_M_get_allocatorEv
                0x08002dda       0x14 Soft_Drivers/CMakeFiles/soft_drivers.dir/Src/my_i2c.cpp.obj
                0x08002dda                std::__cxx11::basic_string<char, std::char_traits<char>, std::allocator<char> >::_M_get_allocator()
 .text._ZNKSt7__cxx1112basic_stringIcSt11char_traitsIcESaIcEE6lengthEv
                0x08002dee       0x18 Soft_Drivers/CMakeFiles/soft_drivers.dir/Src/my_i2c.cpp.obj
                0x08002dee                std::__cxx11::basic_string<char, std::char_traits<char>, std::allocator<char> >::length() const
 .text._ZNSt7__cxx1112basic_stringIcSt11char_traitsIcESaIcEE7_M_dataEPc
                0x08002e06       0x1a Soft_Drivers/CMakeFiles/soft_drivers.dir/Src/my_i2c.cpp.obj
                0x08002e06                std::__cxx11::basic_string<char, std::char_traits<char>, std::allocator<char> >::_M_data(char*)
 .text._ZNSt7__cxx1112basic_stringIcSt11char_traitsIcESaIcEE11_M_capacityEj
                0x08002e20       0x1a Soft_Drivers/CMakeFiles/soft_drivers.dir/Src/my_i2c.cpp.obj
                0x08002e20                std::__cxx11::basic_string<char, std::char_traits<char>, std::allocator<char> >::_M_capacity(unsigned int)
 .text._ZNSt7__cxx1112basic_stringIcSt11char_traitsIcESaIcEE9_M_lengthEj
                0x08002e3a       0x1a Soft_Drivers/CMakeFiles/soft_drivers.dir/Src/my_i2c.cpp.obj
                0x08002e3a                std::__cxx11::basic_string<char, std::char_traits<char>, std::allocator<char> >::_M_length(unsigned int)
 .text._ZNKSt7__cxx1112basic_stringIcSt11char_traitsIcESaIcEE4sizeEv
                0x08002e54       0x2e Soft_Drivers/CMakeFiles/soft_drivers.dir/Src/my_i2c.cpp.obj
                0x08002e54                std::__cxx11::basic_string<char, std::char_traits<char>, std::allocator<char> >::size() const
 .text._ZNSt15__new_allocatorIcED2Ev
                0x08002e82       0x14 Soft_Drivers/CMakeFiles/soft_drivers.dir/Src/my_i2c.cpp.obj
                0x08002e82                std::__new_allocator<char>::~__new_allocator()
                0x08002e82                std::__new_allocator<char>::~__new_allocator()
 .text._ZNKSt7__cxx1112basic_stringIcSt11char_traitsIcESaIcEE16_M_get_allocatorEv
                0x08002e96       0x14 Soft_Drivers/CMakeFiles/soft_drivers.dir/Src/my_i2c.cpp.obj
                0x08002e96                std::__cxx11::basic_string<char, std::char_traits<char>, std::allocator<char> >::_M_get_allocator() const
 .text._ZNSt7__cxx1112basic_stringIcSt11char_traitsIcESaIcEE12_M_constructILb1EEEvPKcj
                0x08002eaa       0x5e Soft_Drivers/CMakeFiles/soft_drivers.dir/Src/my_i2c.cpp.obj
                0x08002eaa                void std::__cxx11::basic_string<char, std::char_traits<char>, std::allocator<char> >::_M_construct<true>(char const*, unsigned int)
 .text._ZNSt19__ptr_traits_ptr_toIPccLb0EE10pointer_toERc
                0x08002f08       0x1e Soft_Drivers/CMakeFiles/soft_drivers.dir/Src/my_i2c.cpp.obj
                0x08002f08                std::__ptr_traits_ptr_to<char*, char, false>::pointer_to(char&)
 *fill*         0x08002f26        0x2 
 .text._ZNSt7__cxx1112basic_stringIcSt11char_traitsIcESaIcEE9_M_createERjj
                0x08002f28       0x94 Soft_Drivers/CMakeFiles/soft_drivers.dir/Src/my_i2c.cpp.obj
                0x08002f28                std::__cxx11::basic_string<char, std::char_traits<char>, std::allocator<char> >::_M_create(unsigned int&, unsigned int)
 .text._ZNSt7__cxx1112basic_stringIcSt11char_traitsIcESaIcEE7_S_copyEPcPKcj
                0x08002fbc       0x2e Soft_Drivers/CMakeFiles/soft_drivers.dir/Src/my_i2c.cpp.obj
                0x08002fbc                std::__cxx11::basic_string<char, std::char_traits<char>, std::allocator<char> >::_S_copy(char*, char const*, unsigned int)
 .text._ZSt3minIjERKT_S2_S2_
                0x08002fea       0x26 Soft_Drivers/CMakeFiles/soft_drivers.dir/Src/my_i2c.cpp.obj
                0x08002fea                unsigned int const& std::min<unsigned int>(unsigned int const&, unsigned int const&)
 .text._ZNKSt7__cxx1112basic_stringIcSt11char_traitsIcESaIcEE8max_sizeEv
                0x08003010       0x48 Soft_Drivers/CMakeFiles/soft_drivers.dir/Src/my_i2c.cpp.obj
                0x08003010                std::__cxx11::basic_string<char, std::char_traits<char>, std::allocator<char> >::max_size() const
 .text._ZNSt7__cxx1112basic_stringIcSt11char_traitsIcESaIcEE11_S_allocateERS3_j
                0x08003058       0x2c Soft_Drivers/CMakeFiles/soft_drivers.dir/Src/my_i2c.cpp.obj
                0x08003058                std::__cxx11::basic_string<char, std::char_traits<char>, std::allocator<char> >::_S_allocate(std::allocator<char>&, unsigned int)
 .text._ZNSt15__new_allocatorIcE8allocateEjPKv
                0x08003084       0x44 Soft_Drivers/CMakeFiles/soft_drivers.dir/Src/my_i2c.cpp.obj
                0x08003084                std::__new_allocator<char>::allocate(unsigned int, void const*)
 .text._ZNSt11char_traitsIcE6lengthEPKc
                0x080030c8       0x2a Devices/CMakeFiles/devices.dir/Src/mpu6050.cpp.obj
                0x080030c8                std::char_traits<char>::length(char const*)
 *fill*         0x080030f2        0x2 
 .text._ZN7mpu6050C2EP12GPIO_TypeDeftt
                0x080030f4       0x84 Devices/CMakeFiles/devices.dir/Src/mpu6050.cpp.obj
                0x080030f4                mpu6050::mpu6050(GPIO_TypeDef*, unsigned short, unsigned short)
                0x080030f4                mpu6050::mpu6050(GPIO_TypeDef*, unsigned short, unsigned short)
 .text._ZN7mpu60504initEv
                0x08003178      0x132 Devices/CMakeFiles/devices.dir/Src/mpu6050.cpp.obj
                0x08003178                mpu6050::init()
 .text._ZN7mpu60508get_dataER14mpu6050_data_t
                0x080032aa       0xcc Devices/CMakeFiles/devices.dir/Src/mpu6050.cpp.obj
                0x080032aa                mpu6050::get_data(mpu6050_data_t&)
 .text._ZN9__gnu_cxx11char_traitsIcE6lengthEPKc
                0x08003376       0x40 Devices/CMakeFiles/devices.dir/Src/mpu6050.cpp.obj
                0x08003376                __gnu_cxx::char_traits<char>::length(char const*)
 .text._ZNSt7__cxx1112basic_stringIcSt11char_traitsIcESaIcEE12_Alloc_hiderD2Ev
                0x080033b6       0x1c Devices/CMakeFiles/devices.dir/Src/mpu6050.cpp.obj
                0x080033b6                std::__cxx11::basic_string<char, std::char_traits<char>, std::allocator<char> >::_Alloc_hider::~_Alloc_hider()
                0x080033b6                std::__cxx11::basic_string<char, std::char_traits<char>, std::allocator<char> >::_Alloc_hider::~_Alloc_hider()
 .text._ZNSt7__cxx1112basic_stringIcSt11char_traitsIcESaIcEED2Ev
                0x080033d2       0x20 Devices/CMakeFiles/devices.dir/Src/mpu6050.cpp.obj
                0x080033d2                std::__cxx11::basic_string<char, std::char_traits<char>, std::allocator<char> >::~basic_string()
                0x080033d2                std::__cxx11::basic_string<char, std::char_traits<char>, std::allocator<char> >::~basic_string()
 *fill*         0x080033f2        0x2 
 .text._ZNSt7__cxx1112basic_stringIcSt11char_traitsIcESaIcEEC2IS3_EEPKcRKS3_
                0x080033f4       0x54 Devices/CMakeFiles/devices.dir/Src/mpu6050.cpp.obj
                0x080033f4                std::__cxx11::basic_string<char, std::char_traits<char>, std::allocator<char> >::basic_string<std::allocator<char> >(char const*, std::allocator<char> const&)
                0x080033f4                std::__cxx11::basic_string<char, std::char_traits<char>, std::allocator<char> >::basic_string<std::allocator<char> >(char const*, std::allocator<char> const&)
 .text._ZN9__gnu_cxx11char_traitsIcE2eqERKcS3_
                0x08003448       0x26 Devices/CMakeFiles/devices.dir/Src/mpu6050.cpp.obj
                0x08003448                __gnu_cxx::char_traits<char>::eq(char const&, char const&)
 .text._ZNSt7__cxx1112basic_stringIcSt11char_traitsIcESaIcEE13_M_set_lengthEj
                0x0800346e       0x36 Devices/CMakeFiles/devices.dir/Src/mpu6050.cpp.obj
                0x0800346e                std::__cxx11::basic_string<char, std::char_traits<char>, std::allocator<char> >::_M_set_length(unsigned int)
 .text._ZNSt7__cxx1112basic_stringIcSt11char_traitsIcESaIcEE10_M_disposeEv
                0x080034a4       0x2e Devices/CMakeFiles/devices.dir/Src/mpu6050.cpp.obj
                0x080034a4                std::__cxx11::basic_string<char, std::char_traits<char>, std::allocator<char> >::_M_dispose()
 .text._ZNKSt7__cxx1112basic_stringIcSt11char_traitsIcESaIcEE11_M_is_localEv
                0x080034d2       0x3a Devices/CMakeFiles/devices.dir/Src/mpu6050.cpp.obj
                0x080034d2                std::__cxx11::basic_string<char, std::char_traits<char>, std::allocator<char> >::_M_is_local() const
 .text._ZNSt7__cxx1112basic_stringIcSt11char_traitsIcESaIcEE12_Alloc_hiderC2EPcRKS3_
                0x0800350c       0x2e Devices/CMakeFiles/devices.dir/Src/mpu6050.cpp.obj
                0x0800350c                std::__cxx11::basic_string<char, std::char_traits<char>, std::allocator<char> >::_Alloc_hider::_Alloc_hider(char*, std::allocator<char> const&)
                0x0800350c                std::__cxx11::basic_string<char, std::char_traits<char>, std::allocator<char> >::_Alloc_hider::_Alloc_hider(char*, std::allocator<char> const&)
 .text._ZZNSt7__cxx1112basic_stringIcSt11char_traitsIcESaIcEE12_M_constructIPKcEEvT_S8_St20forward_iterator_tagEN6_GuardC2EPS4_
                0x0800353a       0x1c Devices/CMakeFiles/devices.dir/Src/mpu6050.cpp.obj
                0x0800353a                std::__cxx11::basic_string<char, std::char_traits<char>, std::allocator<char> >::_M_construct<char const*>(char const*, char const*, std::forward_iterator_tag)::_Guard::_Guard(std::__cxx11::basic_string<char, std::char_traits<char>, std::allocator<char> >*)
                0x0800353a                std::__cxx11::basic_string<char, std::char_traits<char>, std::allocator<char> >::_M_construct<char const*>(char const*, char const*, std::forward_iterator_tag)::_Guard::_Guard(std::__cxx11::basic_string<char, std::char_traits<char>, std::allocator<char> >*)
 .text._ZZNSt7__cxx1112basic_stringIcSt11char_traitsIcESaIcEE12_M_constructIPKcEEvT_S8_St20forward_iterator_tagEN6_GuardD2Ev
                0x08003556       0x24 Devices/CMakeFiles/devices.dir/Src/mpu6050.cpp.obj
                0x08003556                std::__cxx11::basic_string<char, std::char_traits<char>, std::allocator<char> >::_M_construct<char const*>(char const*, char const*, std::forward_iterator_tag)::_Guard::~_Guard()
                0x08003556                std::__cxx11::basic_string<char, std::char_traits<char>, std::allocator<char> >::_M_construct<char const*>(char const*, char const*, std::forward_iterator_tag)::_Guard::~_Guard()
 .text._ZNSt7__cxx1112basic_stringIcSt11char_traitsIcESaIcEE12_M_constructIPKcEEvT_S8_St20forward_iterator_tag
                0x0800357a       0x96 Devices/CMakeFiles/devices.dir/Src/mpu6050.cpp.obj
                0x0800357a                void std::__cxx11::basic_string<char, std::char_traits<char>, std::allocator<char> >::_M_construct<char const*>(char const*, char const*, std::forward_iterator_tag)
 .text._ZNSt7__cxx1112basic_stringIcSt11char_traitsIcESaIcEE10_M_destroyEj
                0x08003610       0x38 Devices/CMakeFiles/devices.dir/Src/mpu6050.cpp.obj
                0x08003610                std::__cxx11::basic_string<char, std::char_traits<char>, std::allocator<char> >::_M_destroy(unsigned int)
 .text._ZNKSt7__cxx1112basic_stringIcSt11char_traitsIcESaIcEE13_M_local_dataEv
                0x08003648       0x1c Devices/CMakeFiles/devices.dir/Src/mpu6050.cpp.obj
                0x08003648                std::__cxx11::basic_string<char, std::char_traits<char>, std::allocator<char> >::_M_local_data() const
 .text._ZNSt7__cxx1112basic_stringIcSt11char_traitsIcESaIcEE13_S_copy_charsIPKcEEvPcT_S9_
                0x08003664       0x28 Devices/CMakeFiles/devices.dir/Src/mpu6050.cpp.obj
                0x08003664                void std::__cxx11::basic_string<char, std::char_traits<char>, std::allocator<char> >::_S_copy_chars<char const*>(char*, char const*, char const*)
 .text._ZNSt19__ptr_traits_ptr_toIPKcS0_Lb0EE10pointer_toERS0_
                0x0800368c       0x1e Devices/CMakeFiles/devices.dir/Src/mpu6050.cpp.obj
                0x0800368c                std::__ptr_traits_ptr_to<char const*, char const, false>::pointer_to(char const&)
 .text._ZNSt15__new_allocatorIcE10deallocateEPcj
                0x080036aa       0x1a Devices/CMakeFiles/devices.dir/Src/mpu6050.cpp.obj
                0x080036aa                std::__new_allocator<char>::deallocate(char*, unsigned int)
 .text._ZN6my_i2cD2Ev
                0x080036c4       0x1a Application/CMakeFiles/app.dir/Src/app.cpp.obj
                0x080036c4                my_i2c::~my_i2c()
                0x080036c4                my_i2c::~my_i2c()
 .text._ZN7mpu6050D2Ev
                0x080036de       0x1a Application/CMakeFiles/app.dir/Src/app.cpp.obj
                0x080036de                mpu6050::~mpu6050()
                0x080036de                mpu6050::~mpu6050()
 .text._ZL25mpu6050_task_collect_dataPv
                0x080036f8       0x6c Application/CMakeFiles/app.dir/Src/app.cpp.obj
 .text._ZL10start_taskPv
                0x08003764       0x44 Application/CMakeFiles/app.dir/Src/app.cpp.obj
 .text.start_freertos
                0x080037a8       0x38 Application/CMakeFiles/app.dir/Src/app.cpp.obj
                0x080037a8                start_freertos
 .text.__io_putchar
                0x080037e0       0x24 CMakeFiles/project1_stm32.dir/Core/Src/main.c.obj
                0x080037e0                __io_putchar
 .text.main     0x08003804       0x24 CMakeFiles/project1_stm32.dir/Core/Src/main.c.obj
                0x08003804                main
 .text.SystemClock_Config
                0x08003828       0x8a CMakeFiles/project1_stm32.dir/Core/Src/main.c.obj
                0x08003828                SystemClock_Config
 *fill*         0x080038b2        0x2 
 .text.HAL_TIM_PeriodElapsedCallback
                0x080038b4       0x24 CMakeFiles/project1_stm32.dir/Core/Src/main.c.obj
                0x080038b4                HAL_TIM_PeriodElapsedCallback
 .text.Error_Handler
                0x080038d8        0xc CMakeFiles/project1_stm32.dir/Core/Src/main.c.obj
                0x080038d8                Error_Handler
 .text.MX_GPIO_Init
                0x080038e4       0x7c CMakeFiles/project1_stm32.dir/Core/Src/gpio.c.obj
                0x080038e4                MX_GPIO_Init
 .text.MX_TIM2_Init
                0x08003960       0x98 CMakeFiles/project1_stm32.dir/Core/Src/tim.c.obj
                0x08003960                MX_TIM2_Init
 .text.HAL_TIM_Base_MspInit
                0x080039f8       0x38 CMakeFiles/project1_stm32.dir/Core/Src/tim.c.obj
                0x080039f8                HAL_TIM_Base_MspInit
 .text.MX_USART1_UART_Init
                0x08003a30       0x54 CMakeFiles/project1_stm32.dir/Core/Src/usart.c.obj
                0x08003a30                MX_USART1_UART_Init
 .text.MX_USART2_UART_Init
                0x08003a84       0x54 CMakeFiles/project1_stm32.dir/Core/Src/usart.c.obj
                0x08003a84                MX_USART2_UART_Init
 .text.HAL_UART_MspInit
                0x08003ad8      0x118 CMakeFiles/project1_stm32.dir/Core/Src/usart.c.obj
                0x08003ad8                HAL_UART_MspInit
 .text.NMI_Handler
                0x08003bf0        0x8 CMakeFiles/project1_stm32.dir/Core/Src/stm32f1xx_it.c.obj
                0x08003bf0                NMI_Handler
 .text.HardFault_Handler
                0x08003bf8        0x8 CMakeFiles/project1_stm32.dir/Core/Src/stm32f1xx_it.c.obj
                0x08003bf8                HardFault_Handler
 .text.MemManage_Handler
                0x08003c00        0x8 CMakeFiles/project1_stm32.dir/Core/Src/stm32f1xx_it.c.obj
                0x08003c00                MemManage_Handler
 .text.BusFault_Handler
                0x08003c08        0x8 CMakeFiles/project1_stm32.dir/Core/Src/stm32f1xx_it.c.obj
                0x08003c08                BusFault_Handler
 .text.UsageFault_Handler
                0x08003c10        0x8 CMakeFiles/project1_stm32.dir/Core/Src/stm32f1xx_it.c.obj
                0x08003c10                UsageFault_Handler
 .text.DebugMon_Handler
                0x08003c18        0xc CMakeFiles/project1_stm32.dir/Core/Src/stm32f1xx_it.c.obj
                0x08003c18                DebugMon_Handler
 .text.SysTick_Handler
                0x08003c24       0x16 CMakeFiles/project1_stm32.dir/Core/Src/stm32f1xx_it.c.obj
                0x08003c24                SysTick_Handler
 *fill*         0x08003c3a        0x2 
 .text.USART2_IRQHandler
                0x08003c3c       0x14 CMakeFiles/project1_stm32.dir/Core/Src/stm32f1xx_it.c.obj
                0x08003c3c                USART2_IRQHandler
 .text.TIM7_IRQHandler
                0x08003c50       0x14 CMakeFiles/project1_stm32.dir/Core/Src/stm32f1xx_it.c.obj
                0x08003c50                TIM7_IRQHandler
 .text.HAL_MspInit
                0x08003c64       0x64 CMakeFiles/project1_stm32.dir/Core/Src/stm32f1xx_hal_msp.c.obj
                0x08003c64                HAL_MspInit
 .text.HAL_InitTick
                0x08003cc8       0xfc CMakeFiles/project1_stm32.dir/Core/Src/stm32f1xx_hal_timebase_tim.c.obj
                0x08003cc8                HAL_InitTick
 .text._sbrk    0x08003dc4       0x6c CMakeFiles/project1_stm32.dir/Core/Src/sysmem.c.obj
                0x08003dc4                _sbrk
 .text._getpid  0x08003e30        0xe CMakeFiles/project1_stm32.dir/Core/Src/syscalls.c.obj
                0x08003e30                _getpid
 .text._kill    0x08003e3e       0x20 CMakeFiles/project1_stm32.dir/Core/Src/syscalls.c.obj
                0x08003e3e                _kill
 .text._exit    0x08003e5e       0x16 CMakeFiles/project1_stm32.dir/Core/Src/syscalls.c.obj
                0x08003e5e                _exit
 .text._read    0x08003e74       0x3a CMakeFiles/project1_stm32.dir/Core/Src/syscalls.c.obj
                0x08003e74                _read
 .text._write   0x08003eae       0x38 CMakeFiles/project1_stm32.dir/Core/Src/syscalls.c.obj
                0x08003eae                _write
 .text._close   0x08003ee6       0x16 CMakeFiles/project1_stm32.dir/Core/Src/syscalls.c.obj
                0x08003ee6                _close
 .text._fstat   0x08003efc       0x1e CMakeFiles/project1_stm32.dir/Core/Src/syscalls.c.obj
                0x08003efc                _fstat
 .text._isatty  0x08003f1a       0x14 CMakeFiles/project1_stm32.dir/Core/Src/syscalls.c.obj
                0x08003f1a                _isatty
 .text._lseek   0x08003f2e       0x18 CMakeFiles/project1_stm32.dir/Core/Src/syscalls.c.obj
                0x08003f2e                _lseek
 *fill*         0x08003f46        0x2 
 .text.Reset_Handler
                0x08003f48       0x48 CMakeFiles/project1_stm32.dir/startup_stm32f103xe.s.obj
                0x08003f48                Reset_Handler
 .text.Default_Handler
                0x08003f90        0x2 CMakeFiles/project1_stm32.dir/startup_stm32f103xe.s.obj
                0x08003f90                RTC_Alarm_IRQHandler
                0x08003f90                EXTI2_IRQHandler
                0x08003f90                TIM8_TRG_COM_IRQHandler
                0x08003f90                TIM8_CC_IRQHandler
                0x08003f90                TIM1_CC_IRQHandler
                0x08003f90                TIM6_IRQHandler
                0x08003f90                PVD_IRQHandler
                0x08003f90                SDIO_IRQHandler
                0x08003f90                EXTI3_IRQHandler
                0x08003f90                EXTI0_IRQHandler
                0x08003f90                I2C2_EV_IRQHandler
                0x08003f90                ADC1_2_IRQHandler
                0x08003f90                SPI1_IRQHandler
                0x08003f90                TAMPER_IRQHandler
                0x08003f90                TIM8_UP_IRQHandler
                0x08003f90                DMA2_Channel2_IRQHandler
                0x08003f90                DMA1_Channel4_IRQHandler
                0x08003f90                USART3_IRQHandler
                0x08003f90                RTC_IRQHandler
                0x08003f90                DMA1_Channel7_IRQHandler
                0x08003f90                CAN1_RX1_IRQHandler
                0x08003f90                UART5_IRQHandler
                0x08003f90                ADC3_IRQHandler
                0x08003f90                TIM4_IRQHandler
                0x08003f90                DMA2_Channel1_IRQHandler
                0x08003f90                I2C1_EV_IRQHandler
                0x08003f90                DMA1_Channel6_IRQHandler
                0x08003f90                UART4_IRQHandler
                0x08003f90                TIM3_IRQHandler
                0x08003f90                RCC_IRQHandler
                0x08003f90                TIM1_TRG_COM_IRQHandler
                0x08003f90                DMA1_Channel1_IRQHandler
                0x08003f90                Default_Handler
                0x08003f90                EXTI15_10_IRQHandler
                0x08003f90                TIM5_IRQHandler
                0x08003f90                EXTI9_5_IRQHandler
                0x08003f90                SPI2_IRQHandler
                0x08003f90                DMA1_Channel5_IRQHandler
                0x08003f90                EXTI4_IRQHandler
                0x08003f90                USB_LP_CAN1_RX0_IRQHandler
                0x08003f90                USB_HP_CAN1_TX_IRQHandler
                0x08003f90                DMA1_Channel3_IRQHandler
                0x08003f90                FSMC_IRQHandler
                0x08003f90                TIM1_UP_IRQHandler
                0x08003f90                WWDG_IRQHandler
                0x08003f90                TIM2_IRQHandler
                0x08003f90                TIM1_BRK_IRQHandler
                0x08003f90                EXTI1_IRQHandler
                0x08003f90                DMA2_Channel4_5_IRQHandler
                0x08003f90                I2C2_ER_IRQHandler
                0x08003f90                DMA1_Channel2_IRQHandler
                0x08003f90                TIM8_BRK_IRQHandler
                0x08003f90                CAN1_SCE_IRQHandler
                0x08003f90                FLASH_IRQHandler
                0x08003f90                USART1_IRQHandler
                0x08003f90                SPI3_IRQHandler
                0x08003f90                I2C1_ER_IRQHandler
                0x08003f90                USBWakeUp_IRQHandler
                0x08003f90                DMA2_Channel3_IRQHandler
 *fill*         0x08003f92        0x2 
 .text.pxPortInitialiseStack
                0x08003f94       0x58 MiddleWare/FreeRTOS/libfreertos.a(port.c.obj)
                0x08003f94                pxPortInitialiseStack
 .text.prvTaskExitError
                0x08003fec       0x32 MiddleWare/FreeRTOS/libfreertos.a(port.c.obj)
 *fill*         0x0800401e        0x2 
 .text.SVC_Handler
                0x08004020       0x28 MiddleWare/FreeRTOS/libfreertos.a(port.c.obj)
                0x08004020                SVC_Handler
 .text.prvPortStartFirstTask
                0x08004048       0x24 MiddleWare/FreeRTOS/libfreertos.a(port.c.obj)
 .text.xPortStartScheduler
                0x0800406c       0x40 MiddleWare/FreeRTOS/libfreertos.a(port.c.obj)
                0x0800406c                xPortStartScheduler
 .text.vPortEnterCritical
                0x080040ac       0x34 MiddleWare/FreeRTOS/libfreertos.a(port.c.obj)
                0x080040ac                vPortEnterCritical
 .text.vPortExitCritical
                0x080040e0       0x34 MiddleWare/FreeRTOS/libfreertos.a(port.c.obj)
                0x080040e0                vPortExitCritical
 *fill*         0x08004114        0xc 
 .text.PendSV_Handler
                0x08004120       0x48 MiddleWare/FreeRTOS/libfreertos.a(port.c.obj)
                0x08004120                PendSV_Handler
 .text.xPortSysTickHandler
                0x08004168       0x44 MiddleWare/FreeRTOS/libfreertos.a(port.c.obj)
                0x08004168                xPortSysTickHandler
 .text.vPortSetupTimerInterrupt
                0x080041ac       0x34 MiddleWare/FreeRTOS/libfreertos.a(port.c.obj)
                0x080041ac                vPortSetupTimerInterrupt
 .text.xTaskCreate
                0x080041e0       0x82 MiddleWare/FreeRTOS/libfreertos.a(tasks.c.obj)
                0x080041e0                xTaskCreate
 .text.prvInitialiseNewTask
                0x08004262      0x100 MiddleWare/FreeRTOS/libfreertos.a(tasks.c.obj)
 *fill*         0x08004362        0x2 
 .text.prvAddNewTaskToReadyList
                0x08004364       0xdc MiddleWare/FreeRTOS/libfreertos.a(tasks.c.obj)
 .text.vTaskDelete
                0x08004440      0x100 MiddleWare/FreeRTOS/libfreertos.a(tasks.c.obj)
                0x08004440                vTaskDelete
 .text.vTaskDelay
                0x08004540       0x48 MiddleWare/FreeRTOS/libfreertos.a(tasks.c.obj)
                0x08004540                vTaskDelay
 .text.vTaskStartScheduler
                0x08004588       0x70 MiddleWare/FreeRTOS/libfreertos.a(tasks.c.obj)
                0x08004588                vTaskStartScheduler
 .text.vTaskSuspendAll
                0x080045f8       0x1c MiddleWare/FreeRTOS/libfreertos.a(tasks.c.obj)
                0x080045f8                vTaskSuspendAll
 .text.xTaskResumeAll
                0x08004614      0x11c MiddleWare/FreeRTOS/libfreertos.a(tasks.c.obj)
                0x08004614                xTaskResumeAll
 .text.xTaskIncrementTick
                0x08004730      0x150 MiddleWare/FreeRTOS/libfreertos.a(tasks.c.obj)
                0x08004730                xTaskIncrementTick
 .text.vTaskSwitchContext
                0x08004880       0x8c MiddleWare/FreeRTOS/libfreertos.a(tasks.c.obj)
                0x08004880                vTaskSwitchContext
 .text.prvIdleTask
                0x0800490c       0x30 MiddleWare/FreeRTOS/libfreertos.a(tasks.c.obj)
 .text.prvInitialiseTaskLists
                0x0800493c       0x80 MiddleWare/FreeRTOS/libfreertos.a(tasks.c.obj)
 .text.prvCheckTasksWaitingTermination
                0x080049bc       0x5c MiddleWare/FreeRTOS/libfreertos.a(tasks.c.obj)
 .text.prvDeleteTCB
                0x08004a18       0x20 MiddleWare/FreeRTOS/libfreertos.a(tasks.c.obj)
 .text.prvResetNextTaskUnblockTime
                0x08004a38       0x34 MiddleWare/FreeRTOS/libfreertos.a(tasks.c.obj)
 .text.xTaskGetSchedulerState
                0x08004a6c       0x3c MiddleWare/FreeRTOS/libfreertos.a(tasks.c.obj)
                0x08004a6c                xTaskGetSchedulerState
 .text.prvAddCurrentTaskToDelayedList
                0x08004aa8       0xcc MiddleWare/FreeRTOS/libfreertos.a(tasks.c.obj)
 .text.pvPortMalloc
                0x08004b74      0x134 MiddleWare/FreeRTOS/libfreertos.a(heap_4.c.obj)
                0x08004b74                pvPortMalloc
 .text.vPortFree
                0x08004ca8       0x80 MiddleWare/FreeRTOS/libfreertos.a(heap_4.c.obj)
                0x08004ca8                vPortFree
 .text.prvHeapInit
                0x08004d28       0xc4 MiddleWare/FreeRTOS/libfreertos.a(heap_4.c.obj)
 .text.prvInsertBlockIntoFreeList
                0x08004dec       0xb0 MiddleWare/FreeRTOS/libfreertos.a(heap_4.c.obj)
 .text.vListInitialise
                0x08004e9c       0x3e MiddleWare/FreeRTOS/libfreertos.a(list.c.obj)
                0x08004e9c                vListInitialise
 .text.vListInitialiseItem
                0x08004eda       0x18 MiddleWare/FreeRTOS/libfreertos.a(list.c.obj)
                0x08004eda                vListInitialiseItem
 .text.vListInsertEnd
                0x08004ef2       0x46 MiddleWare/FreeRTOS/libfreertos.a(list.c.obj)
                0x08004ef2                vListInsertEnd
 .text.vListInsert
                0x08004f38       0x70 MiddleWare/FreeRTOS/libfreertos.a(list.c.obj)
                0x08004f38                vListInsert
 .text.uxListRemove
                0x08004fa8       0x52 MiddleWare/FreeRTOS/libfreertos.a(list.c.obj)
                0x08004fa8                uxListRemove
 .text.__aeabi_atexit
                0x08004ffa        0xa D:/arm32-none-none-gnueabi-toolchain/arm-gnu-toolchain-15.2.rel1-mingw-w64-x86_64-arm-none-eabi/bin/../lib/gcc/arm-none-eabi/15.2.1/../../../../arm-none-eabi/lib/thumb/v7-m/nofp\libstdc++_nano.a(atexit_arm.o)
                0x08004ffa                __aeabi_atexit
 .text._ZdlPvj  0x08005004        0x4 D:/arm32-none-none-gnueabi-toolchain/arm-gnu-toolchain-15.2.rel1-mingw-w64-x86_64-arm-none-eabi/bin/../lib/gcc/arm-none-eabi/15.2.1/../../../../arm-none-eabi/lib/thumb/v7-m/nofp\libstdc++_nano.a(del_ops.o)
                0x08005004                operator delete(void*, unsigned int)
 .text._Znwj    0x08005008       0x22 D:/arm32-none-none-gnueabi-toolchain/arm-gnu-toolchain-15.2.rel1-mingw-w64-x86_64-arm-none-eabi/bin/../lib/gcc/arm-none-eabi/15.2.1/../../../../arm-none-eabi/lib/thumb/v7-m/nofp\libstdc++_nano.a(new_op.o)
                0x08005008                operator new(unsigned int)
 .text.unlikely._ZSt17__throw_bad_allocv
                0x0800502a        0x6 D:/arm32-none-none-gnueabi-toolchain/arm-gnu-toolchain-15.2.rel1-mingw-w64-x86_64-arm-none-eabi/bin/../lib/gcc/arm-none-eabi/15.2.1/../../../../arm-none-eabi/lib/thumb/v7-m/nofp\libstdc++_nano.a(functexcept.o)
                0x0800502a                std::__throw_bad_alloc()
 .text.unlikely._ZSt19__throw_logic_errorPKc
                0x08005030        0x6 D:/arm32-none-none-gnueabi-toolchain/arm-gnu-toolchain-15.2.rel1-mingw-w64-x86_64-arm-none-eabi/bin/../lib/gcc/arm-none-eabi/15.2.1/../../../../arm-none-eabi/lib/thumb/v7-m/nofp\libstdc++_nano.a(functexcept.o)
                0x08005030                std::__throw_logic_error(char const*)
 .text.unlikely._ZSt20__throw_length_errorPKc
                0x08005036        0x6 D:/arm32-none-none-gnueabi-toolchain/arm-gnu-toolchain-15.2.rel1-mingw-w64-x86_64-arm-none-eabi/bin/../lib/gcc/arm-none-eabi/15.2.1/../../../../arm-none-eabi/lib/thumb/v7-m/nofp\libstdc++_nano.a(functexcept.o)
                0x08005036                std::__throw_length_error(char const*)
 .text._ZdlPv   0x0800503c        0x4 D:/arm32-none-none-gnueabi-toolchain/arm-gnu-toolchain-15.2.rel1-mingw-w64-x86_64-arm-none-eabi/bin/../lib/gcc/arm-none-eabi/15.2.1/../../../../arm-none-eabi/lib/thumb/v7-m/nofp\libstdc++_nano.a(del_op.o)
                0x0800503c                operator delete(void*)
 .text._ZSt15get_new_handlerv
                0x08005040       0x10 D:/arm32-none-none-gnueabi-toolchain/arm-gnu-toolchain-15.2.rel1-mingw-w64-x86_64-arm-none-eabi/bin/../lib/gcc/arm-none-eabi/15.2.1/../../../../arm-none-eabi/lib/thumb/v7-m/nofp\libstdc++_nano.a(new_handler.o)
                0x08005040                std::get_new_handler()
 .text.abort    0x08005050        0xe D:/arm32-none-none-gnueabi-toolchain/arm-gnu-toolchain-15.2.rel1-mingw-w64-x86_64-arm-none-eabi/bin/../lib/gcc/arm-none-eabi/15.2.1/../../../../arm-none-eabi/lib/thumb/v7-m/nofp\libg_nano.a(libc_a-abort.o)
                0x08005050                abort
 *fill*         0x0800505e        0x2 
 .text.malloc   0x08005060       0x10 D:/arm32-none-none-gnueabi-toolchain/arm-gnu-toolchain-15.2.rel1-mingw-w64-x86_64-arm-none-eabi/bin/../lib/gcc/arm-none-eabi/15.2.1/../../../../arm-none-eabi/lib/thumb/v7-m/nofp\libg_nano.a(libc_a-malloc.o)
                0x08005060                malloc
 .text.free     0x08005070       0x10 D:/arm32-none-none-gnueabi-toolchain/arm-gnu-toolchain-15.2.rel1-mingw-w64-x86_64-arm-none-eabi/bin/../lib/gcc/arm-none-eabi/15.2.1/../../../../arm-none-eabi/lib/thumb/v7-m/nofp\libg_nano.a(libc_a-malloc.o)
                0x08005070                free
 .text.sbrk_aligned
                0x08005080       0x44 D:/arm32-none-none-gnueabi-toolchain/arm-gnu-toolchain-15.2.rel1-mingw-w64-x86_64-arm-none-eabi/bin/../lib/gcc/arm-none-eabi/15.2.1/../../../../arm-none-eabi/lib/thumb/v7-m/nofp\libg_nano.a(libc_a-mallocr.o)
 .text._malloc_r
                0x080050c4       0xf8 D:/arm32-none-none-gnueabi-toolchain/arm-gnu-toolchain-15.2.rel1-mingw-w64-x86_64-arm-none-eabi/bin/../lib/gcc/arm-none-eabi/15.2.1/../../../../arm-none-eabi/lib/thumb/v7-m/nofp\libg_nano.a(libc_a-mallocr.o)
                0x080050c4                _malloc_r
 .text.__malloc_lock
                0x080051bc        0xc D:/arm32-none-none-gnueabi-toolchain/arm-gnu-toolchain-15.2.rel1-mingw-w64-x86_64-arm-none-eabi/bin/../lib/gcc/arm-none-eabi/15.2.1/../../../../arm-none-eabi/lib/thumb/v7-m/nofp\libg_nano.a(libc_a-mlock.o)
                0x080051bc                __malloc_lock
 .text.__malloc_unlock
                0x080051c8        0xc D:/arm32-none-none-gnueabi-toolchain/arm-gnu-toolchain-15.2.rel1-mingw-w64-x86_64-arm-none-eabi/bin/../lib/gcc/arm-none-eabi/15.2.1/../../../../arm-none-eabi/lib/thumb/v7-m/nofp\libg_nano.a(libc_a-mlock.o)
                0x080051c8                __malloc_unlock
 .text.__cxa_atexit
                0x080051d4       0x1c D:/arm32-none-none-gnueabi-toolchain/arm-gnu-toolchain-15.2.rel1-mingw-w64-x86_64-arm-none-eabi/bin/../lib/gcc/arm-none-eabi/15.2.1/../../../../arm-none-eabi/lib/thumb/v7-m/nofp\libg_nano.a(libc_a-cxa_atexit.o)
                0x080051d4                __cxa_atexit
 .text.std      0x080051f0       0x6c D:/arm32-none-none-gnueabi-toolchain/arm-gnu-toolchain-15.2.rel1-mingw-w64-x86_64-arm-none-eabi/bin/../lib/gcc/arm-none-eabi/15.2.1/../../../../arm-none-eabi/lib/thumb/v7-m/nofp\libg_nano.a(libc_a-findfp.o)
 .text.stdio_exit_handler
                0x0800525c       0x18 D:/arm32-none-none-gnueabi-toolchain/arm-gnu-toolchain-15.2.rel1-mingw-w64-x86_64-arm-none-eabi/bin/../lib/gcc/arm-none-eabi/15.2.1/../../../../arm-none-eabi/lib/thumb/v7-m/nofp\libg_nano.a(libc_a-findfp.o)
 .text.cleanup_stdio
                0x08005274       0x40 D:/arm32-none-none-gnueabi-toolchain/arm-gnu-toolchain-15.2.rel1-mingw-w64-x86_64-arm-none-eabi/bin/../lib/gcc/arm-none-eabi/15.2.1/../../../../arm-none-eabi/lib/thumb/v7-m/nofp\libg_nano.a(libc_a-findfp.o)
 .text.global_stdio_init.part.0
                0x080052b4       0x40 D:/arm32-none-none-gnueabi-toolchain/arm-gnu-toolchain-15.2.rel1-mingw-w64-x86_64-arm-none-eabi/bin/../lib/gcc/arm-none-eabi/15.2.1/../../../../arm-none-eabi/lib/thumb/v7-m/nofp\libg_nano.a(libc_a-findfp.o)
 .text.__sfp_lock_acquire
                0x080052f4        0xc D:/arm32-none-none-gnueabi-toolchain/arm-gnu-toolchain-15.2.rel1-mingw-w64-x86_64-arm-none-eabi/bin/../lib/gcc/arm-none-eabi/15.2.1/../../../../arm-none-eabi/lib/thumb/v7-m/nofp\libg_nano.a(libc_a-findfp.o)
                0x080052f4                __sfp_lock_acquire
 .text.__sfp_lock_release
                0x08005300        0xc D:/arm32-none-none-gnueabi-toolchain/arm-gnu-toolchain-15.2.rel1-mingw-w64-x86_64-arm-none-eabi/bin/../lib/gcc/arm-none-eabi/15.2.1/../../../../arm-none-eabi/lib/thumb/v7-m/nofp\libg_nano.a(libc_a-findfp.o)
                0x08005300                __sfp_lock_release
 .text.__sinit  0x0800530c       0x30 D:/arm32-none-none-gnueabi-toolchain/arm-gnu-toolchain-15.2.rel1-mingw-w64-x86_64-arm-none-eabi/bin/../lib/gcc/arm-none-eabi/15.2.1/../../../../arm-none-eabi/lib/thumb/v7-m/nofp\libg_nano.a(libc_a-findfp.o)
                0x0800530c                __sinit
 .text._fwalk_sglue
                0x0800533c       0x3a D:/arm32-none-none-gnueabi-toolchain/arm-gnu-toolchain-15.2.rel1-mingw-w64-x86_64-arm-none-eabi/bin/../lib/gcc/arm-none-eabi/15.2.1/../../../../arm-none-eabi/lib/thumb/v7-m/nofp\libg_nano.a(libc_a-fwalk.o)
                0x0800533c                _fwalk_sglue
 *fill*         0x08005376        0x2 
 .text.printf   0x08005378       0x24 D:/arm32-none-none-gnueabi-toolchain/arm-gnu-toolchain-15.2.rel1-mingw-w64-x86_64-arm-none-eabi/bin/../lib/gcc/arm-none-eabi/15.2.1/../../../../arm-none-eabi/lib/thumb/v7-m/nofp\libg_nano.a(libc_a-printf.o)
                0x08005378                iprintf
                0x08005378                printf
 .text.__sread  0x0800539c       0x22 D:/arm32-none-none-gnueabi-toolchain/arm-gnu-toolchain-15.2.rel1-mingw-w64-x86_64-arm-none-eabi/bin/../lib/gcc/arm-none-eabi/15.2.1/../../../../arm-none-eabi/lib/thumb/v7-m/nofp\libg_nano.a(libc_a-stdio.o)
                0x0800539c                __sread
 .text.__swrite
                0x080053be       0x38 D:/arm32-none-none-gnueabi-toolchain/arm-gnu-toolchain-15.2.rel1-mingw-w64-x86_64-arm-none-eabi/bin/../lib/gcc/arm-none-eabi/15.2.1/../../../../arm-none-eabi/lib/thumb/v7-m/nofp\libg_nano.a(libc_a-stdio.o)
                0x080053be                __swrite
 .text.__sseek  0x080053f6       0x26 D:/arm32-none-none-gnueabi-toolchain/arm-gnu-toolchain-15.2.rel1-mingw-w64-x86_64-arm-none-eabi/bin/../lib/gcc/arm-none-eabi/15.2.1/../../../../arm-none-eabi/lib/thumb/v7-m/nofp\libg_nano.a(libc_a-stdio.o)
                0x080053f6                __sseek
 .text.__sclose
                0x0800541c        0x8 D:/arm32-none-none-gnueabi-toolchain/arm-gnu-toolchain-15.2.rel1-mingw-w64-x86_64-arm-none-eabi/bin/../lib/gcc/arm-none-eabi/15.2.1/../../../../arm-none-eabi/lib/thumb/v7-m/nofp\libg_nano.a(libc_a-stdio.o)
                0x0800541c                __sclose
 .text.memset   0x08005424       0x10 D:/arm32-none-none-gnueabi-toolchain/arm-gnu-toolchain-15.2.rel1-mingw-w64-x86_64-arm-none-eabi/bin/../lib/gcc/arm-none-eabi/15.2.1/../../../../arm-none-eabi/lib/thumb/v7-m/nofp\libg_nano.a(libc_a-memset.o)
                0x08005424                memset
 .text._raise_r
                0x08005434       0x50 D:/arm32-none-none-gnueabi-toolchain/arm-gnu-toolchain-15.2.rel1-mingw-w64-x86_64-arm-none-eabi/bin/../lib/gcc/arm-none-eabi/15.2.1/../../../../arm-none-eabi/lib/thumb/v7-m/nofp\libg_nano.a(libc_a-signal.o)
                0x08005434                _raise_r
 .text.raise    0x08005484       0x10 D:/arm32-none-none-gnueabi-toolchain/arm-gnu-toolchain-15.2.rel1-mingw-w64-x86_64-arm-none-eabi/bin/../lib/gcc/arm-none-eabi/15.2.1/../../../../arm-none-eabi/lib/thumb/v7-m/nofp\libg_nano.a(libc_a-signal.o)
                0x08005484                raise
 .text._close_r
                0x08005494       0x20 D:/arm32-none-none-gnueabi-toolchain/arm-gnu-toolchain-15.2.rel1-mingw-w64-x86_64-arm-none-eabi/bin/../lib/gcc/arm-none-eabi/15.2.1/../../../../arm-none-eabi/lib/thumb/v7-m/nofp\libg_nano.a(libc_a-closer.o)
                0x08005494                _close_r
 .text._lseek_r
                0x080054b4       0x24 D:/arm32-none-none-gnueabi-toolchain/arm-gnu-toolchain-15.2.rel1-mingw-w64-x86_64-arm-none-eabi/bin/../lib/gcc/arm-none-eabi/15.2.1/../../../../arm-none-eabi/lib/thumb/v7-m/nofp\libg_nano.a(libc_a-lseekr.o)
                0x080054b4                _lseek_r
 .text._read_r  0x080054d8       0x24 D:/arm32-none-none-gnueabi-toolchain/arm-gnu-toolchain-15.2.rel1-mingw-w64-x86_64-arm-none-eabi/bin/../lib/gcc/arm-none-eabi/15.2.1/../../../../arm-none-eabi/lib/thumb/v7-m/nofp\libg_nano.a(libc_a-readr.o)
                0x080054d8                _read_r
 .text._kill_r  0x080054fc       0x24 D:/arm32-none-none-gnueabi-toolchain/arm-gnu-toolchain-15.2.rel1-mingw-w64-x86_64-arm-none-eabi/bin/../lib/gcc/arm-none-eabi/15.2.1/../../../../arm-none-eabi/lib/thumb/v7-m/nofp\libg_nano.a(libc_a-signalr.o)
                0x080054fc                _kill_r
 .text._getpid_r
                0x08005520        0x4 D:/arm32-none-none-gnueabi-toolchain/arm-gnu-toolchain-15.2.rel1-mingw-w64-x86_64-arm-none-eabi/bin/../lib/gcc/arm-none-eabi/15.2.1/../../../../arm-none-eabi/lib/thumb/v7-m/nofp\libg_nano.a(libc_a-signalr.o)
                0x08005520                _getpid_r
 .text._sbrk_r  0x08005524       0x20 D:/arm32-none-none-gnueabi-toolchain/arm-gnu-toolchain-15.2.rel1-mingw-w64-x86_64-arm-none-eabi/bin/../lib/gcc/arm-none-eabi/15.2.1/../../../../arm-none-eabi/lib/thumb/v7-m/nofp\libg_nano.a(libc_a-sbrkr.o)
                0x08005524                _sbrk_r
 .text._write_r
                0x08005544       0x24 D:/arm32-none-none-gnueabi-toolchain/arm-gnu-toolchain-15.2.rel1-mingw-w64-x86_64-arm-none-eabi/bin/../lib/gcc/arm-none-eabi/15.2.1/../../../../arm-none-eabi/lib/thumb/v7-m/nofp\libg_nano.a(libc_a-writer.o)
                0x08005544                _write_r
 .text.__errno  0x08005568        0xc D:/arm32-none-none-gnueabi-toolchain/arm-gnu-toolchain-15.2.rel1-mingw-w64-x86_64-arm-none-eabi/bin/../lib/gcc/arm-none-eabi/15.2.1/../../../../arm-none-eabi/lib/thumb/v7-m/nofp\libg_nano.a(libc_a-errno.o)
                0x08005568                __errno
 .text.__libc_init_array
                0x08005574       0x48 D:/arm32-none-none-gnueabi-toolchain/arm-gnu-toolchain-15.2.rel1-mingw-w64-x86_64-arm-none-eabi/bin/../lib/gcc/arm-none-eabi/15.2.1/../../../../arm-none-eabi/lib/thumb/v7-m/nofp\libg_nano.a(libc_a-init.o)
                0x08005574                __libc_init_array
 .text.__retarget_lock_init_recursive
                0x080055bc        0x2 D:/arm32-none-none-gnueabi-toolchain/arm-gnu-toolchain-15.2.rel1-mingw-w64-x86_64-arm-none-eabi/bin/../lib/gcc/arm-none-eabi/15.2.1/../../../../arm-none-eabi/lib/thumb/v7-m/nofp\libg_nano.a(libc_a-lock.o)
                0x080055bc                __retarget_lock_init_recursive
 .text.__retarget_lock_acquire_recursive
                0x080055be        0x2 D:/arm32-none-none-gnueabi-toolchain/arm-gnu-toolchain-15.2.rel1-mingw-w64-x86_64-arm-none-eabi/bin/../lib/gcc/arm-none-eabi/15.2.1/../../../../arm-none-eabi/lib/thumb/v7-m/nofp\libg_nano.a(libc_a-lock.o)
                0x080055be                __retarget_lock_acquire_recursive
 .text.__retarget_lock_release_recursive
                0x080055c0        0x2 D:/arm32-none-none-gnueabi-toolchain/arm-gnu-toolchain-15.2.rel1-mingw-w64-x86_64-arm-none-eabi/bin/../lib/gcc/arm-none-eabi/15.2.1/../../../../arm-none-eabi/lib/thumb/v7-m/nofp\libg_nano.a(libc_a-lock.o)
                0x080055c0                __retarget_lock_release_recursive
 .text.memcpy   0x080055c2       0x1c D:/arm32-none-none-gnueabi-toolchain/arm-gnu-toolchain-15.2.rel1-mingw-w64-x86_64-arm-none-eabi/bin/../lib/gcc/arm-none-eabi/15.2.1/../../../../arm-none-eabi/lib/thumb/v7-m/nofp\libg_nano.a(libc_a-memcpy-stub.o)
                0x080055c2                memcpy
 *fill*         0x080055de        0x2 
 .text._free_r  0x080055e0       0x94 D:/arm32-none-none-gnueabi-toolchain/arm-gnu-toolchain-15.2.rel1-mingw-w64-x86_64-arm-none-eabi/bin/../lib/gcc/arm-none-eabi/15.2.1/../../../../arm-none-eabi/lib/thumb/v7-m/nofp\libg_nano.a(libc_a-freer.o)
                0x080055e0                _free_r
 .text.__sfputc_r
                0x08005674       0x2a D:/arm32-none-none-gnueabi-toolchain/arm-gnu-toolchain-15.2.rel1-mingw-w64-x86_64-arm-none-eabi/bin/../lib/gcc/arm-none-eabi/15.2.1/../../../../arm-none-eabi/lib/thumb/v7-m/nofp\libg_nano.a(libc_a-nano-vfprintf.o)
 .text.__sfputs_r
                0x0800569e       0x24 D:/arm32-none-none-gnueabi-toolchain/arm-gnu-toolchain-15.2.rel1-mingw-w64-x86_64-arm-none-eabi/bin/../lib/gcc/arm-none-eabi/15.2.1/../../../../arm-none-eabi/lib/thumb/v7-m/nofp\libg_nano.a(libc_a-nano-vfprintf.o)
                0x0800569e                __sfputs_r
 *fill*         0x080056c2        0x2 
 .text._vfprintf_r
                0x080056c4      0x228 D:/arm32-none-none-gnueabi-toolchain/arm-gnu-toolchain-15.2.rel1-mingw-w64-x86_64-arm-none-eabi/bin/../lib/gcc/arm-none-eabi/15.2.1/../../../../arm-none-eabi/lib/thumb/v7-m/nofp\libg_nano.a(libc_a-nano-vfprintf.o)
                0x080056c4                _vfprintf_r
                0x080056c4                _vfiprintf_r
 .text._printf_common
                0x080058ec       0xea D:/arm32-none-none-gnueabi-toolchain/arm-gnu-toolchain-15.2.rel1-mingw-w64-x86_64-arm-none-eabi/bin/../lib/gcc/arm-none-eabi/15.2.1/../../../../arm-none-eabi/lib/thumb/v7-m/nofp\libg_nano.a(libc_a-nano-vfprintf_i.o)
                0x080058ec                _printf_common
 *fill*         0x080059d6        0x2 
 .text._printf_i
                0x080059d8      0x254 D:/arm32-none-none-gnueabi-toolchain/arm-gnu-toolchain-15.2.rel1-mingw-w64-x86_64-arm-none-eabi/bin/../lib/gcc/arm-none-eabi/15.2.1/../../../../arm-none-eabi/lib/thumb/v7-m/nofp\libg_nano.a(libc_a-nano-vfprintf_i.o)
                0x080059d8                _printf_i
 .text.__sflush_r
                0x08005c2c       0xf8 D:/arm32-none-none-gnueabi-toolchain/arm-gnu-toolchain-15.2.rel1-mingw-w64-x86_64-arm-none-eabi/bin/../lib/gcc/arm-none-eabi/15.2.1/../../../../arm-none-eabi/lib/thumb/v7-m/nofp\libg_nano.a(libc_a-fflush.o)
                0x08005c2c                __sflush_r
 .text._fflush_r
                0x08005d24       0x50 D:/arm32-none-none-gnueabi-toolchain/arm-gnu-toolchain-15.2.rel1-mingw-w64-x86_64-arm-none-eabi/bin/../lib/gcc/arm-none-eabi/15.2.1/../../../../arm-none-eabi/lib/thumb/v7-m/nofp\libg_nano.a(libc_a-fflush.o)
                0x08005d24                _fflush_r
 .text.__swbuf_r
                0x08005d74       0x7a D:/arm32-none-none-gnueabi-toolchain/arm-gnu-toolchain-15.2.rel1-mingw-w64-x86_64-arm-none-eabi/bin/../lib/gcc/arm-none-eabi/15.2.1/../../../../arm-none-eabi/lib/thumb/v7-m/nofp\libg_nano.a(libc_a-wbuf.o)
                0x08005d74                __swbuf_r
 *fill*         0x08005dee        0x2 
 .text.__swsetup_r
                0x08005df0       0xa8 D:/arm32-none-none-gnueabi-toolchain/arm-gnu-toolchain-15.2.rel1-mingw-w64-x86_64-arm-none-eabi/bin/../lib/gcc/arm-none-eabi/15.2.1/../../../../arm-none-eabi/lib/thumb/v7-m/nofp\libg_nano.a(libc_a-wsetup.o)
                0x08005df0                __swsetup_r
 .text.memchr   0x08005e98       0x1c D:/arm32-none-none-gnueabi-toolchain/arm-gnu-toolchain-15.2.rel1-mingw-w64-x86_64-arm-none-eabi/bin/../lib/gcc/arm-none-eabi/15.2.1/../../../../arm-none-eabi/lib/thumb/v7-m/nofp\libg_nano.a(libc_a-memchr-stub.o)
                0x08005e98                memchr
 .text.__swhatbuf_r
                0x08005eb4       0x48 D:/arm32-none-none-gnueabi-toolchain/arm-gnu-toolchain-15.2.rel1-mingw-w64-x86_64-arm-none-eabi/bin/../lib/gcc/arm-none-eabi/15.2.1/../../../../arm-none-eabi/lib/thumb/v7-m/nofp\libg_nano.a(libc_a-makebuf.o)
                0x08005eb4                __swhatbuf_r
 .text.__smakebuf_r
                0x08005efc       0x72 D:/arm32-none-none-gnueabi-toolchain/arm-gnu-toolchain-15.2.rel1-mingw-w64-x86_64-arm-none-eabi/bin/../lib/gcc/arm-none-eabi/15.2.1/../../../../arm-none-eabi/lib/thumb/v7-m/nofp\libg_nano.a(libc_a-makebuf.o)
                0x08005efc                __smakebuf_r
 *fill*         0x08005f6e        0x2 
 .text._fstat_r
                0x08005f70       0x24 D:/arm32-none-none-gnueabi-toolchain/arm-gnu-toolchain-15.2.rel1-mingw-w64-x86_64-arm-none-eabi/bin/../lib/gcc/arm-none-eabi/15.2.1/../../../../arm-none-eabi/lib/thumb/v7-m/nofp\libg_nano.a(libc_a-fstatr.o)
                0x08005f70                _fstat_r
 .text._isatty_r
                0x08005f94       0x20 D:/arm32-none-none-gnueabi-toolchain/arm-gnu-toolchain-15.2.rel1-mingw-w64-x86_64-arm-none-eabi/bin/../lib/gcc/arm-none-eabi/15.2.1/../../../../arm-none-eabi/lib/thumb/v7-m/nofp\libg_nano.a(libc_a-isattyr.o)
                0x08005f94                _isatty_r
 *(.glue_7)
 .glue_7        0x08005fb4        0x0 linker stubs
 *(.glue_7t)
 .glue_7t       0x08005fb4        0x0 linker stubs
 *(.eh_frame)
 .eh_frame      0x08005fb4        0x0 D:/arm32-none-none-gnueabi-toolchain/arm-gnu-toolchain-15.2.rel1-mingw-w64-x86_64-arm-none-eabi/bin/../lib/gcc/arm-none-eabi/15.2.1/thumb/v7-m/nofp/crtbegin.o
 *(.init)
 .init          0x08005fb4        0x4 D:/arm32-none-none-gnueabi-toolchain/arm-gnu-toolchain-15.2.rel1-mingw-w64-x86_64-arm-none-eabi/bin/../lib/gcc/arm-none-eabi/15.2.1/thumb/v7-m/nofp/crti.o
                0x08005fb4                _init
 .init          0x08005fb8        0x8 D:/arm32-none-none-gnueabi-toolchain/arm-gnu-toolchain-15.2.rel1-mingw-w64-x86_64-arm-none-eabi/bin/../lib/gcc/arm-none-eabi/15.2.1/thumb/v7-m/nofp/crtn.o
 *(.fini)
 .fini          0x08005fc0        0x4 D:/arm32-none-none-gnueabi-toolchain/arm-gnu-toolchain-15.2.rel1-mingw-w64-x86_64-arm-none-eabi/bin/../lib/gcc/arm-none-eabi/15.2.1/thumb/v7-m/nofp/crti.o
                0x08005fc0                _fini
 .fini          0x08005fc4        0x8 D:/arm32-none-none-gnueabi-toolchain/arm-gnu-toolchain-15.2.rel1-mingw-w64-x86_64-arm-none-eabi/bin/../lib/gcc/arm-none-eabi/15.2.1/thumb/v7-m/nofp/crtn.o
                0x08005fcc                        . = ALIGN (0x4)
                0x08005fcc                        _etext = .

.vfp11_veneer   0x08005fcc        0x0
 .vfp11_veneer  0x08005fcc        0x0 linker stubs

.v4_bx          0x08005fcc        0x0
 .v4_bx         0x08005fcc        0x0 linker stubs

.iplt           0x08005fcc        0x0
 .iplt          0x08005fcc        0x0 D:/arm32-none-none-gnueabi-toolchain/arm-gnu-toolchain-15.2.rel1-mingw-w64-x86_64-arm-none-eabi/bin/../lib/gcc/arm-none-eabi/15.2.1/thumb/v7-m/nofp/crtbegin.o

.rodata         0x08005fcc      0x10c
                0x08005fcc                        . = ALIGN (0x4)
 *(.rodata)
 .rodata        0x08005fcc       0x18 Soft_Drivers/CMakeFiles/soft_drivers.dir/Src/my_i2c.cpp.obj
 .rodata        0x08005fe4       0x58 Devices/CMakeFiles/devices.dir/Src/mpu6050.cpp.obj
 .rodata        0x0800603c       0x33 Application/CMakeFiles/app.dir/Src/app.cpp.obj
 *fill*         0x0800606f        0x1 
 .rodata        0x08006070        0x5 MiddleWare/FreeRTOS/libfreertos.a(tasks.c.obj)
 *(.rodata*)
 *fill*         0x08006075        0x3 
 .rodata.AHBPrescTable
                0x08006078       0x10 cmake/stm32cubemx/CMakeFiles/STM32_Drivers.dir/__/__/Core/Src/system_stm32f1xx.c.obj
                0x08006078                AHBPrescTable
 .rodata.APBPrescTable
                0x08006088        0x8 cmake/stm32cubemx/CMakeFiles/STM32_Drivers.dir/__/__/Core/Src/system_stm32f1xx.c.obj
                0x08006088                APBPrescTable
 .rodata.aPLLMULFactorTable.1
                0x08006090       0x10 cmake/stm32cubemx/CMakeFiles/STM32_Drivers.dir/__/__/Drivers/STM32F1xx_HAL_Driver/Src/stm32f1xx_hal_rcc.c.obj
 .rodata.aPredivFactorTable.0
                0x080060a0        0x2 cmake/stm32cubemx/CMakeFiles/STM32_Drivers.dir/__/__/Drivers/STM32F1xx_HAL_Driver/Src/stm32f1xx_hal_rcc.c.obj
 .rodata._vfprintf_r.str1.1
                0x080060a2       0x33 D:/arm32-none-none-gnueabi-toolchain/arm-gnu-toolchain-15.2.rel1-mingw-w64-x86_64-arm-none-eabi/bin/../lib/gcc/arm-none-eabi/15.2.1/../../../../arm-none-eabi/lib/thumb/v7-m/nofp\libg_nano.a(libc_a-nano-vfprintf.o)
                                 0x11 (size before relaxing)
 .rodata._printf_i.str1.1
                0x080060d5        0x0 D:/arm32-none-none-gnueabi-toolchain/arm-gnu-toolchain-15.2.rel1-mingw-w64-x86_64-arm-none-eabi/bin/../lib/gcc/arm-none-eabi/15.2.1/../../../../arm-none-eabi/lib/thumb/v7-m/nofp\libg_nano.a(libc_a-nano-vfprintf_i.o)
                                 0x22 (size before relaxing)
                0x080060d8                        . = ALIGN (0x4)
 *fill*         0x080060d5        0x3 

.ARM.extab      0x080060d8        0x0
                0x080060d8                        . = ALIGN (0x4)
 *(.ARM.extab* .gnu.linkonce.armextab.*)
                0x080060d8                        . = ALIGN (0x4)

.ARM            0x080060d8        0x8
                0x080060d8                        . = ALIGN (0x4)
                0x080060d8                        __exidx_start = .
 *(.ARM.exidx*)
 .ARM.exidx     0x080060d8        0x8 D:/arm32-none-none-gnueabi-toolchain/arm-gnu-toolchain-15.2.rel1-mingw-w64-x86_64-arm-none-eabi/bin/../lib/gcc/arm-none-eabi/15.2.1/../../../../arm-none-eabi/lib/thumb/v7-m/nofp\libg_nano.a(libc_a-strlen.o)
                0x080060e0                        __exidx_end = .
                0x080060e0                        . = ALIGN (0x4)

.preinit_array  0x080060e0        0x0
                0x080060e0                        . = ALIGN (0x4)
                0x080060e0                        PROVIDE (__preinit_array_start = .)
 *(.preinit_array*)
                0x080060e0                        PROVIDE (__preinit_array_end = .)
                0x080060e0                        . = ALIGN (0x4)

.init_array     0x080060e0        0x4
                0x080060e0                        . = ALIGN (0x4)
                0x080060e0                        PROVIDE (__init_array_start = .)
 *(SORT_BY_NAME(.init_array.*))
 *(.init_array*)
 .init_array    0x080060e0        0x4 D:/arm32-none-none-gnueabi-toolchain/arm-gnu-toolchain-15.2.rel1-mingw-w64-x86_64-arm-none-eabi/bin/../lib/gcc/arm-none-eabi/15.2.1/thumb/v7-m/nofp/crtbegin.o
                0x080060e4                        PROVIDE (__init_array_end = .)
                0x080060e4                        . = ALIGN (0x4)

.fini_array     0x080060e4        0x4
                0x080060e4                        . = ALIGN (0x4)
                [!provide]                        PROVIDE (__fini_array_start = .)
 *(SORT_BY_NAME(.fini_array.*))
 *(.fini_array*)
 .fini_array    0x080060e4        0x4 D:/arm32-none-none-gnueabi-toolchain/arm-gnu-toolchain-15.2.rel1-mingw-w64-x86_64-arm-none-eabi/bin/../lib/gcc/arm-none-eabi/15.2.1/thumb/v7-m/nofp/crtbegin.o
                [!provide]                        PROVIDE (__fini_array_end = .)
                0x080060e8                        . = ALIGN (0x4)
                0x080060e8                        _sidata = LOADADDR (.data)

.rel.dyn        0x080060e8        0x0
 .rel.iplt      0x080060e8        0x0 D:/arm32-none-none-gnueabi-toolchain/arm-gnu-toolchain-15.2.rel1-mingw-w64-x86_64-arm-none-eabi/bin/../lib/gcc/arm-none-eabi/15.2.1/thumb/v7-m/nofp/crtbegin.o

.data           0x20000000       0x70 load address 0x080060e8
                0x20000000                        . = ALIGN (0x4)
                0x20000000                        _sdata = .
 *(.data)
 *(.data*)
 .data.__dso_handle
                0x20000000        0x4 D:/arm32-none-none-gnueabi-toolchain/arm-gnu-toolchain-15.2.rel1-mingw-w64-x86_64-arm-none-eabi/bin/../lib/gcc/arm-none-eabi/15.2.1/thumb/v7-m/nofp/crtbegin.o
                0x20000000                __dso_handle
 .data.SystemCoreClock
                0x20000004        0x4 cmake/stm32cubemx/CMakeFiles/STM32_Drivers.dir/__/__/Core/Src/system_stm32f1xx.c.obj
                0x20000004                SystemCoreClock
 .data.uwTickPrio
                0x20000008        0x4 cmake/stm32cubemx/CMakeFiles/STM32_Drivers.dir/__/__/Drivers/STM32F1xx_HAL_Driver/Src/stm32f1xx_hal.c.obj
                0x20000008                uwTickPrio
 .data.uwTickFreq
                0x2000000c        0x1 cmake/stm32cubemx/CMakeFiles/STM32_Drivers.dir/__/__/Drivers/STM32F1xx_HAL_Driver/Src/stm32f1xx_hal.c.obj
                0x2000000c                uwTickFreq
 *fill*         0x2000000d        0x3 
 .data.uxCriticalNesting
                0x20000010        0x4 MiddleWare/FreeRTOS/libfreertos.a(port.c.obj)
 .data.__sglue  0x20000014        0xc D:/arm32-none-none-gnueabi-toolchain/arm-gnu-toolchain-15.2.rel1-mingw-w64-x86_64-arm-none-eabi/bin/../lib/gcc/arm-none-eabi/15.2.1/../../../../arm-none-eabi/lib/thumb/v7-m/nofp\libg_nano.a(libc_a-findfp.o)
                0x20000014                __sglue
 .data._impure_ptr
                0x20000020        0x4 D:/arm32-none-none-gnueabi-toolchain/arm-gnu-toolchain-15.2.rel1-mingw-w64-x86_64-arm-none-eabi/bin/../lib/gcc/arm-none-eabi/15.2.1/../../../../arm-none-eabi/lib/thumb/v7-m/nofp\libg_nano.a(libc_a-impure.o)
                0x20000020                _impure_ptr
 .data._impure_data
                0x20000024       0x4c D:/arm32-none-none-gnueabi-toolchain/arm-gnu-toolchain-15.2.rel1-mingw-w64-x86_64-arm-none-eabi/bin/../lib/gcc/arm-none-eabi/15.2.1/../../../../arm-none-eabi/lib/thumb/v7-m/nofp\libg_nano.a(libc_a-impure.o)
                0x20000024                _impure_data
 *(.RamFunc)
 *(.RamFunc*)
                0x20000070                        . = ALIGN (0x4)

.tm_clone_table
                0x20000070        0x0 load address 0x08006158
 .tm_clone_table
                0x20000070        0x0 D:/arm32-none-none-gnueabi-toolchain/arm-gnu-toolchain-15.2.rel1-mingw-w64-x86_64-arm-none-eabi/bin/../lib/gcc/arm-none-eabi/15.2.1/thumb/v7-m/nofp/crtbegin.o
 .tm_clone_table
                0x20000070        0x0 D:/arm32-none-none-gnueabi-toolchain/arm-gnu-toolchain-15.2.rel1-mingw-w64-x86_64-arm-none-eabi/bin/../lib/gcc/arm-none-eabi/15.2.1/thumb/v7-m/nofp/crtend.o

.igot.plt       0x20000070        0x0 load address 0x08006158
 .igot.plt      0x20000070        0x0 D:/arm32-none-none-gnueabi-toolchain/arm-gnu-toolchain-15.2.rel1-mingw-w64-x86_64-arm-none-eabi/bin/../lib/gcc/arm-none-eabi/15.2.1/thumb/v7-m/nofp/crtbegin.o

.tdata          0x20000070        0x0 load address 0x08006158
 *(.tdata .tdata.* .gnu.linkonce.td.*)
                0x20000070                        . = ALIGN (0x4)
                0x20000070                        _edata = .
                [!provide]                        PROVIDE (__data_end = .)
                [!provide]                        PROVIDE (__tdata_end = .)
                [!provide]                        PROVIDE (__tdata_start = ADDR (.tdata))
                [!provide]                        PROVIDE (__tdata_size = (__tdata_end - __tdata_start))
                [!provide]                        PROVIDE (__data_start = ADDR (.data))
                [!provide]                        PROVIDE (__data_size = (__data_end - __data_start))
                [!provide]                        PROVIDE (__tdata_source = LOADADDR (.tdata))
                [!provide]                        PROVIDE (__tdata_source_end = (LOADADDR (.tdata) + SIZEOF (.tdata)))
                [!provide]                        PROVIDE (__tdata_source_size = (__tdata_source_end - __tdata_source))
                [!provide]                        PROVIDE (__data_source = LOADADDR (.data))
                [!provide]                        PROVIDE (__data_source_end = __tdata_source_end)
                [!provide]                        PROVIDE (__data_source_size = (__data_source_end - __data_source))

.tbss           0x20000070        0x0 load address 0x08006158
                0x20000070                        _sbss = .
                0x20000070                        __bss_start__ = _sbss
 *(.tbss .tbss.*)
                0x20000070                        . = ALIGN (0x4)
                [!provide]                        PROVIDE (__tbss_end = .)
                [!provide]                        PROVIDE (__tbss_start = ADDR (.tbss))
                [!provide]                        PROVIDE (__tbss_size = (__tbss_end - __tbss_start))
                [!provide]                        PROVIDE (__tbss_offset = (ADDR (.tbss) - ADDR (.tdata)))
                [!provide]                        PROVIDE (__tls_base = __tdata_start)
                [!provide]                        PROVIDE (__tls_end = __tbss_end)
                [!provide]                        PROVIDE (__tls_size = (__tls_end - __tls_base))
                [!provide]                        PROVIDE (__tls_align = MAX (ALIGNOF (.tdata), ALIGNOF (.tbss)))
                [!provide]                        PROVIDE (__tls_size_align = (((__tls_size + __tls_align) - 0x1) & ~ ((__tls_align - 0x1))))
                [!provide]                        PROVIDE (__arm32_tls_tcb_offset = MAX (0x8, __tls_align))
                [!provide]                        PROVIDE (__arm64_tls_tcb_offset = MAX (0x10, __tls_align))

.bss            0x20000070     0x47fc load address 0x08006158
 *(.bss)
 *(.bss*)
 .bss.completed.1
                0x20000070        0x1 D:/arm32-none-none-gnueabi-toolchain/arm-gnu-toolchain-15.2.rel1-mingw-w64-x86_64-arm-none-eabi/bin/../lib/gcc/arm-none-eabi/15.2.1/thumb/v7-m/nofp/crtbegin.o
 *fill*         0x20000071        0x3 
 .bss.object.0  0x20000074       0x18 D:/arm32-none-none-gnueabi-toolchain/arm-gnu-toolchain-15.2.rel1-mingw-w64-x86_64-arm-none-eabi/bin/../lib/gcc/arm-none-eabi/15.2.1/thumb/v7-m/nofp/crtbegin.o
 .bss.uwTick    0x2000008c        0x4 cmake/stm32cubemx/CMakeFiles/STM32_Drivers.dir/__/__/Drivers/STM32F1xx_HAL_Driver/Src/stm32f1xx_hal.c.obj
                0x2000008c                uwTick
 .bss._ZL12mpu6050_data
                0x20000090        0xe Application/CMakeFiles/app.dir/Src/app.cpp.obj
 *fill*         0x2000009e        0x2 
 .bss._ZL32mpu6050_task_collect_data_handle
                0x200000a0        0x4 Application/CMakeFiles/app.dir/Src/app.cpp.obj
 .bss._ZZL25mpu6050_task_collect_dataPvE2m1
                0x200000a4       0x28 Application/CMakeFiles/app.dir/Src/app.cpp.obj
 .bss._ZGVZL25mpu6050_task_collect_dataPvE2m1
                0x200000cc        0x4 Application/CMakeFiles/app.dir/Src/app.cpp.obj
 .bss._ZL17start_task_handle
                0x200000d0        0x4 Application/CMakeFiles/app.dir/Src/app.cpp.obj
 .bss.htim2     0x200000d4       0x48 CMakeFiles/project1_stm32.dir/Core/Src/tim.c.obj
                0x200000d4                htim2
 .bss.huart1    0x2000011c       0x48 CMakeFiles/project1_stm32.dir/Core/Src/usart.c.obj
                0x2000011c                huart1
 .bss.huart2    0x20000164       0x48 CMakeFiles/project1_stm32.dir/Core/Src/usart.c.obj
                0x20000164                huart2
 .bss.htim7     0x200001ac       0x48 CMakeFiles/project1_stm32.dir/Core/Src/stm32f1xx_hal_timebase_tim.c.obj
                0x200001ac                htim7
 .bss.__sbrk_heap_end
                0x200001f4        0x4 CMakeFiles/project1_stm32.dir/Core/Src/sysmem.c.obj
 .bss.pxCurrentTCB
                0x200001f8        0x4 MiddleWare/FreeRTOS/libfreertos.a(tasks.c.obj)
                0x200001f8                pxCurrentTCB
 .bss.pxReadyTasksLists
                0x200001fc       0x64 MiddleWare/FreeRTOS/libfreertos.a(tasks.c.obj)
 .bss.xDelayedTaskList1
                0x20000260       0x14 MiddleWare/FreeRTOS/libfreertos.a(tasks.c.obj)
 .bss.xDelayedTaskList2
                0x20000274       0x14 MiddleWare/FreeRTOS/libfreertos.a(tasks.c.obj)
 .bss.pxDelayedTaskList
                0x20000288        0x4 MiddleWare/FreeRTOS/libfreertos.a(tasks.c.obj)
 .bss.pxOverflowDelayedTaskList
                0x2000028c        0x4 MiddleWare/FreeRTOS/libfreertos.a(tasks.c.obj)
 .bss.xPendingReadyList
                0x20000290       0x14 MiddleWare/FreeRTOS/libfreertos.a(tasks.c.obj)
 .bss.xTasksWaitingTermination
                0x200002a4       0x14 MiddleWare/FreeRTOS/libfreertos.a(tasks.c.obj)
 .bss.uxDeletedTasksWaitingCleanUp
                0x200002b8        0x4 MiddleWare/FreeRTOS/libfreertos.a(tasks.c.obj)
 .bss.xSuspendedTaskList
                0x200002bc       0x14 MiddleWare/FreeRTOS/libfreertos.a(tasks.c.obj)
 .bss.uxCurrentNumberOfTasks
                0x200002d0        0x4 MiddleWare/FreeRTOS/libfreertos.a(tasks.c.obj)
 .bss.xTickCount
                0x200002d4        0x4 MiddleWare/FreeRTOS/libfreertos.a(tasks.c.obj)
 .bss.uxTopReadyPriority
                0x200002d8        0x4 MiddleWare/FreeRTOS/libfreertos.a(tasks.c.obj)
 .bss.xSchedulerRunning
                0x200002dc        0x4 MiddleWare/FreeRTOS/libfreertos.a(tasks.c.obj)
 .bss.xPendedTicks
                0x200002e0        0x4 MiddleWare/FreeRTOS/libfreertos.a(tasks.c.obj)
 .bss.xYieldPending
                0x200002e4        0x4 MiddleWare/FreeRTOS/libfreertos.a(tasks.c.obj)
 .bss.xNumOfOverflows
                0x200002e8        0x4 MiddleWare/FreeRTOS/libfreertos.a(tasks.c.obj)
 .bss.uxTaskNumber
                0x200002ec        0x4 MiddleWare/FreeRTOS/libfreertos.a(tasks.c.obj)
 .bss.xNextTaskUnblockTime
                0x200002f0        0x4 MiddleWare/FreeRTOS/libfreertos.a(tasks.c.obj)
 .bss.xIdleTaskHandle
                0x200002f4        0x4 MiddleWare/FreeRTOS/libfreertos.a(tasks.c.obj)
 .bss.uxSchedulerSuspended
                0x200002f8        0x4 MiddleWare/FreeRTOS/libfreertos.a(tasks.c.obj)
 .bss.ucHeap    0x200002fc     0x4400 MiddleWare/FreeRTOS/libfreertos.a(heap_4.c.obj)
 .bss.xStart    0x200046fc        0x8 MiddleWare/FreeRTOS/libfreertos.a(heap_4.c.obj)
 .bss.pxEnd     0x20004704        0x4 MiddleWare/FreeRTOS/libfreertos.a(heap_4.c.obj)
 .bss.xFreeBytesRemaining
                0x20004708        0x4 MiddleWare/FreeRTOS/libfreertos.a(heap_4.c.obj)
 .bss.xMinimumEverFreeBytesRemaining
                0x2000470c        0x4 MiddleWare/FreeRTOS/libfreertos.a(heap_4.c.obj)
 .bss.xNumberOfSuccessfulAllocations
                0x20004710        0x4 MiddleWare/FreeRTOS/libfreertos.a(heap_4.c.obj)
 .bss.xNumberOfSuccessfulFrees
                0x20004714        0x4 MiddleWare/FreeRTOS/libfreertos.a(heap_4.c.obj)
 .bss.xBlockAllocatedBit
                0x20004718        0x4 MiddleWare/FreeRTOS/libfreertos.a(heap_4.c.obj)
 .bss._ZN12_GLOBAL__N_1L13__new_handlerE
                0x2000471c        0x4 D:/arm32-none-none-gnueabi-toolchain/arm-gnu-toolchain-15.2.rel1-mingw-w64-x86_64-arm-none-eabi/bin/../lib/gcc/arm-none-eabi/15.2.1/../../../../arm-none-eabi/lib/thumb/v7-m/nofp\libstdc++_nano.a(new_handler.o)
 .bss.__malloc_sbrk_start
                0x20004720        0x4 D:/arm32-none-none-gnueabi-toolchain/arm-gnu-toolchain-15.2.rel1-mingw-w64-x86_64-arm-none-eabi/bin/../lib/gcc/arm-none-eabi/15.2.1/../../../../arm-none-eabi/lib/thumb/v7-m/nofp\libg_nano.a(libc_a-mallocr.o)
                0x20004720                __malloc_sbrk_start
 .bss.__malloc_free_list
                0x20004724        0x4 D:/arm32-none-none-gnueabi-toolchain/arm-gnu-toolchain-15.2.rel1-mingw-w64-x86_64-arm-none-eabi/bin/../lib/gcc/arm-none-eabi/15.2.1/../../../../arm-none-eabi/lib/thumb/v7-m/nofp\libg_nano.a(libc_a-mallocr.o)
                0x20004724                __malloc_free_list
 .bss.__sf      0x20004728      0x138 D:/arm32-none-none-gnueabi-toolchain/arm-gnu-toolchain-15.2.rel1-mingw-w64-x86_64-arm-none-eabi/bin/../lib/gcc/arm-none-eabi/15.2.1/../../../../arm-none-eabi/lib/thumb/v7-m/nofp\libg_nano.a(libc_a-findfp.o)
                0x20004728                __sf
 .bss.__stdio_exit_handler
                0x20004860        0x4 D:/arm32-none-none-gnueabi-toolchain/arm-gnu-toolchain-15.2.rel1-mingw-w64-x86_64-arm-none-eabi/bin/../lib/gcc/arm-none-eabi/15.2.1/../../../../arm-none-eabi/lib/thumb/v7-m/nofp\libg_nano.a(libc_a-findfp.o)
                0x20004860                __stdio_exit_handler
 .bss.errno     0x20004864        0x4 D:/arm32-none-none-gnueabi-toolchain/arm-gnu-toolchain-15.2.rel1-mingw-w64-x86_64-arm-none-eabi/bin/../lib/gcc/arm-none-eabi/15.2.1/../../../../arm-none-eabi/lib/thumb/v7-m/nofp\libg_nano.a(libc_a-reent.o)
                0x20004864                errno
 .bss.__lock___malloc_recursive_mutex
                0x20004868        0x1 D:/arm32-none-none-gnueabi-toolchain/arm-gnu-toolchain-15.2.rel1-mingw-w64-x86_64-arm-none-eabi/bin/../lib/gcc/arm-none-eabi/15.2.1/../../../../arm-none-eabi/lib/thumb/v7-m/nofp\libg_nano.a(libc_a-lock.o)
                0x20004868                __lock___malloc_recursive_mutex
 .bss.__lock___sfp_recursive_mutex
                0x20004869        0x1 D:/arm32-none-none-gnueabi-toolchain/arm-gnu-toolchain-15.2.rel1-mingw-w64-x86_64-arm-none-eabi/bin/../lib/gcc/arm-none-eabi/15.2.1/../../../../arm-none-eabi/lib/thumb/v7-m/nofp\libg_nano.a(libc_a-lock.o)
                0x20004869                __lock___sfp_recursive_mutex
 *(COMMON)
                0x2000486c                        . = ALIGN (0x4)
 *fill*         0x2000486a        0x2 
                0x2000486c                        _ebss = .
                0x2000486c                        __bss_end__ = _ebss
                [!provide]                        PROVIDE (__bss_end = .)
                [!provide]                        PROVIDE (__non_tls_bss_start = ADDR (.bss))
                [!provide]                        PROVIDE (__bss_start = __tbss_start)
                [!provide]                        PROVIDE (__bss_size = (__bss_end - __bss_start))

._user_heap_stack
                0x2000486c      0x604 load address 0x08006158
                0x20004870                        . = ALIGN (0x8)
 *fill*         0x2000486c        0x4 
                [!provide]                        PROVIDE (end = .)
                0x20004870                        PROVIDE (_end = .)
                0x20004a70                        . = (. + _Min_Heap_Size)
 *fill*         0x20004870      0x200 
                0x20004e70                        . = (. + _Min_Stack_Size)
 *fill*         0x20004a70      0x400 
                0x20004e70                        . = ALIGN (0x8)

/DISCARD/
 libc.a:*(*)
 libm.a:*(*)
 libgcc.a:*(*)
OUTPUT(project1_stm32.elf elf32-littlearm)
LOAD linker stubs

.ARM.attributes
                0x00000000       0x29
 .ARM.attributes
                0x00000000       0x1d D:/arm32-none-none-gnueabi-toolchain/arm-gnu-toolchain-15.2.rel1-mingw-w64-x86_64-arm-none-eabi/bin/../lib/gcc/arm-none-eabi/15.2.1/thumb/v7-m/nofp/crti.o
 .ARM.attributes
                0x0000001d       0x2d D:/arm32-none-none-gnueabi-toolchain/arm-gnu-toolchain-15.2.rel1-mingw-w64-x86_64-arm-none-eabi/bin/../lib/gcc/arm-none-eabi/15.2.1/thumb/v7-m/nofp/crtbegin.o
 .ARM.attributes
                0x0000004a       0x2d cmake/stm32cubemx/CMakeFiles/STM32_Drivers.dir/__/__/Core/Src/system_stm32f1xx.c.obj
 .ARM.attributes
                0x00000077       0x2d cmake/stm32cubemx/CMakeFiles/STM32_Drivers.dir/__/__/Drivers/STM32F1xx_HAL_Driver/Src/stm32f1xx_hal_tim.c.obj
 .ARM.attributes
                0x000000a4       0x2d cmake/stm32cubemx/CMakeFiles/STM32_Drivers.dir/__/__/Drivers/STM32F1xx_HAL_Driver/Src/stm32f1xx_hal_tim_ex.c.obj
 .ARM.attributes
                0x000000d1       0x2d cmake/stm32cubemx/CMakeFiles/STM32_Drivers.dir/__/__/Drivers/STM32F1xx_HAL_Driver/Src/stm32f1xx_hal.c.obj
 .ARM.attributes
                0x000000fe       0x2d cmake/stm32cubemx/CMakeFiles/STM32_Drivers.dir/__/__/Drivers/STM32F1xx_HAL_Driver/Src/stm32f1xx_hal_rcc.c.obj
 .ARM.attributes
                0x0000012b       0x2d cmake/stm32cubemx/CMakeFiles/STM32_Drivers.dir/__/__/Drivers/STM32F1xx_HAL_Driver/Src/stm32f1xx_hal_gpio.c.obj
 .ARM.attributes
                0x00000158       0x2d cmake/stm32cubemx/CMakeFiles/STM32_Drivers.dir/__/__/Drivers/STM32F1xx_HAL_Driver/Src/stm32f1xx_hal_dma.c.obj
 .ARM.attributes
                0x00000185       0x2d cmake/stm32cubemx/CMakeFiles/STM32_Drivers.dir/__/__/Drivers/STM32F1xx_HAL_Driver/Src/stm32f1xx_hal_cortex.c.obj
 .ARM.attributes
                0x000001b2       0x2d cmake/stm32cubemx/CMakeFiles/STM32_Drivers.dir/__/__/Drivers/STM32F1xx_HAL_Driver/Src/stm32f1xx_hal_uart.c.obj
 .ARM.attributes