Archive member included to satisfy reference by file (symbol)

MiddleWare/FreeRTOS/libfreertos.a(port.c.obj)
                              Application/CMakeFiles/app.dir/Src/app.cpp.obj (vPortExitCritical)
MiddleWare/FreeRTOS/libfreertos.a(tasks.c.obj)
                              MiddleWare/FreeRTOS/libfreertos.a(port.c.obj) (pxCurrentTCB)
MiddleWare/FreeRTOS/libfreertos.a(heap_4.c.obj)
                              MiddleWare/FreeRTOS/libfreertos.a(tasks.c.obj) (pvPortMalloc)
MiddleWare/FreeRTOS/libfreertos.a(list.c.obj)
                              MiddleWare/FreeRTOS/libfreertos.a(tasks.c.obj) (vListInitialise)
D:/arm32-none-none-gnueabi-toolchain/arm-gnu-toolchain-15.2.rel1-mingw-w64-x86_64-arm-none-eabi/bin/../lib/gcc/arm-none-eabi/15.2.1/../../../../arm-none-eabi/lib/thumb/v7-m/nofp\libstdc++_nano.a(new_op.o)
                              Soft_Drivers/CMakeFiles/soft_drivers.dir/Src/my_i2c.cpp.obj (operator new(unsigned int))
D:/arm32-none-none-gnueabi-toolchain/arm-gnu-toolchain-15.2.rel1-mingw-w64-x86_64-arm-none-eabi/bin/../lib/gcc/arm-none-eabi/15.2.1/../../../../arm-none-eabi/lib/thumb/v7-m/nofp\libstdc++_nano.a(functexcept.o)
                              Soft_Drivers/CMakeFiles/soft_drivers.dir/Src/my_i2c.cpp.obj (std::__throw_bad_alloc())
D:/arm32-none-none-gnueabi-toolchain/arm-gnu-toolchain-15.2.rel1-mingw-w64-x86_64-arm-none-eabi/bin/../lib/gcc/arm-none-eabi/15.2.1/../../../../arm-none-eabi/lib/thumb/v7-m/nofp\libstdc++_nano.a(new_handler.o)
                              D:/arm32-none-none-gnueabi-toolchain/arm-gnu-toolchain-15.2.rel1-mingw-w64-x86_64-arm-none-eabi/bin/../lib/gcc/arm-none-eabi/15.2.1/../../../../arm-none-eabi/lib/thumb/v7-m/nofp\libstdc++_nano.a(new_op.o) (std::get_new_handler())
D:/arm32-none-none-gnueabi-toolchain/arm-gnu-toolchain-15.2.rel1-mingw-w64-x86_64-arm-none-eabi/bin/../lib/gcc/arm-none-eabi/15.2.1/../../../../arm-none-eabi/lib/thumb/v7-m/nofp\libg_nano.a(libc_a-abort.o)
                              D:/arm32-none-none-gnueabi-toolchain/arm-gnu-toolchain-15.2.rel1-mingw-w64-x86_64-arm-none-eabi/bin/../lib/gcc/arm-none-eabi/15.2.1/../../../../arm-none-eabi/lib/thumb/v7-m/nofp\libstdc++_nano.a(new_op.o) (abort)
D:/arm32-none-none-gnueabi-toolchain/arm-gnu-toolchain-15.2.rel1-mingw-w64-x86_64-arm-none-eabi/bin/../lib/gcc/arm-none-eabi/15.2.1/../../../../arm-none-eabi/lib/thumb/v7-m/nofp\libg_nano.a(libc_a-exit.o)
                              D:/arm32-none-none-gnueabi-toolchain/arm-gnu-toolchain-15.2.rel1-mingw-w64-x86_64-arm-none-eabi/bin/../lib/gcc/arm-none-eabi/15.2.1/../../../../arm-none-eabi/lib/thumb/v7-m/nofp/crt0.o (exit)
D:/arm32-none-none-gnueabi-toolchain/arm-gnu-toolchain-15.2.rel1-mingw-w64-x86_64-arm-none-eabi/bin/../lib/gcc/arm-none-eabi/15.2.1/../../../../arm-none-eabi/lib/thumb/v7-m/nofp\libg_nano.a(libc_a-malloc.o)
                              D:/arm32-none-none-gnueabi-toolchain/arm-gnu-toolchain-15.2.rel1-mingw-w64-x86_64-arm-none-eabi/bin/../lib/gcc/arm-none-eabi/15.2.1/../../../../arm-none-eabi/lib/thumb/v7-m/nofp\libstdc++_nano.a(new_op.o) (malloc)
D:/arm32-none-none-gnueabi-toolchain/arm-gnu-toolchain-15.2.rel1-mingw-w64-x86_64-arm-none-eabi/bin/../lib/gcc/arm-none-eabi/15.2.1/../../../../arm-none-eabi/lib/thumb/v7-m/nofp\libg_nano.a(libc_a-mallocr.o)
                              D:/arm32-none-none-gnueabi-toolchain/arm-gnu-toolchain-15.2.rel1-mingw-w64-x86_64-arm-none-eabi/bin/../lib/gcc/arm-none-eabi/15.2.1/../../../../arm-none-eabi/lib/thumb/v7-m/nofp\libg_nano.a(libc_a-malloc.o) (_malloc_r)
D:/arm32-none-none-gnueabi-toolchain/arm-gnu-toolchain-15.2.rel1-mingw-w64-x86_64-arm-none-eabi/bin/../lib/gcc/arm-none-eabi/15.2.1/../../../../arm-none-eabi/lib/thumb/v7-m/nofp\libg_nano.a(libc_a-mlock.o)
                              D:/arm32-none-none-gnueabi-toolchain/arm-gnu-toolchain-15.2.rel1-mingw-w64-x86_64-arm-none-eabi/bin/../lib/gcc/arm-none-eabi/15.2.1/../../../../arm-none-eabi/lib/thumb/v7-m/nofp\libg_nano.a(libc_a-mallocr.o) (__malloc_lock)
D:/arm32-none-none-gnueabi-toolchain/arm-gnu-toolchain-15.2.rel1-mingw-w64-x86_64-arm-none-eabi/bin/../lib/gcc/arm-none-eabi/15.2.1/../../../../arm-none-eabi/lib/thumb/v7-m/nofp\libg_nano.a(libc_a-findfp.o)
                              D:/arm32-none-none-gnueabi-toolchain/arm-gnu-toolchain-15.2.rel1-mingw-w64-x86_64-arm-none-eabi/bin/../lib/gcc/arm-none-eabi/15.2.1/../../../../arm-none-eabi/lib/thumb/v7-m/nofp\libg_nano.a(libc_a-exit.o) (__stdio_exit_handler)
D:/arm32-none-none-gnueabi-toolchain/arm-gnu-toolchain-15.2.rel1-mingw-w64-x86_64-arm-none-eabi/bin/../lib/gcc/arm-none-eabi/15.2.1/../../../../arm-none-eabi/lib/thumb/v7-m/nofp\libg_nano.a(libc_a-fwalk.o)
                              D:/arm32-none-none-gnueabi-toolchain/arm-gnu-toolchain-15.2.rel1-mingw-w64-x86_64-arm-none-eabi/bin/../lib/gcc/arm-none-eabi/15.2.1/../../../../arm-none-eabi/lib/thumb/v7-m/nofp\libg_nano.a(libc_a-findfp.o) (_fwalk_sglue)
[...]
Memory Configuration

Name             Origin             Length             Attributes
RAM              0x20000000         0x00010000         xrw
FLASH            0x08000000         0x00080000         xr
*default*        0x00000000         0xffffffff

Linker script and memory map

LOAD D:/arm32-none-none-gnueabi-toolchain/arm-gnu-toolchain-15.2.rel1-mingw-w64-x86_64-arm-none-eabi/bin/../lib/gcc/arm-none-eabi/15.2.1/thumb/v7-m/nofp/crti.o
LOAD D:/arm32-none-none-gnueabi-toolchain/arm-gnu-toolchain-15.2.rel1-mingw-w64-x86_64-arm-none-eabi/bin/../lib/gcc/arm-none-eabi/15.2.1/thumb/v7-m/nofp/crtbegin.o
LOAD D:/arm32-none-none-gnueabi-toolchain/arm-gnu-toolchain-15.2.rel1-mingw-w64-x86_64-arm-none-eabi/bin/../lib/gcc/arm-none-eabi/15.2.1/../../../../arm-none-eabi/lib/thumb/v7-m/nofp/crt0.o
LOAD cmake/stm32cubemx/CMakeFiles/STM32_Drivers.dir/__/__/Core/Src/system_stm32f1xx.c.obj
LOAD cmake/stm32cubemx/CMakeFiles/STM32_Drivers.dir/__/__/Drivers/STM32F1xx_HAL_Driver/Src/stm32f1xx_hal_gpio_ex.c.obj
LOAD cmake/stm32cubemx/CMakeFiles/STM32_Drivers.dir/__/__/Drivers/STM32F1xx_HAL_Driver/Src/stm32f1xx_hal_tim.c.obj
LOAD cmake/stm32cubemx/CMakeFiles/STM32_Drivers.dir/__/__/Drivers/STM32F1xx_HAL_Driver/Src/stm32f1xx_hal_tim_ex.c.obj
LOAD cmake/stm32cubemx/CMakeFiles/STM32_Drivers.dir/__/__/Drivers/STM32F1xx_HAL_Driver/Src/stm32f1xx_hal.c.obj
LOAD cmake/stm32cubemx/CMakeFiles/STM32_Drivers.dir/__/__/Drivers/STM32F1xx_HAL_Driver/Src/stm32f1xx_hal_rcc.c.obj
LOAD cmake/stm32cubemx/CMakeFiles/STM32_Drivers.dir/__/__/Drivers/STM32F1xx_HAL_Driver/Src/stm32f1xx_hal_rcc_ex.c.obj
LOAD cmake/stm32cubemx/CMakeFiles/STM32_Drivers.dir/__/__/Drivers/STM32F1xx_HAL_Driver/Src/stm32f1xx_hal_gpio.c.obj
LOAD cmake/stm32cubemx/CMakeFiles/STM32_Drivers.dir/__/__/Drivers/STM32F1xx_HAL_Driver/Src/stm32f1xx_hal_dma.c.obj
LOAD cmake/stm32cubemx/CMakeFiles/STM32_Drivers.dir/__/__/Drivers/STM32F1xx_HAL_Driver/Src/stm32f1xx_hal_cortex.c.obj
LOAD cmake/stm32cubemx/CMakeFiles/STM32_Drivers.dir/__/__/Drivers/STM32F1xx_HAL_Driver/Src/stm32f1xx_hal_pwr.c.obj
LOAD cmake/stm32cubemx/CMakeFiles/STM32_Drivers.dir/__/__/Drivers/STM32F1xx_HAL_Driver/Src/stm32f1xx_hal_flash.c.obj
LOAD cmake/stm32cubemx/CMakeFiles/STM32_Drivers.dir/__/__/Drivers/STM32F1xx_HAL_Driver/Src/stm32f1xx_hal_flash_ex.c.obj
LOAD cmake/stm32cubemx/CMakeFiles/STM32_Drivers.dir/__/__/Drivers/STM32F1xx_HAL_Driver/Src/stm32f1xx_hal_exti.c.obj
LOAD cmake/stm32cubemx/CMakeFiles/STM32_Drivers.dir/__/__/Drivers/STM32F1xx_HAL_Driver/Src/stm32f1xx_hal_usart.c.obj
LOAD cmake/stm32cubemx/CMakeFiles/STM32_Drivers.dir/__/__/Drivers/STM32F1xx_HAL_Driver/Src/stm32f1xx_hal_uart.c.obj
LOAD Soft_Drivers/CMakeFiles/soft_drivers.dir/Src/my_i2c.cpp.obj
LOAD Application/CMakeFiles/app.dir/Src/app.cpp.obj
LOAD CMakeFiles/project1_stm32.dir/Core/Src/main.c.obj
LOAD CMakeFiles/project1_stm32.dir/Core/Src/gpio.c.obj
LOAD CMakeFiles/project1_stm32.dir/Core/Src/tim.c.obj
LOAD CMakeFiles/project1_stm32.dir/Core/Src/usart.c.obj
LOAD CMakeFiles/project1_stm32.dir/Core/Src/stm32f1xx_it.c.obj
LOAD CMakeFiles/project1_stm32.dir/Core/Src/stm32f1xx_hal_msp.c.obj
LOAD CMakeFiles/project1_stm32.dir/Core/Src/stm32f1xx_hal_timebase_tim.c.obj
LOAD CMakeFiles/project1_stm32.dir/Core/Src/sysmem.c.obj
LOAD CMakeFiles/project1_stm32.dir/Core/Src/syscalls.c.obj
LOAD CMakeFiles/project1_stm32.dir/startup_stm32f103xe.s.obj
LOAD MiddleWare/FreeRTOS/libfreertos.a
LOAD MiddleWare/FreeRTOS/libfreertos.a
LOAD D:/arm32-none-none-gnueabi-toolchain/arm-gnu-toolchain-15.2.rel1-mingw-w64-x86_64-arm-none-eabi/bin/../lib/gcc/arm-none-eabi/15.2.1/../../../../arm-none-eabi/lib/thumb/v7-m/nofp\libstdc++_nano.a
LOAD D:/arm32-none-none-gnueabi-toolchain/arm-gnu-toolchain-15.2.rel1-mingw-w64-x86_64-arm-none-eabi/bin/../lib/gcc/arm-none-eabi/15.2.1/../../../../arm-none-eabi/lib/thumb/v7-m/nofp\libm.a
START GROUP
LOAD D:/arm32-none-none-gnueabi-toolchain/arm-gnu-toolchain-15.2.rel1-mingw-w64-x86_64-arm-none-eabi/bin/../lib/gcc/arm-none-eabi/15.2.1/thumb/v7-m/nofp\libgcc.a
LOAD D:/arm32-none-none-gnueabi-toolchain/arm-gnu-toolchain-15.2.rel1-mingw-w64-x86_64-arm-none-eabi/bin/../lib/gcc/arm-none-eabi/15.2.1/../../../../arm-none-eabi/lib/thumb/v7-m/nofp\libg_nano.a
LOAD D:/arm32-none-none-gnueabi-toolchain/arm-gnu-toolchain-15.2.rel1-mingw-w64-x86_64-arm-none-eabi/bin/../lib/gcc/arm-none-eabi/15.2.1/../../../../arm-none-eabi/lib/thumb/v7-m/nofp\libc_nano.a
END GROUP
START GROUP
LOAD D:/arm32-none-none-gnueabi-toolchain/arm-gnu-toolchain-15.2.rel1-mingw-w64-x86_64-arm-none-eabi/bin/../lib/gcc/arm-none-eabi/15.2.1/thumb/v7-m/nofp\libgcc.a
LOAD D:/arm32-none-none-gnueabi-toolchain/arm-gnu-toolchain-15.2.rel1-mingw-w64-x86_64-arm-none-eabi/bin/../lib/gcc/arm-none-eabi/15.2.1/../../../../arm-none-eabi/lib/thumb/v7-m/nofp\libc_nano.a
END GROUP
LOAD D:/arm32-none-none-gnueabi-toolchain/arm-gnu-toolchain-15.2.rel1-mingw-w64-x86_64-arm-none-eabi/bin/../lib/gcc/arm-none-eabi/15.2.1/thumb/v7-m/nofp/crtend.o
LOAD D:/arm32-none-none-gnueabi-toolchain/arm-gnu-toolchain-15.2.rel1-mingw-w64-x86_64-arm-none-eabi/bin/../lib/gcc/arm-none-eabi/15.2.1/thumb/v7-m/nofp/crtn.o
                0x20010000                        _estack = (ORIGIN (RAM) + LENGTH (RAM))
                0x2000fc00                        _sstack = (_estack - _Min_Stack_Size)
                0x00000200                        _Min_Heap_Size = 0x200
                0x00000400                        _Min_Stack_Size = 0x400

.isr_vector     0x08000000      0x1e4
                0x08000000                        . = ALIGN (0x4)
 *(.isr_vector)
 .isr_vector    0x08000000      0x1e4 CMakeFiles/project1_stm32.dir/startup_stm32f103xe.s.obj
                0x08000000                g_pfnVectors
                0x080001e4                        . = ALIGN (0x4)

.text           0x080001f0     0x3a58
                0x080001f0                        . = ALIGN (0x4)
 *(.text)
 *(.text*)
 .text.deregister_tm_clones
                0x080001f0       0x1c D:/arm32-none-none-gnueabi-toolchain/arm-gnu-toolchain-15.2.rel1-mingw-w64-x86_64-arm-none-eabi/bin/../lib/gcc/arm-none-eabi/15.2.1/thumb/v7-m/nofp/crtbegin.o
 .text.register_tm_clones
                0x0800020c       0x24 D:/arm32-none-none-gnueabi-toolchain/arm-gnu-toolchain-15.2.rel1-mingw-w64-x86_64-arm-none-eabi/bin/../lib/gcc/arm-none-eabi/15.2.1/thumb/v7-m/nofp/crtbegin.o
 .text.__do_global_dtors_aux
                0x08000230       0x28 D:/arm32-none-none-gnueabi-toolchain/arm-gnu-toolchain-15.2.rel1-mingw-w64-x86_64-arm-none-eabi/bin/../lib/gcc/arm-none-eabi/15.2.1/thumb/v7-m/nofp/crtbegin.o
 .text.frame_dummy
                0x08000258       0x24 D:/arm32-none-none-gnueabi-toolchain/arm-gnu-toolchain-15.2.rel1-mingw-w64-x86_64-arm-none-eabi/bin/../lib/gcc/arm-none-eabi/15.2.1/thumb/v7-m/nofp/crtbegin.o
 .text.SystemInit
                0x0800027c        0xc cmake/stm32cubemx/CMakeFiles/STM32_Drivers.dir/__/__/Core/Src/system_stm32f1xx.c.obj
                0x0800027c                SystemInit
 .text.HAL_TIM_Base_Init
                0x08000288       0x9e cmake/stm32cubemx/CMakeFiles/STM32_Drivers.dir/__/__/Drivers/STM32F1xx_HAL_Driver/Src/stm32f1xx_hal_tim.c.obj
                0x08000288                HAL_TIM_Base_Init
 *fill*         0x08000326        0x2 
 .text.HAL_TIM_Base_Start_IT
                0x08000328       0xc0 cmake/stm32cubemx/CMakeFiles/STM32_Drivers.dir/__/__/Drivers/STM32F1xx_HAL_Driver/Src/stm32f1xx_hal_tim.c.obj
                0x08000328                HAL_TIM_Base_Start_IT
 .text.HAL_TIM_IRQHandler
                0x080003e8      0x1e0 cmake/stm32cubemx/CMakeFiles/STM32_Drivers.dir/__/__/Drivers/STM32F1xx_HAL_Driver/Src/stm32f1xx_hal_tim.c.obj
                0x080003e8                HAL_TIM_IRQHandler
 .text.HAL_TIM_ConfigClockSource
                0x080005c8      0x18e cmake/stm32cubemx/CMakeFiles/STM32_Drivers.dir/__/__/Drivers/STM32F1xx_HAL_Driver/Src/stm32f1xx_hal_tim.c.obj
                0x080005c8                HAL_TIM_ConfigClockSource
 .text.HAL_TIM_OC_DelayElapsedCallback
                0x08000756       0x12 cmake/stm32cubemx/CMakeFiles/STM32_Drivers.dir/__/__/Drivers/STM32F1xx_HAL_Driver/Src/stm32f1xx_hal_tim.c.obj
                0x08000756                HAL_TIM_OC_DelayElapsedCallback
 .text.HAL_TIM_IC_CaptureCallback
                0x08000768       0x12 cmake/stm32cubemx/CMakeFiles/STM32_Drivers.dir/__/__/Drivers/STM32F1xx_HAL_Driver/Src/stm32f1xx_hal_tim.c.obj
                0x08000768                HAL_TIM_IC_CaptureCallback
 .text.HAL_TIM_PWM_PulseFinishedCallback
                0x0800077a       0x12 cmake/stm32cubemx/CMakeFiles/STM32_Drivers.dir/__/__/Drivers/STM32F1xx_HAL_Driver/Src/stm32f1xx_hal_tim.c.obj
                0x0800077a                HAL_TIM_PWM_PulseFinishedCallback
 .text.HAL_TIM_TriggerCallback
                0x0800078c       0x12 cmake/stm32cubemx/CMakeFiles/STM32_Drivers.dir/__/__/Drivers/STM32F1xx_HAL_Driver/Src/stm32f1xx_hal_tim.c.obj
                0x0800078c                HAL_TIM_TriggerCallback
 *fill*         0x0800079e        0x2 
 .text.TIM_Base_SetConfig
                0x080007a0      0x10c cmake/stm32cubemx/CMakeFiles/STM32_Drivers.dir/__/__/Drivers/STM32F1xx_HAL_Driver/Src/stm32f1xx_hal_tim.c.obj
                0x080007a0                TIM_Base_SetConfig
 .text.TIM_TI1_ConfigInputStage
                0x080008ac       0x5c cmake/stm32cubemx/CMakeFiles/STM32_Drivers.dir/__/__/Drivers/STM32F1xx_HAL_Driver/Src/stm32f1xx_hal_tim.c.obj
 .text.TIM_TI2_ConfigInputStage
                0x08000908       0x5e cmake/stm32cubemx/CMakeFiles/STM32_Drivers.dir/__/__/Drivers/STM32F1xx_HAL_Driver/Src/stm32f1xx_hal_tim.c.obj
 .text.TIM_ITRx_SetConfig
                0x08000966       0x34 cmake/stm32cubemx/CMakeFiles/STM32_Drivers.dir/__/__/Drivers/STM32F1xx_HAL_Driver/Src/stm32f1xx_hal_tim.c.obj
 .text.TIM_ETR_SetConfig
                0x0800099a       0x3e cmake/stm32cubemx/CMakeFiles/STM32_Drivers.dir/__/__/Drivers/STM32F1xx_HAL_Driver/Src/stm32f1xx_hal_tim.c.obj
                0x0800099a                TIM_ETR_SetConfig
 .text.HAL_TIMEx_MasterConfigSynchronization
                0x080009d8       0xd8 cmake/stm32cubemx/CMakeFiles/STM32_Drivers.dir/__/__/Drivers/STM32F1xx_HAL_Driver/Src/stm32f1xx_hal_tim_ex.c.obj
                0x080009d8                HAL_TIMEx_MasterConfigSynchronization
 .text.HAL_TIMEx_CommutCallback
                0x08000ab0       0x12 cmake/stm32cubemx/CMakeFiles/STM32_Drivers.dir/__/__/Drivers/STM32F1xx_HAL_Driver/Src/stm32f1xx_hal_tim_ex.c.obj
                0x08000ab0                HAL_TIMEx_CommutCallback
 .text.HAL_TIMEx_BreakCallback
                0x08000ac2       0x12 cmake/stm32cubemx/CMakeFiles/STM32_Drivers.dir/__/__/Drivers/STM32F1xx_HAL_Driver/Src/stm32f1xx_hal_tim_ex.c.obj
                0x08000ac2                HAL_TIMEx_BreakCallback
 .text.HAL_Init
                0x08000ad4       0x2c cmake/stm32cubemx/CMakeFiles/STM32_Drivers.dir/__/__/Drivers/STM32F1xx_HAL_Driver/Src/stm32f1xx_hal.c.obj
                0x08000ad4                HAL_Init
 .text.HAL_IncTick
                0x08000b00       0x24 cmake/stm32cubemx/CMakeFiles/STM32_Drivers.dir/__/__/Drivers/STM32F1xx_HAL_Driver/Src/stm32f1xx_hal.c.obj
                0x08000b00                HAL_IncTick
 .text.HAL_GetTick
                0x08000b24       0x14 cmake/stm32cubemx/CMakeFiles/STM32_Drivers.dir/__/__/Drivers/STM32F1xx_HAL_Driver/Src/stm32f1xx_hal.c.obj
                0x08000b24                HAL_GetTick
 .text.HAL_RCC_OscConfig
                0x08000b38      0x504 cmake/stm32cubemx/CMakeFiles/STM32_Drivers.dir/__/__/Drivers/STM32F1xx_HAL_Driver/Src/stm32f1xx_hal_rcc.c.obj
                0x08000b38                HAL_RCC_OscConfig
 .text.HAL_RCC_ClockConfig
                0x0800103c      0x1d4 cmake/stm32cubemx/CMakeFiles/STM32_Drivers.dir/__/__/Drivers/STM32F1xx_HAL_Driver/Src/stm32f1xx_hal_rcc.c.obj
                0x0800103c                HAL_RCC_ClockConfig
 .text.HAL_RCC_GetSysClockFreq
                0x08001210       0xa8 cmake/stm32cubemx/CMakeFiles/STM32_Drivers.dir/__/__/Drivers/STM32F1xx_HAL_Driver/Src/stm32f1xx_hal_rcc.c.obj
                0x08001210                HAL_RCC_GetSysClockFreq
 .text.HAL_RCC_GetHCLKFreq
                0x080012b8       0x14 cmake/stm32cubemx/CMakeFiles/STM32_Drivers.dir/__/__/Drivers/STM32F1xx_HAL_Driver/Src/stm32f1xx_hal_rcc.c.obj
                0x080012b8                HAL_RCC_GetHCLKFreq
 .text.HAL_RCC_GetPCLK1Freq
                0x080012cc       0x28 cmake/stm32cubemx/CMakeFiles/STM32_Drivers.dir/__/__/Drivers/STM32F1xx_HAL_Driver/Src/stm32f1xx_hal_rcc.c.obj
                0x080012cc                HAL_RCC_GetPCLK1Freq
 .text.HAL_RCC_GetPCLK2Freq
                0x080012f4       0x28 cmake/stm32cubemx/CMakeFiles/STM32_Drivers.dir/__/__/Drivers/STM32F1xx_HAL_Driver/Src/stm32f1xx_hal_rcc.c.obj
                0x080012f4                HAL_RCC_GetPCLK2Freq
 .text.HAL_RCC_GetClockConfig
                0x0800131c       0x60 cmake/stm32cubemx/CMakeFiles/STM32_Drivers.dir/__/__/Drivers/STM32F1xx_HAL_Driver/Src/stm32f1xx_hal_rcc.c.obj
                0x0800131c                HAL_RCC_GetClockConfig
 .text.RCC_Delay
                0x0800137c       0x3c cmake/stm32cubemx/CMakeFiles/STM32_Drivers.dir/__/__/Drivers/STM32F1xx_HAL_Driver/Src/stm32f1xx_hal_rcc.c.obj
 .text.HAL_GPIO_Init
                0x080013b8      0x2fc cmake/stm32cubemx/CMakeFiles/STM32_Drivers.dir/__/__/Drivers/STM32F1xx_HAL_Driver/Src/stm32f1xx_hal_gpio.c.obj
                0x080013b8                HAL_GPIO_Init
 .text.HAL_GPIO_WritePin
                0x080016b4       0x30 cmake/stm32cubemx/CMakeFiles/STM32_Drivers.dir/__/__/Drivers/STM32F1xx_HAL_Driver/Src/stm32f1xx_hal_gpio.c.obj
                0x080016b4                HAL_GPIO_WritePin
 .text.HAL_DMA_Abort
                0x080016e4       0x76 cmake/stm32cubemx/CMakeFiles/STM32_Drivers.dir/__/__/Drivers/STM32F1xx_HAL_Driver/Src/stm32f1xx_hal_dma.c.obj
                0x080016e4                HAL_DMA_Abort
 *fill*         0x0800175a        0x2 
 .text.HAL_DMA_Abort_IT
                0x0800175c      0x210 cmake/stm32cubemx/CMakeFiles/STM32_Drivers.dir/__/__/Drivers/STM32F1xx_HAL_Driver/Src/stm32f1xx_hal_dma.c.obj
                0x0800175c                HAL_DMA_Abort_IT
 .text.__NVIC_SetPriorityGrouping
                0x0800196c       0x48 cmake/stm32cubemx/CMakeFiles/STM32_Drivers.dir/__/__/Drivers/STM32F1xx_HAL_Driver/Src/stm32f1xx_hal_cortex.c.obj
 .text.__NVIC_GetPriorityGrouping
                0x080019b4       0x1c cmake/stm32cubemx/CMakeFiles/STM32_Drivers.dir/__/__/Drivers/STM32F1xx_HAL_Driver/Src/stm32f1xx_hal_cortex.c.obj
 .text.__NVIC_EnableIRQ
                0x080019d0       0x38 cmake/stm32cubemx/CMakeFiles/STM32_Drivers.dir/__/__/Drivers/STM32F1xx_HAL_Driver/Src/stm32f1xx_hal_cortex.c.obj
 .text.__NVIC_SetPriority
                0x08001a08       0x54 cmake/stm32cubemx/CMakeFiles/STM32_Drivers.dir/__/__/Drivers/STM32F1xx_HAL_Driver/Src/stm32f1xx_hal_cortex.c.obj
 .text.NVIC_EncodePriority
                0x08001a5c       0x6e cmake/stm32cubemx/CMakeFiles/STM32_Drivers.dir/__/__/Drivers/STM32F1xx_HAL_Driver/Src/stm32f1xx_hal_cortex.c.obj
 .text.HAL_NVIC_SetPriorityGrouping
                0x08001aca       0x16 cmake/stm32cubemx/CMakeFiles/STM32_Drivers.dir/__/__/Drivers/STM32F1xx_HAL_Driver/Src/stm32f1xx_hal_cortex.c.obj
                0x08001aca                HAL_NVIC_SetPriorityGrouping
 .text.HAL_NVIC_SetPriority
                0x08001ae0       0x38 cmake/stm32cubemx/CMakeFiles/STM32_Drivers.dir/__/__/Drivers/STM32F1xx_HAL_Driver/Src/stm32f1xx_hal_cortex.c.obj
                0x08001ae0                HAL_NVIC_SetPriority
 .text.HAL_NVIC_EnableIRQ
                0x08001b18       0x1c cmake/stm32cubemx/CMakeFiles/STM32_Drivers.dir/__/__/Drivers/STM32F1xx_HAL_Driver/Src/stm32f1xx_hal_cortex.c.obj
                0x08001b18                HAL_NVIC_EnableIRQ
 .text.HAL_USART_Init
                0x08001b34       0x82 cmake/stm32cubemx/CMakeFiles/STM32_Drivers.dir/__/__/Drivers/STM32F1xx_HAL_Driver/Src/stm32f1xx_hal_usart.c.obj
                0x08001b34                HAL_USART_Init
 *fill*         0x08001bb6        0x2 
 .text.USART_SetConfig
                0x08001bb8      0x1f0 cmake/stm32cubemx/CMakeFiles/STM32_Drivers.dir/__/__/Drivers/STM32F1xx_HAL_Driver/Src/stm32f1xx_hal_usart.c.obj
 .text.HAL_UART_Init
                0x08001da8       0xa0 cmake/stm32cubemx/CMakeFiles/STM32_Drivers.dir/__/__/Drivers/STM32F1xx_HAL_Driver/Src/stm32f1xx_hal_uart.c.obj
                0x08001da8                HAL_UART_Init
 .text.HAL_UART_IRQHandler
                0x08001e48      0x520 cmake/stm32cubemx/CMakeFiles/STM32_Drivers.dir/__/__/Drivers/STM32F1xx_HAL_Driver/Src/stm32f1xx_hal_uart.c.obj
                0x08001e48                HAL_UART_IRQHandler
 .text.HAL_UART_TxCpltCallback
                0x08002368       0x12 cmake/stm32cubemx/CMakeFiles/STM32_Drivers.dir/__/__/Drivers/STM32F1xx_HAL_Driver/Src/stm32f1xx_hal_uart.c.obj
                0x08002368                HAL_UART_TxCpltCallback
 .text.HAL_UART_RxCpltCallback
                0x0800237a       0x12 cmake/stm32cubemx/CMakeFiles/STM32_Drivers.dir/__/__/Drivers/STM32F1xx_HAL_Driver/Src/stm32f1xx_hal_uart.c.obj
                0x0800237a                HAL_UART_RxCpltCallback
 .text.HAL_UART_ErrorCallback
                0x0800238c       0x12 cmake/stm32cubemx/CMakeFiles/STM32_Drivers.dir/__/__/Drivers/STM32F1xx_HAL_Driver/Src/stm32f1xx_hal_uart.c.obj
                0x0800238c                HAL_UART_ErrorCallback
 .text.HAL_UARTEx_RxEventCallback
                0x0800239e       0x16 cmake/stm32cubemx/CMakeFiles/STM32_Drivers.dir/__/__/Drivers/STM32F1xx_HAL_Driver/Src/stm32f1xx_hal_uart.c.obj
                0x0800239e                HAL_UARTEx_RxEventCallback
 .text.UART_EndRxTransfer
                0x080023b4       0xc4 cmake/stm32cubemx/CMakeFiles/STM32_Drivers.dir/__/__/Drivers/STM32F1xx_HAL_Driver/Src/stm32f1xx_hal_uart.c.obj
 .text.UART_DMAAbortOnError
                0x08002478       0x28 cmake/stm32cubemx/CMakeFiles/STM32_Drivers.dir/__/__/Drivers/STM32F1xx_HAL_Driver/Src/stm32f1xx_hal_uart.c.obj
 .text.UART_Transmit_IT
                0x080024a0       0x9e cmake/stm32cubemx/CMakeFiles/STM32_Drivers.dir/__/__/Drivers/STM32F1xx_HAL_Driver/Src/stm32f1xx_hal_uart.c.obj
 .text.UART_EndTransmit_IT
                0x0800253e       0x30 cmake/stm32cubemx/CMakeFiles/STM32_Drivers.dir/__/__/Drivers/STM32F1xx_HAL_Driver/Src/stm32f1xx_hal_uart.c.obj
 .text.UART_Receive_IT
                0x0800256e      0x17c cmake/stm32cubemx/CMakeFiles/STM32_Drivers.dir/__/__/Drivers/STM32F1xx_HAL_Driver/Src/stm32f1xx_hal_uart.c.obj
 *fill*         0x080026ea        0x2 
 .text.UART_SetConfig
                0x080026ec      0x11c cmake/stm32cubemx/CMakeFiles/STM32_Drivers.dir/__/__/Drivers/STM32F1xx_HAL_Driver/Src/stm32f1xx_hal_uart.c.obj
 .text._ZL10start_taskPv
                0x08002808       0x20 Application/CMakeFiles/app.dir/Src/app.cpp.obj
 .text.start_freertos
                0x08002828       0x34 Application/CMakeFiles/app.dir/Src/app.cpp.obj
                0x08002828                start_freertos
 .text.main     0x0800285c       0x24 CMakeFiles/project1_stm32.dir/Core/Src/main.c.obj
                0x0800285c                main
 .text.SystemClock_Config
                0x08002880       0x8a CMakeFiles/project1_stm32.dir/Core/Src/main.c.obj
                0x08002880                SystemClock_Config
 *fill*         0x0800290a        0x2 
 .text.HAL_TIM_PeriodElapsedCallback
                0x0800290c       0x24 CMakeFiles/project1_stm32.dir/Core/Src/main.c.obj
                0x0800290c                HAL_TIM_PeriodElapsedCallback
 .text.Error_Handler
                0x08002930        0xc CMakeFiles/project1_stm32.dir/Core/Src/main.c.obj
                0x08002930                Error_Handler
 .text.MX_GPIO_Init
                0x0800293c       0x7c CMakeFiles/project1_stm32.dir/Core/Src/gpio.c.obj
                0x0800293c                MX_GPIO_Init
 .text.MX_TIM2_Init
                0x080029b8       0x98 CMakeFiles/project1_stm32.dir/Core/Src/tim.c.obj
                0x080029b8                MX_TIM2_Init
 .text.HAL_TIM_Base_MspInit
                0x08002a50       0x38 CMakeFiles/project1_stm32.dir/Core/Src/tim.c.obj
                0x08002a50                HAL_TIM_Base_MspInit
 .text.MX_USART1_Init
                0x08002a88       0x58 CMakeFiles/project1_stm32.dir/Core/Src/usart.c.obj
                0x08002a88                MX_USART1_Init
 .text.MX_USART2_UART_Init
                0x08002ae0       0x54 CMakeFiles/project1_stm32.dir/Core/Src/usart.c.obj
                0x08002ae0                MX_USART2_UART_Init
 .text.HAL_USART_MspInit
                0x08002b34       0x98 CMakeFiles/project1_stm32.dir/Core/Src/usart.c.obj
                0x08002b34                HAL_USART_MspInit
 .text.HAL_UART_MspInit
                0x08002bcc       0xa4 CMakeFiles/project1_stm32.dir/Core/Src/usart.c.obj
                0x08002bcc                HAL_UART_MspInit
 .text.NMI_Handler
                0x08002c70        0x8 CMakeFiles/project1_stm32.dir/Core/Src/stm32f1xx_it.c.obj
                0x08002c70                NMI_Handler
 .text.HardFault_Handler
                0x08002c78        0x8 CMakeFiles/project1_stm32.dir/Core/Src/stm32f1xx_it.c.obj
                0x08002c78                HardFault_Handler
 .text.MemManage_Handler
                0x08002c80        0x8 CMakeFiles/project1_stm32.dir/Core/Src/stm32f1xx_it.c.obj
                0x08002c80                MemManage_Handler
 .text.BusFault_Handler
                0x08002c88        0x8 CMakeFiles/project1_stm32.dir/Core/Src/stm32f1xx_it.c.obj
                0x08002c88                BusFault_Handler
 .text.UsageFault_Handler
                0x08002c90        0x8 CMakeFiles/project1_stm32.dir/Core/Src/stm32f1xx_it.c.obj
                0x08002c90                UsageFault_Handler
 .text.DebugMon_Handler
                0x08002c98        0xc CMakeFiles/project1_stm32.dir/Core/Src/stm32f1xx_it.c.obj
                0x08002c98                DebugMon_Handler
 .text.SysTick_Handler
                0x08002ca4       0x16 CMakeFiles/project1_stm32.dir/Core/Src/stm32f1xx_it.c.obj
                0x08002ca4                SysTick_Handler
 *fill*         0x08002cba        0x2 
 .text.USART2_IRQHandler
                0x08002cbc       0x14 CMakeFiles/project1_stm32.dir/Core/Src/stm32f1xx_it.c.obj
                0x08002cbc                USART2_IRQHandler
 .text.TIM7_IRQHandler
                0x08002cd0       0x14 CMakeFiles/project1_stm32.dir/Core/Src/stm32f1xx_it.c.obj
                0x08002cd0                TIM7_IRQHandler
 .text.HAL_MspInit
                0x08002ce4       0x64 CMakeFiles/project1_stm32.dir/Core/Src/stm32f1xx_hal_msp.c.obj
                0x08002ce4                HAL_MspInit
 .text.HAL_InitTick
                0x08002d48       0xfc CMakeFiles/project1_stm32.dir/Core/Src/stm32f1xx_hal_timebase_tim.c.obj
                0x08002d48                HAL_InitTick
 .text.Reset_Handler
                0x08002e44       0x48 CMakeFiles/project1_stm32.dir/startup_stm32f103xe.s.obj
                0x08002e44                Reset_Handler
 .text.Default_Handler
                0x08002e8c        0x2 CMakeFiles/project1_stm32.dir/startup_stm32f103xe.s.obj
                0x08002e8c                RTC_Alarm_IRQHandler
                0x08002e8c                EXTI2_IRQHandler
                0x08002e8c                TIM8_TRG_COM_IRQHandler
                0x08002e8c                TIM8_CC_IRQHandler
                0x08002e8c                TIM1_CC_IRQHandler
                0x08002e8c                TIM6_IRQHandler
                0x08002e8c                PVD_IRQHandler
                0x08002e8c                SDIO_IRQHandler
                0x08002e8c                EXTI3_IRQHandler
                0x08002e8c                EXTI0_IRQHandler
                0x08002e8c                I2C2_EV_IRQHandler
                0x08002e8c                ADC1_2_IRQHandler
                0x08002e8c                SPI1_IRQHandler
                0x08002e8c                TAMPER_IRQHandler
                0x08002e8c                TIM8_UP_IRQHandler
                0x08002e8c                DMA2_Channel2_IRQHandler
                0x08002e8c                DMA1_Channel4_IRQHandler
                0x08002e8c                USART3_IRQHandler
                0x08002e8c                RTC_IRQHandler
                0x08002e8c                DMA1_Channel7_IRQHandler
                0x08002e8c                CAN1_RX1_IRQHandler
                0x08002e8c                UART5_IRQHandler
                0x08002e8c                ADC3_IRQHandler
                0x08002e8c                TIM4_IRQHandler
                0x08002e8c                DMA2_Channel1_IRQHandler
                0x08002e8c                I2C1_EV_IRQHandler
                0x08002e8c                DMA1_Channel6_IRQHandler
                0x08002e8c                UART4_IRQHandler
                0x08002e8c                TIM3_IRQHandler
                0x08002e8c                RCC_IRQHandler
                0x08002e8c                TIM1_TRG_COM_IRQHandler
                0x08002e8c                DMA1_Channel1_IRQHandler
                0x08002e8c                Default_Handler
                0x08002e8c                EXTI15_10_IRQHandler
                0x08002e8c                TIM5_IRQHandler
                0x08002e8c                EXTI9_5_IRQHandler
                0x08002e8c                SPI2_IRQHandler
                0x08002e8c                DMA1_Channel5_IRQHandler
                0x08002e8c                EXTI4_IRQHandler
                0x08002e8c                USB_LP_CAN1_RX0_IRQHandler
                0x08002e8c                USB_HP_CAN1_TX_IRQHandler
                0x08002e8c                DMA1_Channel3_IRQHandler
                0x08002e8c                FSMC_IRQHandler
                0x08002e8c                TIM1_UP_IRQHandler
                0x08002e8c                WWDG_IRQHandler
                0x08002e8c                TIM2_IRQHandler
                0x08002e8c                TIM1_BRK_IRQHandler
                0x08002e8c                EXTI1_IRQHandler
                0x08002e8c                DMA2_Channel4_5_IRQHandler
                0x08002e8c                I2C2_ER_IRQHandler
                0x08002e8c                DMA1_Channel2_IRQHandler
                0x08002e8c                TIM8_BRK_IRQHandler
                0x08002e8c                CAN1_SCE_IRQHandler
                0x08002e8c                FLASH_IRQHandler
                0x08002e8c                USART1_IRQHandler
                0x08002e8c                SPI3_IRQHandler
                0x08002e8c                I2C1_ER_IRQHandler
                0x08002e8c                USBWakeUp_IRQHandler
                0x08002e8c                DMA2_Channel3_IRQHandler
 *fill*         0x08002e8e        0x2 
 .text.pxPortInitialiseStack
                0x08002e90       0x58 MiddleWare/FreeRTOS/libfreertos.a(port.c.obj)
                0x08002e90                pxPortInitialiseStack
 .text.prvTaskExitError
                0x08002ee8       0x32 MiddleWare/FreeRTOS/libfreertos.a(port.c.obj)
 *fill*         0x08002f1a        0x6 
 .text.SVC_Handler
                0x08002f20       0x28 MiddleWare/FreeRTOS/libfreertos.a(port.c.obj)
                0x08002f20                SVC_Handler
 .text.vPortEnterCritical
                0x08002f48       0x34 MiddleWare/FreeRTOS/libfreertos.a(port.c.obj)
                0x08002f48                vPortEnterCritical
 .text.vPortExitCritical
                0x08002f7c       0x34 MiddleWare/FreeRTOS/libfreertos.a(port.c.obj)
                0x08002f7c                vPortExitCritical
 .text.PendSV_Handler
                0x08002fb0       0x48 MiddleWare/FreeRTOS/libfreertos.a(port.c.obj)
                0x08002fb0                PendSV_Handler
 .text.xPortSysTickHandler
                0x08002ff8       0x44 MiddleWare/FreeRTOS/libfreertos.a(port.c.obj)
                0x08002ff8                xPortSysTickHandler
 .text.xTaskCreate
                0x0800303c       0x82 MiddleWare/FreeRTOS/libfreertos.a(tasks.c.obj)
                0x0800303c                xTaskCreate
 .text.prvInitialiseNewTask
                0x080030be      0x100 MiddleWare/FreeRTOS/libfreertos.a(tasks.c.obj)
 *fill*         0x080031be        0x2 
 .text.prvAddNewTaskToReadyList
                0x080031c0       0xdc MiddleWare/FreeRTOS/libfreertos.a(tasks.c.obj)
 .text.vTaskDelete
                0x0800329c      0x100 MiddleWare/FreeRTOS/libfreertos.a(tasks.c.obj)
                0x0800329c                vTaskDelete
 .text.vTaskSuspendAll
                0x0800339c       0x1c MiddleWare/FreeRTOS/libfreertos.a(tasks.c.obj)
                0x0800339c                vTaskSuspendAll
 .text.xTaskResumeAll
                0x080033b8      0x11c MiddleWare/FreeRTOS/libfreertos.a(tasks.c.obj)
                0x080033b8                xTaskResumeAll
 .text.xTaskIncrementTick
                0x080034d4      0x150 MiddleWare/FreeRTOS/libfreertos.a(tasks.c.obj)
                0x080034d4                xTaskIncrementTick
 .text.vTaskSwitchContext
                0x08003624       0x8c MiddleWare/FreeRTOS/libfreertos.a(tasks.c.obj)
                0x08003624                vTaskSwitchContext
 .text.prvInitialiseTaskLists
                0x080036b0       0x80 MiddleWare/FreeRTOS/libfreertos.a(tasks.c.obj)
 .text.prvDeleteTCB
                0x08003730       0x20 MiddleWare/FreeRTOS/libfreertos.a(tasks.c.obj)
 .text.prvResetNextTaskUnblockTime
                0x08003750       0x34 MiddleWare/FreeRTOS/libfreertos.a(tasks.c.obj)
 .text.xTaskGetSchedulerState
                0x08003784       0x3c MiddleWare/FreeRTOS/libfreertos.a(tasks.c.obj)
                0x08003784                xTaskGetSchedulerState
 .text.pvPortMalloc
                0x080037c0      0x134 MiddleWare/FreeRTOS/libfreertos.a(heap_4.c.obj)
                0x080037c0                pvPortMalloc
 .text.vPortFree
                0x080038f4       0x80 MiddleWare/FreeRTOS/libfreertos.a(heap_4.c.obj)
                0x080038f4                vPortFree
 .text.prvHeapInit
                0x08003974       0xc4 MiddleWare/FreeRTOS/libfreertos.a(heap_4.c.obj)
 .text.prvInsertBlockIntoFreeList
                0x08003a38       0xb0 MiddleWare/FreeRTOS/libfreertos.a(heap_4.c.obj)
 .text.vListInitialise
                0x08003ae8       0x3e MiddleWare/FreeRTOS/libfreertos.a(list.c.obj)
                0x08003ae8                vListInitialise
 .text.vListInitialiseItem
                0x08003b26       0x18 MiddleWare/FreeRTOS/libfreertos.a(list.c.obj)
                0x08003b26                vListInitialiseItem
 .text.vListInsertEnd
                0x08003b3e       0x46 MiddleWare/FreeRTOS/libfreertos.a(list.c.obj)
                0x08003b3e                vListInsertEnd
 .text.uxListRemove
                0x08003b84       0x52 MiddleWare/FreeRTOS/libfreertos.a(list.c.obj)
                0x08003b84                uxListRemove
 .text.memset   0x08003bd6       0x10 D:/arm32-none-none-gnueabi-toolchain/arm-gnu-toolchain-15.2.rel1-mingw-w64-x86_64-arm-none-eabi/bin/../lib/gcc/arm-none-eabi/15.2.1/../../../../arm-none-eabi/lib/thumb/v7-m/nofp\libg_nano.a(libc_a-memset.o)
                0x08003bd6                memset
 *fill*         0x08003be6        0x2 
 .text.__libc_init_array
                0x08003be8       0x48 D:/arm32-none-none-gnueabi-toolchain/arm-gnu-toolchain-15.2.rel1-mingw-w64-x86_64-arm-none-eabi/bin/../lib/gcc/arm-none-eabi/15.2.1/../../../../arm-none-eabi/lib/thumb/v7-m/nofp\libg_nano.a(libc_a-init.o)
                0x08003be8                __libc_init_array
 *(.glue_7)
 .glue_7        0x08003c30        0x0 linker stubs
 *(.glue_7t)
 .glue_7t       0x08003c30        0x0 linker stubs
 *(.eh_frame)
 .eh_frame      0x08003c30        0x0 D:/arm32-none-none-gnueabi-toolchain/arm-gnu-toolchain-15.2.rel1-mingw-w64-x86_64-arm-none-eabi/bin/../lib/gcc/arm-none-eabi/15.2.1/thumb/v7-m/nofp/crtbegin.o
 *(.init)
 .init          0x08003c30        0x4 D:/arm32-none-none-gnueabi-toolchain/arm-gnu-toolchain-15.2.rel1-mingw-w64-x86_64-arm-none-eabi/bin/../lib/gcc/arm-none-eabi/15.2.1/thumb/v7-m/nofp/crti.o
                0x08003c30                _init
 .init          0x08003c34        0x8 D:/arm32-none-none-gnueabi-toolchain/arm-gnu-toolchain-15.2.rel1-mingw-w64-x86_64-arm-none-eabi/bin/../lib/gcc/arm-none-eabi/15.2.1/thumb/v7-m/nofp/crtn.o
 *(.fini)
 .fini          0x08003c3c        0x4 D:/arm32-none-none-gnueabi-toolchain/arm-gnu-toolchain-15.2.rel1-mingw-w64-x86_64-arm-none-eabi/bin/../lib/gcc/arm-none-eabi/15.2.1/thumb/v7-m/nofp/crti.o
                0x08003c3c                _fini
 .fini          0x08003c40        0x8 D:/arm32-none-none-gnueabi-toolchain/arm-gnu-toolchain-15.2.rel1-mingw-w64-x86_64-arm-none-eabi/bin/../lib/gcc/arm-none-eabi/15.2.1/thumb/v7-m/nofp/crtn.o
                0x08003c48                        . = ALIGN (0x4)
                0x08003c48                        _etext = .

.vfp11_veneer   0x08003c48        0x0
 .vfp11_veneer  0x08003c48        0x0 linker stubs

.v4_bx          0x08003c48        0x0
 .v4_bx         0x08003c48        0x0 linker stubs

.iplt           0x08003c48        0x0
 .iplt          0x08003c48        0x0 D:/arm32-none-none-gnueabi-toolchain/arm-gnu-toolchain-15.2.rel1-mingw-w64-x86_64-arm-none-eabi/bin/../lib/gcc/arm-none-eabi/15.2.1/thumb/v7-m/nofp/crtbegin.o

.rodata         0x08003c48       0x38
                0x08003c48                        . = ALIGN (0x4)
 *(.rodata)
 .rodata        0x08003c48        0xb Application/CMakeFiles/app.dir/Src/app.cpp.obj
 *(.rodata*)
 *fill*         0x08003c53        0x1 
 .rodata.AHBPrescTable
                0x08003c54       0x10 cmake/stm32cubemx/CMakeFiles/STM32_Drivers.dir/__/__/Core/Src/system_stm32f1xx.c.obj
                0x08003c54                AHBPrescTable
 .rodata.APBPrescTable
                0x08003c64        0x8 cmake/stm32cubemx/CMakeFiles/STM32_Drivers.dir/__/__/Core/Src/system_stm32f1xx.c.obj
                0x08003c64                APBPrescTable
 .rodata.aPLLMULFactorTable.1
                0x08003c6c       0x10 cmake/stm32cubemx/CMakeFiles/STM32_Drivers.dir/__/__/Drivers/STM32F1xx_HAL_Driver/Src/stm32f1xx_hal_rcc.c.obj
 .rodata.aPredivFactorTable.0
                0x08003c7c        0x2 cmake/stm32cubemx/CMakeFiles/STM32_Drivers.dir/__/__/Drivers/STM32F1xx_HAL_Driver/Src/stm32f1xx_hal_rcc.c.obj
                0x08003c80                        . = ALIGN (0x4)
 *fill*         0x08003c7e        0x2 

.ARM.extab      0x08003c80        0x0
                0x08003c80                        . = ALIGN (0x4)
 *(.ARM.extab* .gnu.linkonce.armextab.*)
                0x08003c80                        . = ALIGN (0x4)

.ARM            0x08003c80        0x0
                0x08003c80                        . = ALIGN (0x4)
                0x08003c80                        __exidx_start = .
 *(.ARM.exidx*)
                0x08003c80                        __exidx_end = .
                0x08003c80                        . = ALIGN (0x4)

.preinit_array  0x08003c80        0x0
                0x08003c80                        . = ALIGN (0x4)
                0x08003c80                        PROVIDE (__preinit_array_start = .)
 *(.preinit_array*)
                0x08003c80                        PROVIDE (__preinit_array_end = .)
                0x08003c80                        . = ALIGN (0x4)

.init_array     0x08003c80        0x4
                0x08003c80                        . = ALIGN (0x4)
                0x08003c80                        PROVIDE (__init_array_start = .)
 *(SORT_BY_NAME(.init_array.*))
 *(.init_array*)
 .init_array    0x08003c80        0x4 D:/arm32-none-none-gnueabi-toolchain/arm-gnu-toolchain-15.2.rel1-mingw-w64-x86_64-arm-none-eabi/bin/../lib/gcc/arm-none-eabi/15.2.1/thumb/v7-m/nofp/crtbegin.o
                0x08003c84                        PROVIDE (__init_array_end = .)
                0x08003c84                        . = ALIGN (0x4)

.fini_array     0x08003c84        0x4
                0x08003c84                        . = ALIGN (0x4)
                [!provide]                        PROVIDE (__fini_array_start = .)
 *(SORT_BY_NAME(.fini_array.*))
 *(.fini_array*)
 .fini_array    0x08003c84        0x4 D:/arm32-none-none-gnueabi-toolchain/arm-gnu-toolchain-15.2.rel1-mingw-w64-x86_64-arm-none-eabi/bin/../lib/gcc/arm-none-eabi/15.2.1/thumb/v7-m/nofp/crtbegin.o
                [!provide]                        PROVIDE (__fini_array_end = .)
                0x08003c88                        . = ALIGN (0x4)
                0x08003c88                        _sidata = LOADADDR (.data)

.rel.dyn        0x08003c88        0x0
 .rel.iplt      0x08003c88        0x0 D:/arm32-none-none-gnueabi-toolchain/arm-gnu-toolchain-15.2.rel1-mingw-w64-x86_64-arm-none-eabi/bin/../lib/gcc/arm-none-eabi/15.2.1/thumb/v7-m/nofp/crtbegin.o

.data           0x20000000       0x10 load address 0x08003c88
                0x20000000                        . = ALIGN (0x4)
                0x20000000                        _sdata = .
 *(.data)
 *(.data*)
 .data.SystemCoreClock
                0x20000000        0x4 cmake/stm32cubemx/CMakeFiles/STM32_Drivers.dir/__/__/Core/Src/system_stm32f1xx.c.obj
                0x20000000                SystemCoreClock
 .data.uwTickPrio
                0x20000004        0x4 cmake/stm32cubemx/CMakeFiles/STM32_Drivers.dir/__/__/Drivers/STM32F1xx_HAL_Driver/Src/stm32f1xx_hal.c.obj
                0x20000004                uwTickPrio
 .data.uwTickFreq
                0x20000008        0x1 cmake/stm32cubemx/CMakeFiles/STM32_Drivers.dir/__/__/Drivers/STM32F1xx_HAL_Driver/Src/stm32f1xx_hal.c.obj
                0x20000008                uwTickFreq
 *fill*         0x20000009        0x3 
 .data.uxCriticalNesting
                0x2000000c        0x4 MiddleWare/FreeRTOS/libfreertos.a(port.c.obj)
 *(.RamFunc)
 *(.RamFunc*)
                0x20000010                        . = ALIGN (0x4)

.tm_clone_table
                0x20000010        0x0 load address 0x08003c98
 .tm_clone_table
                0x20000010        0x0 D:/arm32-none-none-gnueabi-toolchain/arm-gnu-toolchain-15.2.rel1-mingw-w64-x86_64-arm-none-eabi/bin/../lib/gcc/arm-none-eabi/15.2.1/thumb/v7-m/nofp/crtbegin.o
 .tm_clone_table
                0x20000010        0x0 D:/arm32-none-none-gnueabi-toolchain/arm-gnu-toolchain-15.2.rel1-mingw-w64-x86_64-arm-none-eabi/bin/../lib/gcc/arm-none-eabi/15.2.1/thumb/v7-m/nofp/crtend.o

.igot.plt       0x20000010        0x0 load address 0x08003c98
 .igot.plt      0x20000010        0x0 D:/arm32-none-none-gnueabi-toolchain/arm-gnu-toolchain-15.2.rel1-mingw-w64-x86_64-arm-none-eabi/bin/../lib/gcc/arm-none-eabi/15.2.1/thumb/v7-m/nofp/crtbegin.o

.tdata          0x20000010        0x0 load address 0x08003c98
 *(.tdata .tdata.* .gnu.linkonce.td.*)
                0x20000010                        . = ALIGN (0x4)
                0x20000010                        _edata = .
                [!provide]                        PROVIDE (__data_end = .)
                [!provide]                        PROVIDE (__tdata_end = .)
                [!provide]                        PROVIDE (__tdata_start = ADDR (.tdata))
                [!provide]                        PROVIDE (__tdata_size = (__tdata_end - __tdata_start))
                [!provide]                        PROVIDE (__data_start = ADDR (.data))
                [!provide]                        PROVIDE (__data_size = (__data_end - __data_start))
                [!provide]                        PROVIDE (__tdata_source = LOADADDR (.tdata))
                [!provide]                        PROVIDE (__tdata_source_end = (LOADADDR (.tdata) + SIZEOF (.tdata)))
                [!provide]                        PROVIDE (__tdata_source_size = (__tdata_source_end - __tdata_source))
                [!provide]                        PROVIDE (__data_source = LOADADDR (.data))
                [!provide]                        PROVIDE (__data_source_end = __tdata_source_end)
                [!provide]                        PROVIDE (__data_source_size = (__data_source_end - __data_source))

.tbss           0x20000010        0x0 load address 0x08003c98
                0x20000010                        _sbss = .
                0x20000010                        __bss_start__ = _sbss
 *(.tbss .tbss.*)
                0x20000010                        . = ALIGN (0x4)
                [!provide]                        PROVIDE (__tbss_end = .)
                [!provide]                        PROVIDE (__tbss_start = ADDR (.tbss))
                [!provide]                        PROVIDE (__tbss_size = (__tbss_end - __tbss_start))
                [!provide]                        PROVIDE (__tbss_offset = (ADDR (.tbss) - ADDR (.tdata)))
                [!provide]                        PROVIDE (__tls_base = __tdata_start)
                [!provide]                        PROVIDE (__tls_end = __tbss_end)
                [!provide]                        PROVIDE (__tls_size = (__tls_end - __tls_base))
                [!provide]                        PROVIDE (__tls_align = MAX (ALIGNOF (.tdata), ALIGNOF (.tbss)))
                [!provide]                        PROVIDE (__tls_size_align = (((__tls_size + __tls_align) - 0x1) & ~ ((__tls_align - 0x1))))
                [!provide]                        PROVIDE (__arm32_tls_tcb_offset = MAX (0x8, __tls_align))
                [!provide]                        PROVIDE (__arm64_tls_tcb_offset = MAX (0x10, __tls_align))

.bss            0x20000010     0x4660 load address 0x08003c98
 *(.bss)
 *(.bss*)
 .bss.completed.1
                0x20000010        0x1 D:/arm32-none-none-gnueabi-toolchain/arm-gnu-toolchain-15.2.rel1-mingw-w64-x86_64-arm-none-eabi/bin/../lib/gcc/arm-none-eabi/15.2.1/thumb/v7-m/nofp/crtbegin.o
 *fill*         0x20000011        0x3 
 .bss.object.0  0x20000014       0x18 D:/arm32-none-none-gnueabi-toolchain/arm-gnu-toolchain-15.2.rel1-mingw-w64-x86_64-arm-none-eabi/bin/../lib/gcc/arm-none-eabi/15.2.1/thumb/v7-m/nofp/crtbegin.o
 .bss.uwTick    0x2000002c        0x4 cmake/stm32cubemx/CMakeFiles/STM32_Drivers.dir/__/__/Drivers/STM32F1xx_HAL_Driver/Src/stm32f1xx_hal.c.obj
                0x2000002c                uwTick
 .bss._ZL17start_task_handle
                0x20000030        0x4 Application/CMakeFiles/app.dir/Src/app.cpp.obj
 .bss.htim2     0x20000034       0x48 CMakeFiles/project1_stm32.dir/Core/Src/tim.c.obj
                0x20000034                htim2
 .bss.husart1   0x2000007c       0x44 CMakeFiles/project1_stm32.dir/Core/Src/usart.c.obj
                0x2000007c                husart1
 .bss.huart2    0x200000c0       0x48 CMakeFiles/project1_stm32.dir/Core/Src/usart.c.obj
                0x200000c0                huart2
 .bss.htim7     0x20000108       0x48 CMakeFiles/project1_stm32.dir/Core/Src/stm32f1xx_hal_timebase_tim.c.obj
                0x20000108                htim7
 .bss.pxCurrentTCB
                0x20000150        0x4 MiddleWare/FreeRTOS/libfreertos.a(tasks.c.obj)
                0x20000150                pxCurrentTCB
 .bss.pxReadyTasksLists
                0x20000154       0x64 MiddleWare/FreeRTOS/libfreertos.a(tasks.c.obj)
 .bss.xDelayedTaskList1
                0x200001b8       0x14 MiddleWare/FreeRTOS/libfreertos.a(tasks.c.obj)
 .bss.xDelayedTaskList2
                0x200001cc       0x14 MiddleWare/FreeRTOS/libfreertos.a(tasks.c.obj)
 .bss.pxDelayedTaskList
                0x200001e0        0x4 MiddleWare/FreeRTOS/libfreertos.a(tasks.c.obj)
 .bss.pxOverflowDelayedTaskList
                0x200001e4        0x4 MiddleWare/FreeRTOS/libfreertos.a(tasks.c.obj)
 .bss.xPendingReadyList
                0x200001e8       0x14 MiddleWare/FreeRTOS/libfreertos.a(tasks.c.obj)
 .bss.xTasksWaitingTermination
                0x200001fc       0x14 MiddleWare/FreeRTOS/libfreertos.a(tasks.c.obj)
 .bss.uxDeletedTasksWaitingCleanUp
                0x20000210        0x4 MiddleWare/FreeRTOS/libfreertos.a(tasks.c.obj)
 .bss.xSuspendedTaskList
                0x20000214       0x14 MiddleWare/FreeRTOS/libfreertos.a(tasks.c.obj)
 .bss.uxCurrentNumberOfTasks
                0x20000228        0x4 MiddleWare/FreeRTOS/libfreertos.a(tasks.c.obj)
 .bss.xTickCount
                0x2000022c        0x4 MiddleWare/FreeRTOS/libfreertos.a(tasks.c.obj)
 .bss.uxTopReadyPriority
                0x20000230        0x4 MiddleWare/FreeRTOS/libfreertos.a(tasks.c.obj)
 .bss.xSchedulerRunning
                0x20000234        0x4 MiddleWare/FreeRTOS/libfreertos.a(tasks.c.obj)
 .bss.xPendedTicks
                0x20000238        0x4 MiddleWare/FreeRTOS/libfreertos.a(tasks.c.obj)
 .bss.xYieldPending
                0x2000023c        0x4 MiddleWare/FreeRTOS/libfreertos.a(tasks.c.obj)
 .bss.xNumOfOverflows
                0x20000240        0x4 MiddleWare/FreeRTOS/libfreertos.a(tasks.c.obj)
 .bss.uxTaskNumber
                0x20000244        0x4 MiddleWare/FreeRTOS/libfreertos.a(tasks.c.obj)
 .bss.xNextTaskUnblockTime
                0x20000248        0x4 MiddleWare/FreeRTOS/libfreertos.a(tasks.c.obj)
 .bss.uxSchedulerSuspended
                0x2000024c        0x4 MiddleWare/FreeRTOS/libfreertos.a(tasks.c.obj)
 .bss.ucHeap    0x20000250     0x4400 MiddleWare/FreeRTOS/libfreertos.a(heap_4.c.obj)
 .bss.xStart    0x20004650        0x8 MiddleWare/FreeRTOS/libfreertos.a(heap_4.c.obj)
 .bss.pxEnd     0x20004658        0x4 MiddleWare/FreeRTOS/libfreertos.a(heap_4.c.obj)
 .bss.xFreeBytesRemaining
                0x2000465c        0x4 MiddleWare/FreeRTOS/libfreertos.a(heap_4.c.obj)
 .bss.xMinimumEverFreeBytesRemaining
                0x20004660        0x4 MiddleWare/FreeRTOS/libfreertos.a(heap_4.c.obj)
 .bss.xNumberOfSuccessfulAllocations
                0x20004664        0x4 MiddleWare/FreeRTOS/libfreertos.a(heap_4.c.obj)
 .bss.xNumberOfSuccessfulFrees
                0x20004668        0x4 MiddleWare/FreeRTOS/libfreertos.a(heap_4.c.obj)
 .bss.xBlockAllocatedBit
                0x2000466c        0x4 MiddleWare/FreeRTOS/libfreertos.a(heap_4.c.obj)
 *(COMMON)
                0x20004670                        . = ALIGN (0x4)
                0x20004670                        _ebss = .
                0x20004670                        __bss_end__ = _ebss
                [!provide]                        PROVIDE (__bss_end = .)
                [!provide]                        PROVIDE (__non_tls_bss_start = ADDR (.bss))
                [!provide]                        PROVIDE (__bss_start = __tbss_start)
                [!provide]                        PROVIDE (__bss_size = (__bss_end - __bss_start))

._user_heap_stack
                0x20004670      0x600 load address 0x08003c98
                0x20004670                        . = ALIGN (0x8)
                [!provide]                        PROVIDE (end = .)
                0x20004670                        PROVIDE (_end = .)
                0x20004870                        . = (. + _Min_Heap_Size)
 *fill*         0x20004670      0x200 
                0x20004c70                        . = (. + _Min_Stack_Size)
 *fill*         0x20004870      0x400 
                0x20004c70                        . = ALIGN (0x8)

/DISCARD/
 libc.a:*(*)
 libm.a:*(*)
 libgcc.a:*(*)
OUTPUT(project1_stm32.elf elf32-littlearm)
LOAD linker stubs

.ARM.attributes
                0x00000000       0x29
 .ARM.attributes
                0x00000000       0x1d D:/arm32-none-none-gnueabi-toolchain/arm-gnu-toolchain-15.2.rel1-mingw-w64-x86_64-arm-none-eabi/bin/../lib/gcc/arm-none-eabi/15.2.1/thumb/v7-m/nofp/crti.o
 .ARM.attributes
                0x0000001d       0x2d D:/arm32-none-none-gnueabi-toolchain/arm-gnu-toolchain-15.2.rel1-mingw-w64-x86_64-arm-none-eabi/bin/../lib/gcc/arm-none-eabi/15.2.1/thumb/v7-m/nofp/crtbegin.o
 .ARM.attributes
                0x0000004a       0x2d cmake/stm32cubemx/CMakeFiles/STM32_Drivers.dir/__/__/Core/Src/system_stm32f1xx.c.obj
 .ARM.attributes
                0x00000077       0x2d cmake/stm32cubemx/CMakeFiles/STM32_Drivers.dir/__/__/Drivers/STM32F1xx_HAL_Driver/Src/stm32f1xx_hal_tim.c.obj
 .ARM.attributes
                0x000000a4       0x2d cmake/stm32cubemx/CMakeFiles/STM32_Drivers.dir/__/__/Drivers/STM32F1xx_HAL_Driver/Src/stm32f1xx_hal_tim_ex.c.obj
 .ARM.attributes
                0x000000d1       0x2d cmake/stm32cubemx/CMakeFiles/STM32_Drivers.dir/__/__/Drivers/STM32F1xx_HAL_Driver/Src/stm32f1xx_hal.c.obj
 .ARM.attributes
                0x000000fe       0x2d cmake/stm32cubemx/CMakeFiles/STM32_Drivers.dir/__/__/Drivers/STM32F1xx_HAL_Driver/Src/stm32f1xx_hal_rcc.c.obj
 .ARM.attributes
                0x0000012b       0x2d cmake/stm32cubemx/CMakeFiles/STM32_Drivers.dir/__/__/Drivers/STM32F1xx_HAL_Driver/Src/stm32f1xx_hal_gpio.c.obj
 .ARM.attributes
                0x00000158       0x2d cmake/stm32cubemx/CMakeFiles/STM32_Drivers.dir/__/__/Drivers/STM32F1xx_HAL_Driver/Src/stm32f1xx_hal_dma.c.obj
 .ARM.attributes
                0x00000185       0x2d cmake/stm32cubemx/CMakeFiles/STM32_Drivers.dir/__/__/Drivers/STM32F1xx_HAL_Driver/Src/stm32f1xx_hal_cortex.c.obj
 .ARM.attributes
                0x000001b2       0x2d cmake/stm32cubemx/CMakeFiles/STM32_Drivers.dir/__/__/Drivers/STM32F1xx_HAL_Driver/Src/stm32f1xx_hal_usart.c.obj
 .ARM.attributes
                0x000001df       0x2d cmake/stm32cubemx/CMakeFiles/STM32_Drivers.dir/__/__/Drivers/STM32F1xx_HAL_Driver/Src/stm32f1xx_hal_uart.c.obj
 .ARM.attributes
                0x0000020c       0x2d Application/CMakeFiles/app.dir/Src/app.cpp.obj
 .ARM.attributes
                0x00000239       0x2d CMakeFiles/project1_stm32.dir/Core/Src/main.c.obj
 .ARM.attributes
                0x00000266       0x2d CMakeFiles/project1_stm32.dir/Core/Src/gpio.c.obj
 .ARM.attributes
                0x00000293       0x2d CMakeFiles/project1_stm32.dir/Core/Src/tim.c.obj
 .ARM.attributes
                0x000002c0       0x2d CMakeFiles/project1_stm32.dir/Core/Src/usart.c.obj
 .ARM.attributes
                0x000002ed       0x2d CMakeFiles/project1_stm32.dir/Core/Src/stm32f1xx_it.c.obj
 .ARM.attributes
                0x0000031a       0x2d CMakeFiles/project1_stm32.dir/Core/Src/stm32f1xx_hal_msp.c.obj
 .ARM.attributes
                0x00000347       0x2d CMakeFiles/project1_stm32.dir/Core/Src/stm32f1xx_hal_timebase_tim.c.obj
 .ARM.attributes
                0x00000374       0x21 CMakeFiles/project1_stm32.dir/startup_stm32f103xe.s.obj
 .ARM.attributes
                0x00000395       0x2d MiddleWare/FreeRTOS/libfreertos.a(port.c.obj)
 .ARM.attributes
                0x000003c2       0x2d MiddleWare/FreeRTOS/libfreertos.a(tasks.c.obj)
 .ARM.attributes
                0x000003ef       0x2d MiddleWare/FreeRTOS/libfreertos.a(heap_4.c.obj)
 .ARM.attributes
                0x0000041c       0x2d MiddleWare/FreeRTOS/libfreertos.a(list.c.obj)
 .ARM.attributes
                0x00000449       0x2d D:/arm32-none-none-gnueabi-toolchain/arm-gnu-toolchain-15.2.rel1-mingw-w64-x86_64-arm-none-eabi/bin/../lib/gcc/arm-none-eabi/15.2.1/../../../../arm-none-eabi/lib/thumb/v7-m/nofp\libg_nano.a(libc_a-memset.o)
 .ARM.attributes
                0x00000476       0x2d D:/arm32-none-none-gnueabi-toolchain/arm-gnu-toolchain-15.2.rel1-mingw-w64-x86_64-arm-none-eabi/bin/../lib/gcc/arm-none-eabi/15.2.1/../../../../arm-none-eabi/lib/thumb/v7-m/nofp\libg_nano.a(libc_a-init.o)
 .ARM.attributes
                0x000004a3       0x2d D:/arm32-none-none-gnueabi-toolchain/arm-gnu-toolchain-15.2.rel1-mingw-w64-x86_64-arm-none-eabi/bin/../lib/gcc/arm-none-eabi/15.2.1/thumb/v7-m/nofp/crtend.o
 .ARM.attributes
                0x000004d0       0x1d D:/arm32-none-none-gnueabi-toolchain/arm-gnu-toolchain-15.2.rel1-mingw-w64-x86_64-arm-none-eabi/bin/../lib/gcc/arm-none-eabi/15.2.1/thumb/v7-m/nofp/crtn.o

.comment        0x00000000       0x45
 .comment       0x00000000       0x45 cmake/stm32cubemx/CMakeFiles/STM32_Drivers.dir/__/__/Core/Src/system_stm32f1xx.c.obj
                                 0x46 (size before relaxing)
 .comment       0x00000045        0x0 cmake/stm32cubemx/CMakeFiles/STM32_Drivers.dir/__/__/Drivers/STM32F1xx_HAL_Driver/Src/stm32f1xx_hal_tim.c.obj
                                 0x46 (size before relaxing)
 .comment       0x00000045        0x0 cmake/stm32cubemx/CMakeFiles/STM32_Drivers.dir/__/__/Drivers/STM32F1xx_HAL_Driver/Src/stm32f1xx_hal_tim_ex.c.obj
                                 0x46 (size before relaxing)
 .comment       0x00000045        0x0 cmake/stm32cubemx/CMakeFiles/STM32_Drivers.dir/__/__/Drivers/STM32F1xx_HAL_Driver/Src/stm32f1xx_hal.c.obj
                                 0x46 (size before relaxing)
 .comment       0x00000045        0x0 cmake/stm32cubemx/CMakeFiles/STM32_Drivers.dir/__/__/Drivers/STM32F1xx_HAL_Driver/Src/stm32f1xx_hal_rcc.c.obj
                                 0x46 (size before relaxing)
 .comment       0x00000045        0x0 cmake/stm32cubemx/CMakeFiles/STM32_Drivers.dir/__/__/Drivers/STM32F1xx_HAL_Driver/Src/stm32f1xx_hal_gpio.c.obj
                                 0x46 (size before relaxing)
 .comment       0x00000045        0x0 cmake/stm32cubemx/CMakeFiles/STM32_Drivers.dir/__/__/Drivers/STM32F1xx_HAL_Driver/Src/stm32f1xx_hal_dma.c.obj
                                 0x46 (size before relaxing)
 .comment       0x00000045        0x0 cmake/stm32cubemx/CMakeFiles/STM32_Drivers.dir/__/__/Drivers/STM32F1xx_HAL_Driver/Src/stm32f1xx_hal_cortex.c.obj
                                 0x46 (size before relaxing)
 .comment       0x00000045        0x0 cmake/stm32cubemx/CMakeFiles/STM32_Drivers.dir/__/__/Drivers/STM32F1xx_HAL_Driver/Src/stm32f1xx_hal_usart.c.obj
                                 0x46 (size before relaxing)
 .comment       0x00000045        0x0 cmake/stm32cubemx/CMakeFiles/STM32_Drivers.dir/__/__/Drivers/STM32F1xx_HAL_Driver/Src/stm32f1xx_hal_uart.c.obj
                                 0x46 (size before relaxing)
 .comment       0x00000045        0x0 Application/CMakeFiles/app.dir/Src/app.cpp.obj
                                 0x46 (size before relaxing)
 .comment       0x00000045        0x0 CMakeFiles/project1_stm32.dir/Core/Src/main.c.obj
                                 0x46 (size before relaxing)
 .comment       0x00000045        0x0 CMakeFiles/project1_stm32.dir/Core/Src/gpio.c.obj
                                 0x46 (size before relaxing)
 .comment       0x00000045        0x0 CMakeFiles/project1_stm32.dir/Core/Src/tim.c.obj
                                 0x46 (size before relaxing)
 .comment       0x00000045        0x0 CMakeFiles/project1_stm32.dir/Core/Src/usart.c.obj
                                 0x46 (size before relaxing)
 .comment       0x00000045        0x0 CMakeFiles/project1_stm32.dir/Core/Src/stm32f1xx_it.c.obj
                                 0x46 (size before relaxing)
 .comment       0x00000045        0x0 CMakeFiles/project1_stm32.dir/Core/Src/stm32f1xx_hal_msp.c.obj
                                 0x46 (size before relaxing)
 .comment       0x00000045        0x0 CMakeFiles/project1_stm32.dir/Core/Src/stm32f1xx_hal_timebase_tim.c.obj
                                 0x46 (size before relaxing)
 .comment       0x00000045        0x0 MiddleWare/FreeRTOS/libfreertos.a(port.c.obj)
                                 0x46 (size before relaxing)
 .comment       0x00000045        0x0 MiddleWare/FreeRTOS/libfreertos.a(tasks.c.obj)
                                 0x46 (size before relaxing)
 .comment       0x00000045        0x0 MiddleWare/FreeRTOS/libfreertos.a(heap_4.c.obj)
                                 0x46 (size before relaxing)
 .comment       0x00000045        0x0 MiddleWare/FreeRTOS/libfreertos.a(list.c.obj)
                                 0x46 (size before relaxing)

.debug_info     0x00000000    0x10dbb
 .debug_info    0x00000000      0x222 cmake/stm32cubemx/CMakeFiles/STM32_Drivers.dir/__/__/Core/Src/system_stm32f1xx.c.obj
 .debug_info    0x00000222     0x2959 cmake/stm32cubemx/CMakeFiles/STM32_Drivers.dir/__/__/Drivers/STM32F1xx_HAL_Driver/Src/stm32f1xx_hal_tim.c.obj
 .debug_info    0x00002b7b     0x149b cmake/stm32cubemx/CMakeFiles/STM32_Drivers.dir/__/__/Drivers/STM32F1xx_HAL_Driver/Src/stm32f1xx_hal_tim_ex.c.obj
 .debug_info    0x00004016      0x76a cmake/stm32cubemx/CMakeFiles/STM32_Drivers.dir/__/__/Drivers/STM32F1xx_HAL_Driver/Src/stm32f1xx_hal.c.obj
 .debug_info    0x00004780      0x7d5 cmake/stm32cubemx/CMakeFiles/STM32_Drivers.dir/__/__/Drivers/STM32F1xx_HAL_Driver/Src/stm32f1xx_hal_rcc.c.obj
 .debug_info    0x00004f55      0x5ab cmake/stm32cubemx/CMakeFiles/STM32_Drivers.dir/__/__/Drivers/STM32F1xx_HAL_Driver/Src/stm32f1xx_hal_gpio.c.obj
 .debug_info    0x00005500      0x6d2 cmake/stm32cubemx/CMakeFiles/STM32_Drivers.dir/__/__/Drivers/STM32F1xx_HAL_Driver/Src/stm32f1xx_hal_dma.c.obj
 .debug_info    0x00005bd2      0xaed cmake/stm32cubemx/CMakeFiles/STM32_Drivers.dir/__/__/Drivers/STM32F1xx_HAL_Driver/Src/stm32f1xx_hal_cortex.c.obj
 .debug_info    0x000066bf     0x10ab cmake/stm32cubemx/CMakeFiles/STM32_Drivers.dir/__/__/Drivers/STM32F1xx_HAL_Driver/Src/stm32f1xx_hal_usart.c.obj
 .debug_info    0x0000776a     0x2eed cmake/stm32cubemx/CMakeFiles/STM32_Drivers.dir/__/__/Drivers/STM32F1xx_HAL_Driver/Src/stm32f1xx_hal_uart.c.obj
 .debug_info    0x0000a657      0xf3a Application/CMakeFiles/app.dir/Src/app.cpp.obj
 .debug_info    0x0000b591      0x82a CMakeFiles/project1_stm32.dir/Core/Src/main.c.obj
 .debug_info    0x0000bdbb      0x29b CMakeFiles/project1_stm32.dir/Core/Src/gpio.c.obj
 .debug_info    0x0000c056      0x82a CMakeFiles/project1_stm32.dir/Core/Src/tim.c.obj
 .debug_info    0x0000c880      0xbe3 CMakeFiles/project1_stm32.dir/Core/Src/usart.c.obj
 .debug_info    0x0000d463      0x94b CMakeFiles/project1_stm32.dir/Core/Src/stm32f1xx_it.c.obj
 .debug_info    0x0000ddae      0x1f1 CMakeFiles/project1_stm32.dir/Core/Src/stm32f1xx_hal_msp.c.obj
 .debug_info    0x0000df9f      0xa0e CMakeFiles/project1_stm32.dir/Core/Src/stm32f1xx_hal_timebase_tim.c.obj
 .debug_info    0x0000e9ad       0x30 CMakeFiles/project1_stm32.dir/startup_stm32f103xe.s.obj
 .debug_info    0x0000e9dd      0x2e7 MiddleWare/FreeRTOS/libfreertos.a(port.c.obj)
 .debug_info    0x0000ecc4     0x1a15 MiddleWare/FreeRTOS/libfreertos.a(tasks.c.obj)
 .debug_info    0x000106d9      0x433 MiddleWare/FreeRTOS/libfreertos.a(heap_4.c.obj)
 .debug_info    0x00010b0c      0x2af MiddleWare/FreeRTOS/libfreertos.a(list.c.obj)

.debug_abbrev   0x00000000     0x2dee
 .debug_abbrev  0x00000000      0x13f cmake/stm32cubemx/CMakeFiles/STM32_Drivers.dir/__/__/Core/Src/system_stm32f1xx.c.obj
 .debug_abbrev  0x0000013f      0x277 cmake/stm32cubemx/CMakeFiles/STM32_Drivers.dir/__/__/Drivers/STM32F1xx_HAL_Driver/Src/stm32f1xx_hal_tim.c.obj
 .debug_abbrev  0x000003b6      0x282 cmake/stm32cubemx/CMakeFiles/STM32_Drivers.dir/__/__/Drivers/STM32F1xx_HAL_Driver/Src/stm32f1xx_hal_tim_ex.c.obj
 .debug_abbrev  0x00000638      0x201 cmake/stm32cubemx/CMakeFiles/STM32_Drivers.dir/__/__/Drivers/STM32F1xx_HAL_Driver/Src/stm32f1xx_hal.c.obj
 .debug_abbrev  0x00000839      0x2b3 cmake/stm32cubemx/CMakeFiles/STM32_Drivers.dir/__/__/Drivers/STM32F1xx_HAL_Driver/Src/stm32f1xx_hal_rcc.c.obj
 .debug_abbrev  0x00000aec      0x1ca cmake/stm32cubemx/CMakeFiles/STM32_Drivers.dir/__/__/Drivers/STM32F1xx_HAL_Driver/Src/stm32f1xx_hal_gpio.c.obj
 .debug_abbrev  0x00000cb6      0x20b cmake/stm32cubemx/CMakeFiles/STM32_Drivers.dir/__/__/Drivers/STM32F1xx_HAL_Driver/Src/stm32f1xx_hal_dma.c.obj
 .debug_abbrev  0x00000ec1      0x2f8 cmake/stm32cubemx/CMakeFiles/STM32_Drivers.dir/__/__/Drivers/STM32F1xx_HAL_Driver/Src/stm32f1xx_hal_cortex.c.obj
 .debug_abbrev  0x000011b9      0x278 cmake/stm32cubemx/CMakeFiles/STM32_Drivers.dir/__/__/Drivers/STM32F1xx_HAL_Driver/Src/stm32f1xx_hal_usart.c.obj
 .debug_abbrev  0x00001431      0x2f8 cmake/stm32cubemx/CMakeFiles/STM32_Drivers.dir/__/__/Drivers/STM32F1xx_HAL_Driver/Src/stm32f1xx_hal_uart.c.obj
 .debug_abbrev  0x00001729      0x296 Application/CMakeFiles/app.dir/Src/app.cpp.obj
 .debug_abbrev  0x000019bf      0x234 CMakeFiles/project1_stm32.dir/Core/Src/main.c.obj
 .debug_abbrev  0x00001bf3      0x13f CMakeFiles/project1_stm32.dir/Core/Src/gpio.c.obj
 .debug_abbrev  0x00001d32      0x1ef CMakeFiles/project1_stm32.dir/Core/Src/tim.c.obj
 .debug_abbrev  0x00001f21      0x20a CMakeFiles/project1_stm32.dir/Core/Src/usart.c.obj
 .debug_abbrev  0x0000212b      0x1b0 CMakeFiles/project1_stm32.dir/Core/Src/stm32f1xx_it.c.obj
 .debug_abbrev  0x000022db       0xdb CMakeFiles/project1_stm32.dir/Core/Src/stm32f1xx_hal_msp.c.obj
 .debug_abbrev  0x000023b6      0x1f3 CMakeFiles/project1_stm32.dir/Core/Src/stm32f1xx_hal_timebase_tim.c.obj
 .debug_abbrev  0x000025a9       0x24 CMakeFiles/project1_stm32.dir/startup_stm32f103xe.s.obj
 .debug_abbrev  0x000025cd      0x20c MiddleWare/FreeRTOS/libfreertos.a(port.c.obj)
 .debug_abbrev  0x000027d9      0x367 MiddleWare/FreeRTOS/libfreertos.a(tasks.c.obj)
 .debug_abbrev  0x00002b40      0x1b9 MiddleWare/FreeRTOS/libfreertos.a(heap_4.c.obj)
 .debug_abbrev  0x00002cf9       0xf5 MiddleWare/FreeRTOS/libfreertos.a(list.c.obj)

.debug_aranges  0x00000000     0x10d0
 .debug_aranges
                0x00000000       0x28 cmake/stm32cubemx/CMakeFiles/STM32_Drivers.dir/__/__/Core/Src/system_stm32f1xx.c.obj
 .debug_aranges
                0x00000028      0x3d0 cmake/stm32cubemx/CMakeFiles/STM32_Drivers.dir/__/__/Drivers/STM32F1xx_HAL_Driver/Src/stm32f1xx_hal_tim.c.obj
 .debug_aranges
                0x000003f8      0x168 cmake/stm32cubemx/CMakeFiles/STM32_Drivers.dir/__/__/Drivers/STM32F1xx_HAL_Driver/Src/stm32f1xx_hal_tim_ex.c.obj
 .debug_aranges
                0x00000560       0xe0 cmake/stm32cubemx/CMakeFiles/STM32_Drivers.dir/__/__/Drivers/STM32F1xx_HAL_Driver/Src/stm32f1xx_hal.c.obj
 .debug_aranges
                0x00000640       0x90 cmake/stm32cubemx/CMakeFiles/STM32_Drivers.dir/__/__/Drivers/STM32F1xx_HAL_Driver/Src/stm32f1xx_hal_rcc.c.obj
 .debug_aranges
                0x000006d0       0x58 cmake/stm32cubemx/CMakeFiles/STM32_Drivers.dir/__/__/Drivers/STM32F1xx_HAL_Driver/Src/stm32f1xx_hal_gpio.c.obj
 .debug_aranges
                0x00000728       0x80 cmake/stm32cubemx/CMakeFiles/STM32_Drivers.dir/__/__/Drivers/STM32F1xx_HAL_Driver/Src/stm32f1xx_hal_dma.c.obj
 .debug_aranges
                0x000007a8      0x100 cmake/stm32cubemx/CMakeFiles/STM32_Drivers.dir/__/__/Drivers/STM32F1xx_HAL_Driver/Src/stm32f1xx_hal_cortex.c.obj
 .debug_aranges
                0x000008a8      0x178 cmake/stm32cubemx/CMakeFiles/STM32_Drivers.dir/__/__/Drivers/STM32F1xx_HAL_Driver/Src/stm32f1xx_hal_usart.c.obj
 .debug_aranges
                0x00000a20      0x208 cmake/stm32cubemx/CMakeFiles/STM32_Drivers.dir/__/__/Drivers/STM32F1xx_HAL_Driver/Src/stm32f1xx_hal_uart.c.obj
 .debug_aranges
                0x00000c28       0x28 Application/CMakeFiles/app.dir/Src/app.cpp.obj
 .debug_aranges
                0x00000c50       0x38 CMakeFiles/project1_stm32.dir/Core/Src/main.c.obj
 .debug_aranges
                0x00000c88       0x20 CMakeFiles/project1_stm32.dir/Core/Src/gpio.c.obj
 .debug_aranges
                0x00000ca8       0x30 CMakeFiles/project1_stm32.dir/Core/Src/tim.c.obj
 .debug_aranges
                0x00000cd8       0x48 CMakeFiles/project1_stm32.dir/Core/Src/usart.c.obj
 .debug_aranges
                0x00000d20       0x60 CMakeFiles/project1_stm32.dir/Core/Src/stm32f1xx_it.c.obj
 .debug_aranges
                0x00000d80       0x20 CMakeFiles/project1_stm32.dir/Core/Src/stm32f1xx_hal_msp.c.obj
 .debug_aranges
                0x00000da0       0x30 CMakeFiles/project1_stm32.dir/Core/Src/stm32f1xx_hal_timebase_tim.c.obj
 .debug_aranges
                0x00000dd0       0x28 CMakeFiles/project1_stm32.dir/startup_stm32f103xe.s.obj
 .debug_aranges
                0x00000df8       0x70 MiddleWare/FreeRTOS/libfreertos.a(port.c.obj)
 .debug_aranges
                0x00000e68      0x1d0 MiddleWare/FreeRTOS/libfreertos.a(tasks.c.obj)
 .debug_aranges
                0x00001038       0x58 MiddleWare/FreeRTOS/libfreertos.a(heap_4.c.obj)
 .debug_aranges
                0x00001090       0x40 MiddleWare/FreeRTOS/libfreertos.a(list.c.obj)

.debug_rnglists
                0x00000000      0xd0c
 .debug_rnglists
                0x00000000       0x1a cmake/stm32cubemx/CMakeFiles/STM32_Drivers.dir/__/__/Core/Src/system_stm32f1xx.c.obj
 .debug_rnglists
                0x0000001a      0x319 cmake/stm32cubemx/CMakeFiles/STM32_Drivers.dir/__/__/Drivers/STM32F1xx_HAL_Driver/Src/stm32f1xx_hal_tim.c.obj
 .debug_rnglists
                0x00000333      0x125 cmake/stm32cubemx/CMakeFiles/STM32_Drivers.dir/__/__/Drivers/STM32F1xx_HAL_Driver/Src/stm32f1xx_hal_tim_ex.c.obj
 .debug_rnglists
                0x00000458       0xa3 cmake/stm32cubemx/CMakeFiles/STM32_Drivers.dir/__/__/Drivers/STM32F1xx_HAL_Driver/Src/stm32f1xx_hal.c.obj
 .debug_rnglists
                0x000004fb       0x6c cmake/stm32cubemx/CMakeFiles/STM32_Drivers.dir/__/__/Drivers/STM32F1xx_HAL_Driver/Src/stm32f1xx_hal_rcc.c.obj
 .debug_rnglists
                0x00000567       0x3f cmake/stm32cubemx/CMakeFiles/STM32_Drivers.dir/__/__/Drivers/STM32F1xx_HAL_Driver/Src/stm32f1xx_hal_gpio.c.obj
 .debug_rnglists
                0x000005a6       0x64 cmake/stm32cubemx/CMakeFiles/STM32_Drivers.dir/__/__/Drivers/STM32F1xx_HAL_Driver/Src/stm32f1xx_hal_dma.c.obj
 .debug_rnglists
                0x0000060a       0xbb cmake/stm32cubemx/CMakeFiles/STM32_Drivers.dir/__/__/Drivers/STM32F1xx_HAL_Driver/Src/stm32f1xx_hal_cortex.c.obj
 .debug_rnglists
                0x000006c5      0x12a cmake/stm32cubemx/CMakeFiles/STM32_Drivers.dir/__/__/Drivers/STM32F1xx_HAL_Driver/Src/stm32f1xx_hal_usart.c.obj
 .debug_rnglists
                0x000007ef      0x1bc cmake/stm32cubemx/CMakeFiles/STM32_Drivers.dir/__/__/Drivers/STM32F1xx_HAL_Driver/Src/stm32f1xx_hal_uart.c.obj
 .debug_rnglists
                0x000009ab       0x19 Application/CMakeFiles/app.dir/Src/app.cpp.obj
 .debug_rnglists
                0x000009c4       0x26 CMakeFiles/project1_stm32.dir/Core/Src/main.c.obj
 .debug_rnglists
                0x000009ea       0x13 CMakeFiles/project1_stm32.dir/Core/Src/gpio.c.obj
 .debug_rnglists
                0x000009fd       0x20 CMakeFiles/project1_stm32.dir/Core/Src/tim.c.obj
 .debug_rnglists
                0x00000a1d       0x33 CMakeFiles/project1_stm32.dir/Core/Src/usart.c.obj
 .debug_rnglists
                0x00000a50       0x43 CMakeFiles/project1_stm32.dir/Core/Src/stm32f1xx_it.c.obj
 .debug_rnglists
                0x00000a93       0x13 CMakeFiles/project1_stm32.dir/Core/Src/stm32f1xx_hal_msp.c.obj
 .debug_rnglists
                0x00000aa6       0x20 CMakeFiles/project1_stm32.dir/Core/Src/stm32f1xx_hal_timebase_tim.c.obj
 .debug_rnglists
                0x00000ac6       0x19 CMakeFiles/project1_stm32.dir/startup_stm32f103xe.s.obj
 .debug_rnglists
                0x00000adf       0x4f MiddleWare/FreeRTOS/libfreertos.a(port.c.obj)
 .debug_rnglists
                0x00000b2e      0x171 MiddleWare/FreeRTOS/libfreertos.a(tasks.c.obj)
 .debug_rnglists
                0x00000c9f       0x42 MiddleWare/FreeRTOS/libfreertos.a(heap_4.c.obj)
 .debug_rnglists
                0x00000ce1       0x2b MiddleWare/FreeRTOS/libfreertos.a(list.c.obj)

.debug_macro    0x00000000    0x1bccb
 .debug_macro   0x00000000      0x1ad cmake/stm32cubemx/CMakeFiles/STM32_Drivers.dir/__/__/Core/Src/system_stm32f1xx.c.obj
 .debug_macro   0x000001ad      0xade cmake/stm32cubemx/CMakeFiles/STM32_Drivers.dir/__/__/Core/Src/system_stm32f1xx.c.obj
 .debug_macro   0x00000c8b       0x2e cmake/stm32cubemx/CMakeFiles/STM32_Drivers.dir/__/__/Core/Src/system_stm32f1xx.c.obj
 .debug_macro   0x00000cb9       0x22 cmake/stm32cubemx/CMakeFiles/STM32_Drivers.dir/__/__/Core/Src/system_stm32f1xx.c.obj
 .debug_macro   0x00000cdb       0x22 cmake/stm32cubemx/CMakeFiles/STM32_Drivers.dir/__/__/Core/Src/system_stm32f1xx.c.obj
 .debug_macro   0x00000cfd       0x8e cmake/stm32cubemx/CMakeFiles/STM32_Drivers.dir/__/__/Core/Src/system_stm32f1xx.c.obj
 .debug_macro   0x00000d8b       0x51 cmake/stm32cubemx/CMakeFiles/STM32_Drivers.dir/__/__/Core/Src/system_stm32f1xx.c.obj
 .debug_macro   0x00000ddc      0x103 cmake/stm32cubemx/CMakeFiles/STM32_Drivers.dir/__/__/Core/Src/system_stm32f1xx.c.obj
 .debug_macro   0x00000edf       0x6a cmake/stm32cubemx/CMakeFiles/STM32_Drivers.dir/__/__/Core/Src/system_stm32f1xx.c.obj
 .debug_macro   0x00000f49      0x1df cmake/stm32cubemx/CMakeFiles/STM32_Drivers.dir/__/__/Core/Src/system_stm32f1xx.c.obj
 .debug_macro   0x00001128       0x1c cmake/stm32cubemx/CMakeFiles/STM32_Drivers.dir/__/__/Core/Src/system_stm32f1xx.c.obj
 .debug_macro   0x00001144       0x22 cmake/stm32cubemx/CMakeFiles/STM32_Drivers.dir/__/__/Core/Src/system_stm32f1xx.c.obj
 .debug_macro   0x00001166       0xbd cmake/stm32cubemx/CMakeFiles/STM32_Drivers.dir/__/__/Core/Src/system_stm32f1xx.c.obj
 .debug_macro   0x00001223      0xd23 cmake/stm32cubemx/CMakeFiles/STM32_Drivers.dir/__/__/Core/Src/system_stm32f1xx.c.obj
 .debug_macro   0x00001f46     0xfd8c cmake/stm32cubemx/CMakeFiles/STM32_Drivers.dir/__/__/Core/Src/system_stm32f1xx.c.obj
 .debug_macro   0x00011cd2       0x6d cmake/stm32cubemx/CMakeFiles/STM32_Drivers.dir/__/__/Core/Src/system_stm32f1xx.c.obj
 .debug_macro   0x00011d3f      0x221 cmake/stm32cubemx/CMakeFiles/STM32_Drivers.dir/__/__/Core/Src/system_stm32f1xx.c.obj
 .debug_macro   0x00011f60     0x34a2 cmake/stm32cubemx/CMakeFiles/STM32_Drivers.dir/__/__/Core/Src/system_stm32f1xx.c.obj
 .debug_macro   0x00015402      0x190 cmake/stm32cubemx/CMakeFiles/STM32_Drivers.dir/__/__/Core/Src/system_stm32f1xx.c.obj
 .debug_macro   0x00015592       0x5c cmake/stm32cubemx/CMakeFiles/STM32_Drivers.dir/__/__/Core/Src/system_stm32f1xx.c.obj
 .debug_macro   0x000155ee      0x5bc cmake/stm32cubemx/CMakeFiles/STM32_Drivers.dir/__/__/Core/Src/system_stm32f1xx.c.obj
 .debug_macro   0x00015baa      0x4d5 cmake/stm32cubemx/CMakeFiles/STM32_Drivers.dir/__/__/Core/Src/system_stm32f1xx.c.obj
 .debug_macro   0x0001607f      0x1cb cmake/stm32cubemx/CMakeFiles/STM32_Drivers.dir/__/__/Core/Src/system_stm32f1xx.c.obj
 .debug_macro   0x0001624a      0x114 cmake/stm32cubemx/CMakeFiles/STM32_Drivers.dir/__/__/Core/Src/system_stm32f1xx.c.obj
 .debug_macro   0x0001635e      0x1ea cmake/stm32cubemx/CMakeFiles/STM32_Drivers.dir/__/__/Core/Src/system_stm32f1xx.c.obj
 .debug_macro   0x00016548       0x27 cmake/stm32cubemx/CMakeFiles/STM32_Drivers.dir/__/__/Core/Src/system_stm32f1xx.c.obj
 .debug_macro   0x0001656f      0x144 cmake/stm32cubemx/CMakeFiles/STM32_Drivers.dir/__/__/Core/Src/system_stm32f1xx.c.obj
 .debug_macro   0x000166b3      0x1bc cmake/stm32cubemx/CMakeFiles/STM32_Drivers.dir/__/__/Core/Src/system_stm32f1xx.c.obj
 .debug_macro   0x0001686f       0x30 cmake/stm32cubemx/CMakeFiles/STM32_Drivers.dir/__/__/Core/Src/system_stm32f1xx.c.obj
 .debug_macro   0x0001689f       0x3c cmake/stm32cubemx/CMakeFiles/STM32_Drivers.dir/__/__/Core/Src/system_stm32f1xx.c.obj
 .debug_macro   0x000168db       0x57 cmake/stm32cubemx/CMakeFiles/STM32_Drivers.dir/__/__/Core/Src/system_stm32f1xx.c.obj
 .debug_macro   0x00016932       0x87 cmake/stm32cubemx/CMakeFiles/STM32_Drivers.dir/__/__/Core/Src/system_stm32f1xx.c.obj
 .debug_macro   0x000169b9      0x24f cmake/stm32cubemx/CMakeFiles/STM32_Drivers.dir/__/__/Core/Src/system_stm32f1xx.c.obj
 .debug_macro   0x00016c08      0x140 cmake/stm32cubemx/CMakeFiles/STM32_Drivers.dir/__/__/Core/Src/system_stm32f1xx.c.obj
 .debug_macro   0x00016d48      0x8ed cmake/stm32cubemx/CMakeFiles/STM32_Drivers.dir/__/__/Core/Src/system_stm32f1xx.c.obj
 .debug_macro   0x00017635      0x28e cmake/stm32cubemx/CMakeFiles/STM32_Drivers.dir/__/__/Core/Src/system_stm32f1xx.c.obj
 .debug_macro   0x000178c3      0x217 cmake/stm32cubemx/CMakeFiles/STM32_Drivers.dir/__/__/Core/Src/system_stm32f1xx.c.obj
 .debug_macro   0x00017ada       0xb5 cmake/stm32cubemx/CMakeFiles/STM32_Drivers.dir/__/__/Core/Src/system_stm32f1xx.c.obj
 .debug_macro   0x00017b8f      0x1ae cmake/stm32cubemx/CMakeFiles/STM32_Drivers.dir/__/__/Drivers/STM32F1xx_HAL_Driver/Src/stm32f1xx_hal_tim.c.obj
 .debug_macro   0x00017d3d      0x1ad cmake/stm32cubemx/CMakeFiles/STM32_Drivers.dir/__/__/Drivers/STM32F1xx_HAL_Driver/Src/stm32f1xx_hal_tim_ex.c.obj
 .debug_macro   0x00017eea      0x1d1 cmake/stm32cubemx/CMakeFiles/STM32_Drivers.dir/__/__/Drivers/STM32F1xx_HAL_Driver/Src/stm32f1xx_hal.c.obj
 .debug_macro   0x000180bb      0x1bf cmake/stm32cubemx/CMakeFiles/STM32_Drivers.dir/__/__/Drivers/STM32F1xx_HAL_Driver/Src/stm32f1xx_hal_rcc.c.obj
 .debug_macro   0x0001827a      0x218 cmake/stm32cubemx/CMakeFiles/STM32_Drivers.dir/__/__/Drivers/STM32F1xx_HAL_Driver/Src/stm32f1xx_hal_gpio.c.obj
 .debug_macro   0x00018492      0x1ad cmake/stm32cubemx/CMakeFiles/STM32_Drivers.dir/__/__/Drivers/STM32F1xx_HAL_Driver/Src/stm32f1xx_hal_dma.c.obj
 .debug_macro   0x0001863f      0x1ad cmake/stm32cubemx/CMakeFiles/STM32_Drivers.dir/__/__/Drivers/STM32F1xx_HAL_Driver/Src/stm32f1xx_hal_cortex.c.obj
 .debug_macro   0x000187ec      0x1bc cmake/stm32cubemx/CMakeFiles/STM32_Drivers.dir/__/__/Drivers/STM32F1xx_HAL_Driver/Src/stm32f1xx_hal_usart.c.obj
 .debug_macro   0x000189a8      0x1ae cmake/stm32cubemx/CMakeFiles/STM32_Drivers.dir/__/__/Drivers/STM32F1xx_HAL_Driver/Src/stm32f1xx_hal_uart.c.obj
 .debug_macro   0x00018b56      0x32c Application/CMakeFiles/app.dir/Src/app.cpp.obj
 .debug_macro   0x00018e82       0x16 Application/CMakeFiles/app.dir/Src/app.cpp.obj
 .debug_macro   0x00018e98       0x9e Application/CMakeFiles/app.dir/Src/app.cpp.obj
 .debug_macro   0x00018f36      0x119 Application/CMakeFiles/app.dir/Src/app.cpp.obj
 .debug_macro   0x0001904f       0x16 Application/CMakeFiles/app.dir/Src/app.cpp.obj
 .debug_macro   0x00019065      0x138 Application/CMakeFiles/app.dir/Src/app.cpp.obj
 .debug_macro   0x0001919d       0xb2 Application/CMakeFiles/app.dir/Src/app.cpp.obj
 .debug_macro   0x0001924f      0x15a Application/CMakeFiles/app.dir/Src/app.cpp.obj
 .debug_macro   0x000193a9       0xe3 Application/CMakeFiles/app.dir/Src/app.cpp.obj
 .debug_macro   0x0001948c       0x1c Application/CMakeFiles/app.dir/Src/app.cpp.obj
 .debug_macro   0x000194a8       0x26 Application/CMakeFiles/app.dir/Src/app.cpp.obj
 .debug_macro   0x000194ce      0x54a Application/CMakeFiles/app.dir/Src/app.cpp.obj
 .debug_macro   0x00019a18       0xb5 Application/CMakeFiles/app.dir/Src/app.cpp.obj
 .debug_macro   0x00019acd      0x119 Application/CMakeFiles/app.dir/Src/app.cpp.obj
 .debug_macro   0x00019be6      0x1dd CMakeFiles/project1_stm32.dir/Core/Src/main.c.obj
 .debug_macro   0x00019dc3      0x1c1 CMakeFiles/project1_stm32.dir/Core/Src/gpio.c.obj
 .debug_macro   0x00019f84      0x1c1 CMakeFiles/project1_stm32.dir/Core/Src/tim.c.obj
 .debug_macro   0x0001a145      0x1c1 CMakeFiles/project1_stm32.dir/Core/Src/usart.c.obj
 .debug_macro   0x0001a306      0x22d CMakeFiles/project1_stm32.dir/Core/Src/stm32f1xx_it.c.obj
 .debug_macro   0x0001a533      0x1b7 CMakeFiles/project1_stm32.dir/Core/Src/stm32f1xx_hal_msp.c.obj
 .debug_macro   0x0001a6ea      0x1ad CMakeFiles/project1_stm32.dir/Core/Src/stm32f1xx_hal_timebase_tim.c.obj
 .debug_macro   0x0001a897      0x172 MiddleWare/FreeRTOS/libfreertos.a(port.c.obj)
 .debug_macro   0x0001aa09      0xacc MiddleWare/FreeRTOS/libfreertos.a(port.c.obj)
 .debug_macro   0x0001b4d5      0x265 MiddleWare/FreeRTOS/libfreertos.a(tasks.c.obj)
 .debug_macro   0x0001b73a      0x11c MiddleWare/FreeRTOS/libfreertos.a(tasks.c.obj)
 .debug_macro   0x0001b856       0x9b MiddleWare/FreeRTOS/libfreertos.a(tasks.c.obj)
 .debug_macro   0x0001b8f1       0x16 MiddleWare/FreeRTOS/libfreertos.a(tasks.c.obj)
 .debug_macro   0x0001b907       0x91 MiddleWare/FreeRTOS/libfreertos.a(tasks.c.obj)
 .debug_macro   0x0001b998       0x10 MiddleWare/FreeRTOS/libfreertos.a(tasks.c.obj)
 .debug_macro   0x0001b9a8      0x19f MiddleWare/FreeRTOS/libfreertos.a(heap_4.c.obj)
 .debug_macro   0x0001bb47      0x184 MiddleWare/FreeRTOS/libfreertos.a(list.c.obj)

.debug_line     0x00000000    0x13156
 .debug_line    0x00000000      0x703 cmake/stm32cubemx/CMakeFiles/STM32_Drivers.dir/__/__/Core/Src/system_stm32f1xx.c.obj
 .debug_line    0x00000703     0x3665 cmake/stm32cubemx/CMakeFiles/STM32_Drivers.dir/__/__/Drivers/STM32F1xx_HAL_Driver/Src/stm32f1xx_hal_tim.c.obj
 .debug_line    0x00003d68     0x1839 cmake/stm32cubemx/CMakeFiles/STM32_Drivers.dir/__/__/Drivers/STM32F1xx_HAL_Driver/Src/stm32f1xx_hal_tim_ex.c.obj
 .debug_line    0x000055a1      0x937 cmake/stm32cubemx/CMakeFiles/STM32_Drivers.dir/__/__/Drivers/STM32F1xx_HAL_Driver/Src/stm32f1xx_hal.c.obj
 .debug_line    0x00005ed8      0xded cmake/stm32cubemx/CMakeFiles/STM32_Drivers.dir/__/__/Drivers/STM32F1xx_HAL_Driver/Src/stm32f1xx_hal_rcc.c.obj
 .debug_line    0x00006cc5      0x996 cmake/stm32cubemx/CMakeFiles/STM32_Drivers.dir/__/__/Drivers/STM32F1xx_HAL_Driver/Src/stm32f1xx_hal_gpio.c.obj
 .debug_line    0x0000765b     0x1232 cmake/stm32cubemx/CMakeFiles/STM32_Drivers.dir/__/__/Drivers/STM32F1xx_HAL_Driver/Src/stm32f1xx_hal_dma.c.obj
 .debug_line    0x0000888d      0xb10 cmake/stm32cubemx/CMakeFiles/STM32_Drivers.dir/__/__/Drivers/STM32F1xx_HAL_Driver/Src/stm32f1xx_hal_cortex.c.obj
 .debug_line    0x0000939d     0x162f cmake/stm32cubemx/CMakeFiles/STM32_Drivers.dir/__/__/Drivers/STM32F1xx_HAL_Driver/Src/stm32f1xx_hal_usart.c.obj
 .debug_line    0x0000a9cc     0x2450 cmake/stm32cubemx/CMakeFiles/STM32_Drivers.dir/__/__/Drivers/STM32F1xx_HAL_Driver/Src/stm32f1xx_hal_uart.c.obj
 .debug_line    0x0000ce1c      0xa36 Application/CMakeFiles/app.dir/Src/app.cpp.obj
 .debug_line    0x0000d852      0x774 CMakeFiles/project1_stm32.dir/Core/Src/main.c.obj
 .debug_line    0x0000dfc6      0x692 CMakeFiles/project1_stm32.dir/Core/Src/gpio.c.obj
 .debug_line    0x0000e658      0x6fb CMakeFiles/project1_stm32.dir/Core/Src/tim.c.obj
 .debug_line    0x0000ed53      0x78d CMakeFiles/project1_stm32.dir/Core/Src/usart.c.obj
 .debug_line    0x0000f4e0      0x81d CMakeFiles/project1_stm32.dir/Core/Src/stm32f1xx_it.c.obj
 .debug_line    0x0000fcfd      0x685 CMakeFiles/project1_stm32.dir/Core/Src/stm32f1xx_hal_msp.c.obj
 .debug_line    0x00010382      0x703 CMakeFiles/project1_stm32.dir/Core/Src/stm32f1xx_hal_timebase_tim.c.obj
 .debug_line    0x00010a85       0x79 CMakeFiles/project1_stm32.dir/startup_stm32f103xe.s.obj
 .debug_line    0x00010afe      0x56f MiddleWare/FreeRTOS/libfreertos.a(port.c.obj)
 .debug_line    0x0001106d     0x14ca MiddleWare/FreeRTOS/libfreertos.a(tasks.c.obj)
 .debug_line    0x00012537      0x6e0 MiddleWare/FreeRTOS/libfreertos.a(heap_4.c.obj)
 .debug_line    0x00012c17      0x53f MiddleWare/FreeRTOS/libfreertos.a(list.c.obj)

.debug_str      0x00000000    0xa43db
 .debug_str     0x00000000    0xa43db cmake/stm32cubemx/CMakeFiles/STM32_Drivers.dir/__/__/Core/Src/system_stm32f1xx.c.obj
                              0x93175 (size before relaxing)
 .debug_str     0x000a43db        0x0 cmake/stm32cubemx/CMakeFiles/STM32_Drivers.dir/__/__/Drivers/STM32F1xx_HAL_Driver/Src/stm32f1xx_hal_tim.c.obj
                              0x945a6 (size before relaxing)
 .debug_str     0x000a43db        0x0 cmake/stm32cubemx/CMakeFiles/STM32_Drivers.dir/__/__/Drivers/STM32F1xx_HAL_Driver/Src/stm32f1xx_hal_tim_ex.c.obj
                              0x93db2 (size before relaxing)
 .debug_str     0x000a43db        0x0 cmake/stm32cubemx/CMakeFiles/STM32_Drivers.dir/__/__/Drivers/STM32F1xx_HAL_Driver/Src/stm32f1xx_hal.c.obj
                              0x9398c (size before relaxing)
 .debug_str     0x000a43db        0x0 cmake/stm32cubemx/CMakeFiles/STM32_Drivers.dir/__/__/Drivers/STM32F1xx_HAL_Driver/Src/stm32f1xx_hal_rcc.c.obj
                              0x935a4 (size before relaxing)
 .debug_str     0x000a43db        0x0 cmake/stm32cubemx/CMakeFiles/STM32_Drivers.dir/__/__/Drivers/STM32F1xx_HAL_Driver/Src/stm32f1xx_hal_gpio.c.obj
                              0x934fb (size before relaxing)
 .debug_str     0x000a43db        0x0 cmake/stm32cubemx/CMakeFiles/STM32_Drivers.dir/__/__/Drivers/STM32F1xx_HAL_Driver/Src/stm32f1xx_hal_dma.c.obj
                              0x9351e (size before relaxing)
 .debug_str     0x000a43db        0x0 cmake/stm32cubemx/CMakeFiles/STM32_Drivers.dir/__/__/Drivers/STM32F1xx_HAL_Driver/Src/stm32f1xx_hal_cortex.c.obj
                              0x938d8 (size before relaxing)
 .debug_str     0x000a43db        0x0 cmake/stm32cubemx/CMakeFiles/STM32_Drivers.dir/__/__/Drivers/STM32F1xx_HAL_Driver/Src/stm32f1xx_hal_usart.c.obj
                              0x93a25 (size before relaxing)
 .debug_str     0x000a43db        0x0 cmake/stm32cubemx/CMakeFiles/STM32_Drivers.dir/__/__/Drivers/STM32F1xx_HAL_Driver/Src/stm32f1xx_hal_uart.c.obj
                              0x93c15 (size before relaxing)
 .debug_str     0x000a43db        0x0 Application/CMakeFiles/app.dir/Src/app.cpp.obj
                              0x9e21b (size before relaxing)
 .debug_str     0x000a43db        0x0 CMakeFiles/project1_stm32.dir/Core/Src/main.c.obj
                              0x937bb (size before relaxing)
 .debug_str     0x000a43db        0x0 CMakeFiles/project1_stm32.dir/Core/Src/gpio.c.obj
                              0x931c2 (size before relaxing)
 .debug_str     0x000a43db        0x0 CMakeFiles/project1_stm32.dir/Core/Src/tim.c.obj
                              0x93750 (size before relaxing)
 .debug_str     0x000a43db        0x0 CMakeFiles/project1_stm32.dir/Core/Src/usart.c.obj
                              0x93b8e (size before relaxing)
 .debug_str     0x000a43db        0x0 CMakeFiles/project1_stm32.dir/Core/Src/stm32f1xx_it.c.obj
                              0x981f0 (size before relaxing)
 .debug_str     0x000a43db        0x0 CMakeFiles/project1_stm32.dir/Core/Src/stm32f1xx_hal_msp.c.obj
                              0x9314a (size before relaxing)
 .debug_str     0x000a43db        0x0 CMakeFiles/project1_stm32.dir/Core/Src/stm32f1xx_hal_timebase_tim.c.obj
                              0x93b21 (size before relaxing)
 .debug_str     0x000a43db        0x0 CMakeFiles/project1_stm32.dir/startup_stm32f103xe.s.obj
                                 0x8a (size before relaxing)
 .debug_str     0x000a43db        0x0 MiddleWare/FreeRTOS/libfreertos.a(port.c.obj)
                               0x90fb (size before relaxing)
 .debug_str     0x000a43db        0x0 MiddleWare/FreeRTOS/libfreertos.a(tasks.c.obj)
                               0xd4d1 (size before relaxing)
 .debug_str     0x000a43db        0x0 MiddleWare/FreeRTOS/libfreertos.a(heap_4.c.obj)
                               0xba20 (size before relaxing)
 .debug_str     0x000a43db        0x0 MiddleWare/FreeRTOS/libfreertos.a(list.c.obj)
                               0xa5fe (size before relaxing)

.debug_frame    0x00000000     0x44a4
 .debug_frame   0x00000000       0x58 cmake/stm32cubemx/CMakeFiles/STM32_Drivers.dir/__/__/Core/Src/system_stm32f1xx.c.obj
 .debug_frame   0x00000058     0x11b4 cmake/stm32cubemx/CMakeFiles/STM32_Drivers.dir/__/__/Drivers/STM32F1xx_HAL_Driver/Src/stm32f1xx_hal_tim.c.obj
 .debug_frame   0x0000120c      0x638 cmake/stm32cubemx/CMakeFiles/STM32_Drivers.dir/__/__/Drivers/STM32F1xx_HAL_Driver/Src/stm32f1xx_hal_tim_ex.c.obj
 .debug_frame   0x00001844      0x334 cmake/stm32cubemx/CMakeFiles/STM32_Drivers.dir/__/__/Drivers/STM32F1xx_HAL_Driver/Src/stm32f1xx_hal.c.obj
 .debug_frame   0x00001b78      0x218 cmake/stm32cubemx/CMakeFiles/STM32_Drivers.dir/__/__/Drivers/STM32F1xx_HAL_Driver/Src/stm32f1xx_hal_rcc.c.obj
 .debug_frame   0x00001d90      0x14c cmake/stm32cubemx/CMakeFiles/STM32_Drivers.dir/__/__/Drivers/STM32F1xx_HAL_Driver/Src/stm32f1xx_hal_gpio.c.obj
 .debug_frame   0x00001edc      0x20c cmake/stm32cubemx/CMakeFiles/STM32_Drivers.dir/__/__/Drivers/STM32F1xx_HAL_Driver/Src/stm32f1xx_hal_dma.c.obj
 .debug_frame   0x000020e8      0x428 cmake/stm32cubemx/CMakeFiles/STM32_Drivers.dir/__/__/Drivers/STM32F1xx_HAL_Driver/Src/stm32f1xx_hal_cortex.c.obj
 .debug_frame   0x00002510      0x69c cmake/stm32cubemx/CMakeFiles/STM32_Drivers.dir/__/__/Drivers/STM32F1xx_HAL_Driver/Src/stm32f1xx_hal_usart.c.obj
 .debug_frame   0x00002bac      0x944 cmake/stm32cubemx/CMakeFiles/STM32_Drivers.dir/__/__/Drivers/STM32F1xx_HAL_Driver/Src/stm32f1xx_hal_uart.c.obj
 .debug_frame   0x000034f0       0x58 Application/CMakeFiles/app.dir/Src/app.cpp.obj
 .debug_frame   0x00003548       0x8c CMakeFiles/project1_stm32.dir/Core/Src/main.c.obj
 .debug_frame   0x000035d4       0x34 CMakeFiles/project1_stm32.dir/Core/Src/gpio.c.obj
 .debug_frame   0x00003608       0x84 CMakeFiles/project1_stm32.dir/Core/Src/tim.c.obj
 .debug_frame   0x0000368c       0xd8 CMakeFiles/project1_stm32.dir/Core/Src/usart.c.obj
 .debug_frame   0x00003764       0xfc CMakeFiles/project1_stm32.dir/Core/Src/stm32f1xx_it.c.obj
 .debug_frame   0x00003860       0x38 CMakeFiles/project1_stm32.dir/Core/Src/stm32f1xx_hal_msp.c.obj
 .debug_frame   0x00003898       0x74 CMakeFiles/project1_stm32.dir/Core/Src/stm32f1xx_hal_timebase_tim.c.obj
 .debug_frame   0x0000390c      0x160 MiddleWare/FreeRTOS/libfreertos.a(port.c.obj)
 .debug_frame   0x00003a6c      0x7e8 MiddleWare/FreeRTOS/libfreertos.a(tasks.c.obj)
 .debug_frame   0x00004254      0x12c MiddleWare/FreeRTOS/libfreertos.a(heap_4.c.obj)
 .debug_frame   0x00004380       0xd8 MiddleWare/FreeRTOS/libfreertos.a(list.c.obj)
 .debug_frame   0x00004458       0x20 D:/arm32-none-none-gnueabi-toolchain/arm-gnu-toolchain-15.2.rel1-mingw-w64-x86_64-arm-none-eabi/bin/../lib/gcc/arm-none-eabi/15.2.1/../../../../arm-none-eabi/lib/thumb/v7-m/nofp\libg_nano.a(libc_a-memset.o)
 .debug_frame   0x00004478       0x2c D:/arm32-none-none-gnueabi-toolchain/arm-gnu-toolchain-15.2.rel1-mingw-w64-x86_64-arm-none-eabi/bin/../lib/gcc/arm-none-eabi/15.2.1/../../../../arm-none-eabi/lib/thumb/v7-m/nofp\libg_nano.a(libc_a-init.o)

.debug_line_str
                0x00000000       0x6e
 .debug_line_str
                0x00000000       0x6e CMakeFiles/project1_stm32.dir/startup_stm32f103xe.s.obj
