E:/demo/project1/stm32/project1_stm32/MiddleWare/FreeRTOS/Src/port.c:174:15:pxPortInitialiseStack	24	static
E:/demo/project1/stm32/project1_stm32/MiddleWare/FreeRTOS/Src/port.c:194:13:prvTaskExitError	16	static
E:/demo/project1/stm32/project1_stm32/MiddleWare/FreeRTOS/Src/port.c:220:6:SVC_Handler	0	static
E:/demo/project1/stm32/project1_stm32/MiddleWare/FreeRTOS/Src/port.c:240:13:prvPortStartFirstTask	0	static
E:/demo/project1/stm32/project1_stm32/MiddleWare/FreeRTOS/Src/port.c:261:12:xPortStartScheduler	8	static
E:/demo/project1/stm32/project1_stm32/MiddleWare/FreeRTOS/Src/port.c:358:6:vPortEndScheduler	4	static
E:/demo/project1/stm32/project1_stm32/MiddleWare/FreeRTOS/Src/port.c:366:6:vPortEnterCritical	16	static
E:/demo/project1/stm32/project1_stm32/MiddleWare/FreeRTOS/Src/port.c:383:6:vPortExitCritical	16	static
E:/demo/project1/stm32/project1_stm32/MiddleWare/FreeRTOS/Src/port.c:395:6:PendSV_Handler	0	static
E:/demo/project1/stm32/project1_stm32/MiddleWare/FreeRTOS/Src/port.c:432:6:xPortSysTickHandler	16	static
E:/demo/project1/stm32/project1_stm32/MiddleWare/FreeRTOS/Src/port.c:626:32:vPortSetupTimerInterrupt	4	static
